Archive member included because of file (symbol)

contiki-sky.a(er-coap-engine.)
                              food_vending_machine.co (coap_rest_implementation)
contiki-sky.a(er-coap-transac)
                              contiki-sky.a(er-coap-engine.) (coap_register_as_transaction_handler)
contiki-sky.a(er-coap-observe)
                              contiki-sky.a(er-coap-transac) (coap_remove_observer_by_client)
contiki-sky.a(er-coap-res-wel)
                              contiki-sky.a(er-coap-engine.) (res_well_known_core)
contiki-sky.a(rest-engine.o)  food_vending_machine.co (rest_init_engine)
contiki-sky.a(contiki-sky-pla)
                              obj_sky/contiki-sky-main.o (init_platform)
contiki-sky.a(button-sensor.o)
                              contiki-sky.a(contiki-sky-pla) (button_sensor)
contiki-sky.a(ds2411.o)       obj_sky/contiki-sky-main.o (ds2411_init)
contiki-sky.a(xmem.o)         obj_sky/contiki-sky-main.o (xmem_init)
contiki-sky.a(node-id.o)      obj_sky/contiki-sky-main.o (node_id_restore)
contiki-sky.a(sensors.o)      contiki-sky.a(button-sensor.o) (sensors_changed)
contiki-sky.a(cc2420.o)       obj_sky/contiki-sky-main.o (cc2420_set_pan_addr)
contiki-sky.a(cc2420-arch.o)  contiki-sky.a(cc2420.o) (cc2420_arch_init)
contiki-sky.a(uart1.o)        obj_sky/contiki-sky-main.o (uart1_active)
contiki-sky.a(uart1-putchar.o)
                              obj_sky/contiki-sky-main.o (putchar)
contiki-sky.a(msp430.o)       contiki-sky.a(uart1.o) (msp430_add_lpm_req)
contiki-sky.a(clock.o)        obj_sky/contiki-sky-main.o (clock_init)
contiki-sky.a(leds.o)         obj_sky/contiki-sky-main.o (leds_init)
contiki-sky.a(leds-arch.o)    contiki-sky.a(leds.o) (leds_arch_init)
contiki-sky.a(watchdog.o)     obj_sky/contiki-sky-main.o (watchdog_start)
contiki-sky.a(rtimer-arch.o)  obj_sky/contiki-sky-main.o (rtimer_arch_now)
contiki-sky.a(autostart.o)    obj_sky/contiki-sky-main.o (autostart_start)
contiki-sky.a(ctimer.o)       obj_sky/contiki-sky-main.o (ctimer_init)
contiki-sky.a(energest.o)     obj_sky/contiki-sky-main.o (energest_init)
contiki-sky.a(etimer.o)       contiki-sky.a(clock.o) (etimer_request_poll)
contiki-sky.a(process.o)      food_vending_machine.co (process_current)
contiki-sky.a(rtimer.o)       obj_sky/contiki-sky-main.o (rtimer_init)
contiki-sky.a(timer.o)        obj_sky/contiki-sky-main.o (timer_set)
contiki-sky.a(list.o)         contiki-sky.a(rest-engine.o) (list_init)
contiki-sky.a(memb.o)         contiki-sky.a(er-coap-transac) (memb_alloc)
contiki-sky.a(random.o)       obj_sky/contiki-sky-main.o (random_init)
contiki-sky.a(sicslowpan.o)   obj_sky/contiki-sky-main.o (sicslowpan_driver)
contiki-sky.a(uip6.o)         contiki-sky.a(er-coap-engine.) (uip_aligned_buf)
contiki-sky.a(uip-ds6.o)      contiki-sky.a(uip6.o) (uip_ds6_is_addr_onlink)
contiki-sky.a(uip-ds6-nbr.o)  contiki-sky.a(uip-ds6.o) (uip_ds6_neighbors_init)
contiki-sky.a(uip-ds6-route.o)
                              contiki-sky.a(uip-ds6.o) (uip_ds6_route_init)
contiki-sky.a(uip-icmp6.o)    contiki-sky.a(uip6.o) (uip_icmp6_input)
contiki-sky.a(uip-nd6.o)      contiki-sky.a(uip6.o) (uip_nd6_init)
contiki-sky.a(tcpip.o)        contiki-sky.a(sicslowpan.o) (tcpip_set_outputfunc)
contiki-sky.a(uip-debug.o)    contiki-sky.a(uip-ds6-route.o) (uip_debug_ipaddr_print)
contiki-sky.a(rpl.o)          contiki-sky.a(uip-ds6-nbr.o) (rpl_link_neighbor_callback)
contiki-sky.a(rpl-dag.o)      contiki-sky.a(rpl.o) (default_instance)
contiki-sky.a(rpl-ext-header.)
                              contiki-sky.a(uip6.o) (rpl_verify_header)
contiki-sky.a(rpl-icmp6.o)    contiki-sky.a(rpl.o) (dao_output_target)
contiki-sky.a(rpl-mrhof.o)    contiki-sky.a(rpl.o) (rpl_mrhof)
contiki-sky.a(rpl-timers.o)   contiki-sky.a(rpl.o) (rpl_reset_periodic_timer)
contiki-sky.a(framer-802154.o)
                              contiki-sky.a(sicslowpan.o) (framer_802154)
contiki-sky.a(framer.o)       contiki-sky.a(framer-802154.o) (framer_canonical_create_and_secure)
contiki-sky.a(nullmac.o)      obj_sky/contiki-sky-main.o (nullmac_driver)
contiki-sky.a(nullrdc.o)      obj_sky/contiki-sky-main.o (nullrdc_driver)
contiki-sky.a(linkaddr.o)     obj_sky/contiki-sky-main.o (linkaddr_copy)
contiki-sky.a(nbr-table.o)    contiki-sky.a(uip-ds6-nbr.o) (nbr_table_register)
contiki-sky.a(packetbuf.o)    contiki-sky.a(framer.o) (packetbuf_compact)
contiki-sky.a(queuebuf.o)     obj_sky/contiki-sky-main.o (queuebuf_init)
contiki-sky.a(nullsec.o)      obj_sky/contiki-sky-main.o (nullsec_driver)
contiki-sky.a(er-coap.o)      contiki-sky.a(er-coap-engine.) (coap_init_connection)
contiki-sky.a(spi.o)          contiki-sky.a(xmem.o) (spi_init)
contiki-sky.a(stimer.o)       contiki-sky.a(uip-ds6.o) (stimer_set)
contiki-sky.a(uip-udp-packet.)
                              contiki-sky.a(er-coap.o) (uip_udp_packet_send)
contiki-sky.a(frame802154.o)  contiki-sky.a(framer-802154.o) (frame802154_hdrlen)
contiki-sky.a(mac.o)          contiki-sky.a(nullrdc.o) (mac_call_sent_callback)
[...]
Memory Configuration

Name             Origin             Length             Attributes
sfr              0x00000000         0x00000010
peripheral_8bit  0x00000010         0x000000f0
peripheral_16bit 0x00000100         0x00000100
ram_mirror       0x00000200         0x00000800         xw
infomem          0x00001000         0x00000100
infob            0x00001000         0x00000080
infoa            0x00001080         0x00000080
ram              0x00001100         0x00002800         xw
rom              0x00004000         0x0000bfe0         xr
vectors          0x0000ffe0         0x00000020
bsl              0x00000000         0x00000000
infoc            0x00000000         0x00000000
infod            0x00000000         0x00000000
ram2             0x00000000         0x00000000         xw
usbram           0x00000000         0x00000000         xw
far_rom          0x00000000         0x00000000
*default*        0x00000000         0xffffffff

Linker script and memory map

LOAD /usr/local/msp430/bin/../lib/gcc/msp430/4.7.0/mmpy-16/crt0ivtbl16.o
LOAD food_vending_machine.co
LOAD obj_sky/contiki-sky-main.o
LOAD contiki-sky.a
LOAD /usr/local/msp430/bin/../lib/gcc/msp430/4.7.0/mmpy-16/libgcc.a
LOAD /usr/local/msp430/bin/../lib/gcc/msp430/4.7.0/../../../../msp430/lib/mmpy-16/libc.a
LOAD /usr/local/msp430/bin/../lib/gcc/msp430/4.7.0/mmpy-16/libgcc.a
LOAD /usr/local/msp430/bin/../lib/gcc/msp430/4.7.0/mmpy-16/libcrt0.a
                0x00000080                PROVIDE (__info_segment_size, 0x80)
                0x00001000                PROVIDE (__infob, 0x1000)
                0x00001080                PROVIDE (__infoa, 0x1080)
                0x00000000                __IE1 = 0x0
                0x00000002                __IFG1 = 0x2
                0x00000004                __ME1 = 0x4
                0x00000001                __IE2 = 0x1
                0x00000003                __IFG2 = 0x3
                0x00000005                __ME2 = 0x5
                0x00000120                __WDTCTL = 0x120
                0x00000130                __MPY = 0x130
                0x00000132                __MPYS = 0x132
                0x00000134                __MAC = 0x134
                0x00000136                __MACS = 0x136
                0x00000138                __OP2 = 0x138
                0x0000013a                __RESLO = 0x13a
                0x0000013c                __RESHI = 0x13c
                0x0000013e                __SUMEXT = 0x13e
                0x00000020                __P1IN = 0x20
                0x00000021                __P1OUT = 0x21
                0x00000022                __P1DIR = 0x22
                0x00000023                __P1IFG = 0x23
                0x00000024                __P1IES = 0x24
                0x00000025                __P1IE = 0x25
                0x00000026                __P1SEL = 0x26
                0x00000028                __P2IN = 0x28
                0x00000029                __P2OUT = 0x29
                0x0000002a                __P2DIR = 0x2a
                0x0000002b                __P2IFG = 0x2b
                0x0000002c                __P2IES = 0x2c
                0x0000002d                __P2IE = 0x2d
                0x0000002e                __P2SEL = 0x2e
                0x00000018                __P3IN = 0x18
                0x00000019                __P3OUT = 0x19
                0x0000001a                __P3DIR = 0x1a
                0x0000001b                __P3SEL = 0x1b
                0x0000001c                __P4IN = 0x1c
                0x0000001d                __P4OUT = 0x1d
                0x0000001e                __P4DIR = 0x1e
                0x0000001f                __P4SEL = 0x1f
                0x00000030                __P5IN = 0x30
                0x00000031                __P5OUT = 0x31
                0x00000032                __P5DIR = 0x32
                0x00000033                __P5SEL = 0x33
                0x00000034                __P6IN = 0x34
                0x00000035                __P6OUT = 0x35
                0x00000036                __P6DIR = 0x36
                0x00000037                __P6SEL = 0x37
                0x00000070                __U0CTL = 0x70
                0x00000071                __U0TCTL = 0x71
                0x00000072                __U0RCTL = 0x72
                0x00000073                __U0MCTL = 0x73
                0x00000074                __U0BR0 = 0x74
                0x00000075                __U0BR1 = 0x75
                0x00000076                __U0RXBUF = 0x76
                0x00000077                __U0TXBUF = 0x77
                0x00000078                __U1CTL = 0x78
                0x00000079                __U1TCTL = 0x79
                0x0000007a                __U1RCTL = 0x7a
                0x0000007b                __U1MCTL = 0x7b
                0x0000007c                __U1BR0 = 0x7c
                0x0000007d                __U1BR1 = 0x7d
                0x0000007e                __U1RXBUF = 0x7e
                0x0000007f                __U1TXBUF = 0x7f
                0x00000050                __I2CIE = 0x50
                0x00000051                __I2CIFG = 0x51
                0x00000052                __I2CNDAT = 0x52
                0x00000071                __I2CTCTL = 0x71
                0x00000072                __I2CDCTL = 0x72
                0x00000073                __I2CPSC = 0x73
                0x00000074                __I2CSCLH = 0x74
                0x00000075                __I2CSCLL = 0x75
                0x00000076                __I2CDRB = 0x76
                0x00000076                __I2CDRW = 0x76
                0x00000118                __I2COA = 0x118
                0x0000011a                __I2CSA = 0x11a
                0x0000011c                __I2CIV = 0x11c
                0x0000012e                __TAIV = 0x12e
                0x00000160                __TACTL = 0x160
                0x00000162                __TACCTL0 = 0x162
                0x00000164                __TACCTL1 = 0x164
                0x00000166                __TACCTL2 = 0x166
                0x00000170                __TAR = 0x170
                0x00000172                __TACCR0 = 0x172
                0x00000174                __TACCR1 = 0x174
                0x00000176                __TACCR2 = 0x176
                0x0000011e                __TBIV = 0x11e
                0x00000180                __TBCTL = 0x180
                0x00000182                __TBCCTL0 = 0x182
                0x00000184                __TBCCTL1 = 0x184
                0x00000186                __TBCCTL2 = 0x186
                0x00000188                __TBCCTL3 = 0x188
                0x0000018a                __TBCCTL4 = 0x18a
                0x0000018c                __TBCCTL5 = 0x18c
                0x0000018e                __TBCCTL6 = 0x18e
                0x00000190                __TBR = 0x190
                0x00000192                __TBCCR0 = 0x192
                0x00000194                __TBCCR1 = 0x194
                0x00000196                __TBCCR2 = 0x196
                0x00000198                __TBCCR3 = 0x198
                0x0000019a                __TBCCR4 = 0x19a
                0x0000019c                __TBCCR5 = 0x19c
                0x0000019e                __TBCCR6 = 0x19e
                0x00000056                __DCOCTL = 0x56
                0x00000057                __BCSCTL1 = 0x57
                0x00000058                __BCSCTL2 = 0x58
                0x00000055                __SVSCTL = 0x55
                0x00000128                __FCTL1 = 0x128
                0x0000012a                __FCTL2 = 0x12a
                0x0000012c                __FCTL3 = 0x12c
                0x00000059                __CACTL1 = 0x59
                0x0000005a                __CACTL2 = 0x5a
                0x0000005b                __CAPD = 0x5b
                0x000001a0                __ADC12CTL0 = 0x1a0
                0x000001a2                __ADC12CTL1 = 0x1a2
                0x000001a4                __ADC12IFG = 0x1a4
                0x000001a6                __ADC12IE = 0x1a6
                0x000001a8                __ADC12IV = 0x1a8
                0x00000140                __ADC12MEM0 = 0x140
                0x00000142                __ADC12MEM1 = 0x142
                0x00000144                __ADC12MEM2 = 0x144
                0x00000146                __ADC12MEM3 = 0x146
                0x00000148                __ADC12MEM4 = 0x148
                0x0000014a                __ADC12MEM5 = 0x14a
                0x0000014c                __ADC12MEM6 = 0x14c
                0x0000014e                __ADC12MEM7 = 0x14e
                0x00000150                __ADC12MEM8 = 0x150
                0x00000152                __ADC12MEM9 = 0x152
                0x00000154                __ADC12MEM10 = 0x154
                0x00000156                __ADC12MEM11 = 0x156
                0x00000158                __ADC12MEM12 = 0x158
                0x0000015a                __ADC12MEM13 = 0x15a
                0x0000015c                __ADC12MEM14 = 0x15c
                0x0000015e                __ADC12MEM15 = 0x15e
                0x00000080                __ADC12MCTL0 = 0x80
                0x00000081                __ADC12MCTL1 = 0x81
                0x00000082                __ADC12MCTL2 = 0x82
                0x00000083                __ADC12MCTL3 = 0x83
                0x00000084                __ADC12MCTL4 = 0x84
                0x00000085                __ADC12MCTL5 = 0x85
                0x00000086                __ADC12MCTL6 = 0x86
                0x00000087                __ADC12MCTL7 = 0x87
                0x00000088                __ADC12MCTL8 = 0x88
                0x00000089                __ADC12MCTL9 = 0x89
                0x0000008a                __ADC12MCTL10 = 0x8a
                0x0000008b                __ADC12MCTL11 = 0x8b
                0x0000008c                __ADC12MCTL12 = 0x8c
                0x0000008d                __ADC12MCTL13 = 0x8d
                0x0000008e                __ADC12MCTL14 = 0x8e
                0x0000008f                __ADC12MCTL15 = 0x8f
                0x000001c0                __DAC12_0CTL = 0x1c0
                0x000001c2                __DAC12_1CTL = 0x1c2
                0x000001c8                __DAC12_0DAT = 0x1c8
                0x000001ca                __DAC12_1DAT = 0x1ca
                0x00000122                __DMACTL0 = 0x122
                0x00000124                __DMACTL1 = 0x124
                0x000001e0                __DMA0CTL = 0x1e0
                0x000001e8                __DMA1CTL = 0x1e8
                0x000001f0                __DMA2CTL = 0x1f0
                0x000001e2                __DMA0SA = 0x1e2
                0x000001e4                __DMA0DA = 0x1e4
                0x000001e6                __DMA0SZ = 0x1e6
                0x000001ea                __DMA1SA = 0x1ea
                0x000001ec                __DMA1DA = 0x1ec
                0x000001ee                __DMA1SZ = 0x1ee
                0x000001f2                __DMA2SA = 0x1f2
                0x000001f4                __DMA2DA = 0x1f4
                0x000001f6                __DMA2SZ = 0x1f6

.hash
 *(.hash)

.dynsym
 *(.dynsym)

.dynstr
 *(.dynstr)

.gnu.version
 *(.gnu.version)

.gnu.version_d
 *(.gnu.version_d)

.gnu.version_r
 *(.gnu.version_r)

.rel.init
 *(.rel.init)

.rela.init
 *(.rela.init)

.rel.fini
 *(.rel.fini)

.rela.fini
 *(.rela.fini)

.rel.text
 *(.rel.text .rel.text.* .rel.gnu.linkonce.t.*)

.rela.text
 *(.rela.text .rela.text.* .rela.gnu.linkonce.t.*)

.rel.rodata
 *(.rel.rodata .rel.rodata.* .rel.gnu.linkonce.r.*)

.rela.rodata
 *(.rela.rodata .rela.rodata.* .rela.gnu.linkonce.r.*)

.rel.data
 *(.rel.data .rel.data.* .rel.gnu.linkonce.d.*)

.rela.data
 *(.rela.data .rela.data.* .rela.gnu.linkonce.d.*)

.rel.bss
 *(.rel.bss .rel.bss.* .rel.gnu.linkonce.b.*)

.rela.bss
 *(.rela.bss .rela.bss.* .rela.gnu.linkonce.b.*)

.rel.ctors
 *(.rel.ctors)

.rela.ctors
 *(.rela.ctors)

.rel.dtors
 *(.rel.dtors)

.rela.dtors
 *(.rela.dtors)

.rel.got
 *(.rel.got)

.rela.got
 *(.rela.got)

.rel.plt
 *(.rel.plt)

.rela.plt
 *(.rela.plt)

.text           0x00004000     0xadd4
                0x00004000                . = ALIGN (0x2)
 *(.init .init.*)
 *(.init0)
 .init0         0x00004000        0x0 /usr/local/msp430/bin/../lib/gcc/msp430/4.7.0/mmpy-16/libcrt0.a(_reset_vector__.o)
                0x00004000                _reset_vector__
 *(.init1)
 .init1         0x00004000        0xc /usr/local/msp430/bin/../lib/gcc/msp430/4.7.0/mmpy-16/libcrt0.a(__watchdog_support.o)
                0x00004000                __watchdog_support
 *(.init2)
 .init2         0x0000400c        0x4 /usr/local/msp430/bin/../lib/gcc/msp430/4.7.0/mmpy-16/libcrt0.a(__init_stack.o)
                0x0000400c                __init_stack
 *(.init3)
 .init3         0x00004010        0x0 /usr/local/msp430/bin/../lib/gcc/msp430/4.7.0/mmpy-16/libcrt0.a(__low_level_init.o)
                0x00004010                __low_level_init
 *(.init4)
 .init4         0x00004010       0x18 /usr/local/msp430/bin/../lib/gcc/msp430/4.7.0/mmpy-16/libcrt0.a(_copy_data.o)
                0x00004010                __do_copy_data
 .init4         0x00004028       0x16 /usr/local/msp430/bin/../lib/gcc/msp430/4.7.0/mmpy-16/libcrt0.a(_clear_bss.o)
                0x00004028                __do_clear_bss
 *(.init5)
 *(.init6)
 *(.init7)
 *(.init8)
 *(.init9)
 .init9         0x0000403e      0x2d6 obj_sky/contiki-sky-main.o
                0x0000403e                main
 *(.fini9)
 .fini9         0x00004314        0x0 /usr/local/msp430/bin/../lib/gcc/msp430/4.7.0/mmpy-16/libcrt0.a(__stop_progExec__.o)
                0x00004314                __stop_progExec__
 *(.fini8)
 *(.fini7)
 *(.fini6)
 *(.fini5)
 *(.fini4)
 *(.fini3)
 *(.fini2)
 *(.fini1)
 *(.fini0)
 .fini0         0x00004314        0x6 /usr/local/msp430/bin/../lib/gcc/msp430/4.7.0/mmpy-16/libcrt0.a(_endless_loop__.o)
                0x00004314                _endless_loop__
 *(.fini .fini.*)
                0x0000431a                . = ALIGN (0x2)
                0x0000431a                __ctors_start = .
 *(.ctors)
                0x0000431a                __ctors_end = .
                0x0000431a                __dtors_start = .
 *(.dtors)
                0x0000431a                __dtors_end = .
                0x0000431a                . = ALIGN (0x2)
 *(.text .text.* .gnu.linkonce.t.*)
 .text          0x0000431a        0x4 /usr/local/msp430/bin/../lib/gcc/msp430/4.7.0/mmpy-16/crt0ivtbl16.o
                0x0000431a                __isr_14
                0x0000431a                __isr_11
                0x0000431a                __isr_2
                0x0000431a                __isr_7
                0x0000431a                __isr_0
                0x0000431a                __isr_8
                0x0000431a                __isr_3
                0x0000431a                __isr_12
                0x0000431a                __isr_13
                0x0000431a                __isr_9
 .text.process_thread_server
                0x0000431e       0x6a food_vending_machine.co
 .text.res_get_handler
                0x00004388       0x4a food_vending_machine.co
 .text.id_get_handler
                0x000043d2       0x92 food_vending_machine.co
                0x000043d2                id_get_handler
 .text.id_put_handler
                0x00004464       0x62 food_vending_machine.co
                0x00004464                id_put_handler
 .text.start_network_layer
                0x000044c6       0xa2 obj_sky/contiki-sky-main.o
 .text.coap_set_service_callback
                0x00004568        0x6 contiki-sky.a(er-coap-engine.)
                0x00004568                coap_set_service_callback
 .text.coap_get_rest_method
                0x0000456e       0x18 contiki-sky.a(er-coap-engine.)
                0x0000456e                coap_get_rest_method
 .text.process_thread_coap_engine
                0x00004586      0x428 contiki-sky.a(er-coap-engine.)
 .text.coap_init_engine
                0x000049ae        0xc contiki-sky.a(er-coap-engine.)
                0x000049ae                coap_init_engine
 .text.coap_register_as_transaction_handler
                0x000049ba        0x8 contiki-sky.a(er-coap-transac)
                0x000049ba                coap_register_as_transaction_handler
 .text.coap_new_transaction
                0x000049c2       0x4e contiki-sky.a(er-coap-transac)
                0x000049c2                coap_new_transaction
 .text.coap_clear_transaction
                0x00004a10       0x26 contiki-sky.a(er-coap-transac)
                0x00004a10                coap_clear_transaction
 .text.coap_send_transaction
                0x00004a36       0xc4 contiki-sky.a(er-coap-transac)
                0x00004a36                coap_send_transaction
 .text.coap_get_transaction_by_mid
                0x00004afa       0x1e contiki-sky.a(er-coap-transac)
                0x00004afa                coap_get_transaction_by_mid
 .text.coap_check_transactions
                0x00004b18       0x2e contiki-sky.a(er-coap-transac)
                0x00004b18                coap_check_transactions
 .text.coap_remove_observer
                0x00004b46       0x1c contiki-sky.a(er-coap-observe)
                0x00004b46                coap_remove_observer
 .text.coap_remove_observer_by_client
                0x00004b62       0x4c contiki-sky.a(er-coap-observe)
                0x00004b62                coap_remove_observer_by_client
 .text.coap_remove_observer_by_token
                0x00004bae       0x72 contiki-sky.a(er-coap-observe)
                0x00004bae                coap_remove_observer_by_token
 .text.coap_remove_observer_by_uri
                0x00004c20       0x76 contiki-sky.a(er-coap-observe)
                0x00004c20                coap_remove_observer_by_uri
 .text.coap_add_observer
                0x00004c96       0x6c contiki-sky.a(er-coap-observe)
                0x00004c96                coap_add_observer
 .text.coap_remove_observer_by_mid
                0x00004d02       0x58 contiki-sky.a(er-coap-observe)
                0x00004d02                coap_remove_observer_by_mid
 .text.coap_notify_observers
                0x00004d5a       0xec contiki-sky.a(er-coap-observe)
                0x00004d5a                coap_notify_observers
 .text.coap_observe_handler
                0x00004e46       0xbe contiki-sky.a(er-coap-observe)
                0x00004e46                coap_observe_handler
 .text.well_known_core_get_handler
                0x00004f04      0x276 contiki-sky.a(er-coap-res-wel)
                0x00004f04                well_known_core_get_handler
 .text.process_thread_rest_engine_process
                0x0000517a       0xc6 contiki-sky.a(rest-engine.o)
 .text.rest_invoke_restful_service
                0x00005240      0x134 contiki-sky.a(rest-engine.o)
                0x00005240                rest_invoke_restful_service
 .text.rest_init_engine
                0x00005374       0x26 contiki-sky.a(rest-engine.o)
                0x00005374                rest_init_engine
 .text.rest_activate_resource
                0x0000539a       0x3c contiki-sky.a(rest-engine.o)
                0x0000539a                rest_activate_resource
 .text.rest_get_resources
                0x000053d6        0x6 contiki-sky.a(rest-engine.o)
                0x000053d6                rest_get_resources
 .text.init_platform
                0x000053dc        0xc contiki-sky.a(contiki-sky-pla)
                0x000053dc                init_platform
 .text.status   0x000053e8       0x18 contiki-sky.a(button-sensor.o)
 .text.value    0x00005400       0x20 contiki-sky.a(button-sensor.o)
 .text.configure
                0x00005420       0x4c contiki-sky.a(button-sensor.o)
 .text.irq_p2   0x0000546c       0x88 contiki-sky.a(button-sensor.o)
                0x0000546c                irq_p2
                0x0000546c                __isr_1
 .text.owreadb  0x000054f4       0x50 contiki-sky.a(ds2411.o)
 .text.ds2411_init
                0x00005544      0x120 contiki-sky.a(ds2411.o)
                0x00005544                ds2411_init
 .text.wait_ready
                0x00005664       0x4a contiki-sky.a(xmem.o)
 .text.xmem_init
                0x000056ae       0x3c contiki-sky.a(xmem.o)
                0x000056ae                xmem_init
 .text.xmem_pread
                0x000056ea       0xe0 contiki-sky.a(xmem.o)
                0x000056ea                xmem_pread
 .text.node_id_restore
                0x000057ca       0x38 contiki-sky.a(node-id.o)
                0x000057ca                node_id_restore
 .text.process_thread_sensors_process
                0x00005802       0xc2 contiki-sky.a(sensors.o)
 .text.sensors_changed
                0x000058c4       0x2a contiki-sky.a(sensors.o)
                0x000058c4                sensors_changed
 .text.get_object
                0x000058ee        0x4 contiki-sky.a(cc2420.o)
 .text.set_object
                0x000058f2        0x4 contiki-sky.a(cc2420.o)
 .text.strobe   0x000058f6       0x1c contiki-sky.a(cc2420.o)
 .text.getreg   0x00005912       0x4c contiki-sky.a(cc2420.o)
 .text.setreg   0x0000595e       0x4c contiki-sky.a(cc2420.o)
 .text.write_ram
                0x000059aa       0x7c contiki-sky.a(cc2420.o)
 .text.write_fifo_buf
                0x00005a26       0x3c contiki-sky.a(cc2420.o)
 .text.get_status
                0x00005a62       0x20 contiki-sky.a(cc2420.o)
 .text.set_txpower
                0x00005a82       0x24 contiki-sky.a(cc2420.o)
 .text.cc2420_receiving_packet
                0x00005aa6        0xc contiki-sky.a(cc2420.o)
 .text.pending_packet
                0x00005ab2        0x8 contiki-sky.a(cc2420.o)
 .text.on       0x00005aba       0x1e contiki-sky.a(cc2420.o)
 .text.wait_for_transmission
                0x00005ad8       0x22 contiki-sky.a(cc2420.o)
 .text.wait_for_status
                0x00005afa       0x28 contiki-sky.a(cc2420.o)
 .text.getrxdata
                0x00005b22       0x50 contiki-sky.a(cc2420.o)
 .text.flushrx  0x00005b72       0x1a contiki-sky.a(cc2420.o)
 .text.off      0x00005b8c       0x56 contiki-sky.a(cc2420.o)
 .text.RELEASE_LOCK
                0x00005be2       0x28 contiki-sky.a(cc2420.o)
 .text.set_key  0x00005c0a       0x18 contiki-sky.a(cc2420.o)
 .text.cc2420_prepare
                0x00005c22       0x3c contiki-sky.a(cc2420.o)
 .text.cc2420_on
                0x00005c5e       0x22 contiki-sky.a(cc2420.o)
                0x00005c5e                cc2420_on
 .text.cc2420_off
                0x00005c80       0x30 contiki-sky.a(cc2420.o)
                0x00005c80                cc2420_off
 .text.cc2420_cca
                0x00005cb0       0x68 contiki-sky.a(cc2420.o)
 .text.cc2420_read
                0x00005d18       0xac contiki-sky.a(cc2420.o)
 .text.process_thread_cc2420_process
                0x00005dc4       0x54 contiki-sky.a(cc2420.o)
 .text.encrypt  0x00005e18       0x88 contiki-sky.a(cc2420.o)
 .text.cc2420_set_channel
                0x00005ea0       0x3c contiki-sky.a(cc2420.o)
                0x00005ea0                cc2420_set_channel
 .text.cc2420_set_pan_addr
                0x00005edc       0x4c contiki-sky.a(cc2420.o)
                0x00005edc                cc2420_set_pan_addr
 .text.cc2420_interrupt
                0x00005f28       0x16 contiki-sky.a(cc2420.o)
                0x00005f28                cc2420_interrupt
 .text.cc2420_set_txpower
                0x00005f3e        0xe contiki-sky.a(cc2420.o)
                0x00005f3e                cc2420_set_txpower
 .text.cc2420_get_txpower
                0x00005f4c       0x1e contiki-sky.a(cc2420.o)
                0x00005f4c                cc2420_get_txpower
 .text.cc2420_transmit
                0x00005f6a      0x110 contiki-sky.a(cc2420.o)
 .text.cc2420_send
                0x0000607a       0x12 contiki-sky.a(cc2420.o)
 .text.cc2420_rssi
                0x0000608c       0x4c contiki-sky.a(cc2420.o)
                0x0000608c                cc2420_rssi
 .text.get_value
                0x000060d8       0xa8 contiki-sky.a(cc2420.o)
 .text.cc2420_set_cca_threshold
                0x00006180       0x16 contiki-sky.a(cc2420.o)
                0x00006180                cc2420_set_cca_threshold
 .text.set_value
                0x00006196       0x86 contiki-sky.a(cc2420.o)
 .text.cc2420_init
                0x0000621c       0xd8 contiki-sky.a(cc2420.o)
                0x0000621c                cc2420_init
 .text.cc2420_port1_interrupt
                0x000062f4       0x62 contiki-sky.a(cc2420-arch.o)
                0x000062f4                __isr_4
                0x000062f4                cc2420_port1_interrupt
 .text.cc2420_arch_init
                0x00006356       0x1a contiki-sky.a(cc2420-arch.o)
                0x00006356                cc2420_arch_init
 .text.uart1_active
                0x00006370       0x18 contiki-sky.a(uart1.o)
                0x00006370                uart1_active
 .text.uart1_writeb
                0x00006388       0x18 contiki-sky.a(uart1.o)
                0x00006388                uart1_writeb
 .text.uart1_init
                0x000063a0       0xf4 contiki-sky.a(uart1.o)
                0x000063a0                uart1_init
 .text.putchar  0x00006494       0x10 contiki-sky.a(uart1-putchar.o)
                0x00006494                putchar
 .text.msp430_init_dco
                0x000064a4       0x82 contiki-sky.a(msp430.o)
                0x000064a4                msp430_init_dco
 .text.msp430_add_lpm_req
                0x00006526        0xc contiki-sky.a(msp430.o)
                0x00006526                msp430_add_lpm_req
 .text.msp430_cpu_init
                0x00006532       0x2a contiki-sky.a(msp430.o)
                0x00006532                msp430_cpu_init
 .text.splhigh_
                0x0000655c        0x8 contiki-sky.a(msp430.o)
                0x0000655c                splhigh_
 .text.msp430_sync_dco
                0x00006564       0x6c contiki-sky.a(msp430.o)
                0x00006564                msp430_sync_dco
 .text.timera1  0x000065d0      0x11e contiki-sky.a(clock.o)
                0x000065d0                __isr_5
                0x000065d0                timera1
 .text.clock_time
                0x000066ee       0x1a contiki-sky.a(clock.o)
                0x000066ee                clock_time
 .text.clock_init
                0x00006708       0x28 contiki-sky.a(clock.o)
                0x00006708                clock_init
 .text.clock_delay
                0x00006730        0xc contiki-sky.a(clock.o)
                0x00006730                clock_delay
 .text.clock_seconds
                0x0000673c       0x1a contiki-sky.a(clock.o)
                0x0000673c                clock_seconds
 .text.show_leds
                0x00006756       0xf0 contiki-sky.a(leds.o)
 .text.leds_init
                0x00006846        0xa contiki-sky.a(leds.o)
                0x00006846                leds_init
 .text.leds_on  0x00006850        0xa contiki-sky.a(leds.o)
                0x00006850                leds_on
 .text.leds_off
                0x0000685a        0xe contiki-sky.a(leds.o)
                0x0000685a                leds_off
 .text.leds_arch_init
                0x00006868        0xe contiki-sky.a(leds-arch.o)
                0x00006868                leds_arch_init
 .text.leds_arch_set
                0x00006876       0x38 contiki-sky.a(leds-arch.o)
                0x00006876                leds_arch_set
 .text.watchdog_interrupt
                0x000068ae        0x6 contiki-sky.a(watchdog.o)
                0x000068ae                __isr_10
                0x000068ae                watchdog_interrupt
 .text.watchdog_start
                0x000068b4       0x14 contiki-sky.a(watchdog.o)
                0x000068b4                watchdog_start
 .text.watchdog_periodic
                0x000068c8       0x12 contiki-sky.a(watchdog.o)
                0x000068c8                watchdog_periodic
 .text.watchdog_stop
                0x000068da       0x16 contiki-sky.a(watchdog.o)
                0x000068da                watchdog_stop
 .text.watchdog_init
                0x000068f0       0x12 contiki-sky.a(watchdog.o)
                0x000068f0                watchdog_init
 .text.rtimer_arch_init
                0x00006902        0xe contiki-sky.a(rtimer-arch.o)
                0x00006902                rtimer_arch_init
 .text.rtimer_arch_now
                0x00006910        0xe contiki-sky.a(rtimer-arch.o)
                0x00006910                rtimer_arch_now
 .text.timera0  0x0000691e       0x70 contiki-sky.a(rtimer-arch.o)
                0x0000691e                __isr_6
                0x0000691e                timera0
 .text.rtimer_arch_schedule
                0x0000698e        0x6 contiki-sky.a(rtimer-arch.o)
                0x0000698e                rtimer_arch_schedule
 .text.autostart_start
                0x00006994       0x16 contiki-sky.a(autostart.o)
                0x00006994                autostart_start
 .text.process_thread_ctimer_process
                0x000069aa       0xa8 contiki-sky.a(ctimer.o)
 .text.ctimer_init
                0x00006a52       0x18 contiki-sky.a(ctimer.o)
                0x00006a52                ctimer_init
 .text.ctimer_set
                0x00006a6a       0x50 contiki-sky.a(ctimer.o)
                0x00006a6a                ctimer_set
 .text.ctimer_reset
                0x00006aba       0x30 contiki-sky.a(ctimer.o)
                0x00006aba                ctimer_reset
 .text.ctimer_stop
                0x00006aea       0x28 contiki-sky.a(ctimer.o)
                0x00006aea                ctimer_stop
 .text.energest_init
                0x00006b12       0x26 contiki-sky.a(energest.o)
                0x00006b12                energest_init
 .text.energest_type_time
                0x00006b38       0x48 contiki-sky.a(energest.o)
                0x00006b38                energest_type_time
 .text.energest_type_set
                0x00006b80        0xe contiki-sky.a(energest.o)
                0x00006b80                energest_type_set
 .text.energest_flush
                0x00006b8e       0x48 contiki-sky.a(energest.o)
                0x00006b8e                energest_flush
 .text.update_time
                0x00006bd6       0x78 contiki-sky.a(etimer.o)
 .text.etimer_request_poll
                0x00006c4e        0xa contiki-sky.a(etimer.o)
                0x00006c4e                etimer_request_poll
 .text.process_thread_etimer_process
                0x00006c58       0xcc contiki-sky.a(etimer.o)
 .text.add_timer
                0x00006d24       0x40 contiki-sky.a(etimer.o)
 .text.etimer_set
                0x00006d64       0x12 contiki-sky.a(etimer.o)
                0x00006d64                etimer_set
 .text.etimer_reset
                0x00006d76       0x12 contiki-sky.a(etimer.o)
                0x00006d76                etimer_reset
 .text.etimer_restart
                0x00006d88       0x12 contiki-sky.a(etimer.o)
                0x00006d88                etimer_restart
 .text.etimer_expired
                0x00006d9a        0xe contiki-sky.a(etimer.o)
                0x00006d9a                etimer_expired
 .text.etimer_expiration_time
                0x00006da8       0x14 contiki-sky.a(etimer.o)
                0x00006da8                etimer_expiration_time
 .text.etimer_pending
                0x00006dbc        0xc contiki-sky.a(etimer.o)
                0x00006dbc                etimer_pending
 .text.etimer_next_expiration_time
                0x00006dc8       0x16 contiki-sky.a(etimer.o)
                0x00006dc8                etimer_next_expiration_time
 .text.etimer_stop
                0x00006dde       0x3e contiki-sky.a(etimer.o)
                0x00006dde                etimer_stop
 .text.call_process
                0x00006e1c       0x46 contiki-sky.a(process.o)
 .text.exit_process
                0x00006e62       0x96 contiki-sky.a(process.o)
 .text.do_poll  0x00006ef8       0x30 contiki-sky.a(process.o)
 .text.process_alloc_event
                0x00006f28        0xe contiki-sky.a(process.o)
                0x00006f28                process_alloc_event
 .text.process_init
                0x00006f36       0x1c contiki-sky.a(process.o)
                0x00006f36                process_init
 .text.process_run
                0x00006f52       0xa2 contiki-sky.a(process.o)
                0x00006f52                process_run
 .text.process_nevents
                0x00006ff4        0xe contiki-sky.a(process.o)
                0x00006ff4                process_nevents
 .text.process_post
                0x00007002       0x54 contiki-sky.a(process.o)
                0x00007002                process_post
 .text.process_post_synch
                0x00007056       0x12 contiki-sky.a(process.o)
                0x00007056                process_post_synch
 .text.process_start
                0x00007068       0x36 contiki-sky.a(process.o)
                0x00007068                process_start
 .text.process_poll
                0x0000709e       0x18 contiki-sky.a(process.o)
                0x0000709e                process_poll
 .text.rtimer_init
                0x000070b6        0x6 contiki-sky.a(rtimer.o)
                0x000070b6                rtimer_init
 .text.rtimer_run_next
                0x000070bc       0x26 contiki-sky.a(rtimer.o)
                0x000070bc                rtimer_run_next
 .text.timer_set
                0x000070e2       0x1c contiki-sky.a(timer.o)
                0x000070e2                timer_set
 .text.timer_reset
                0x000070fe        0xe contiki-sky.a(timer.o)
                0x000070fe                timer_reset
 .text.timer_restart
                0x0000710c       0x14 contiki-sky.a(timer.o)
                0x0000710c                timer_restart
 .text.timer_expired
                0x00007120       0x2a contiki-sky.a(timer.o)
                0x00007120                timer_expired
 .text.list_init
                0x0000714a        0x6 contiki-sky.a(list.o)
                0x0000714a                list_init
 .text.list_head
                0x00007150        0x4 contiki-sky.a(list.o)
                0x00007150                list_head
 .text.list_tail
                0x00007154       0x12 contiki-sky.a(list.o)
                0x00007154                list_tail
 .text.list_remove
                0x00007166       0x34 contiki-sky.a(list.o)
                0x00007166                list_remove
 .text.list_push
                0x0000719a       0x1a contiki-sky.a(list.o)
                0x0000719a                list_push
 .text.list_add
                0x000071b4       0x2a contiki-sky.a(list.o)
                0x000071b4                list_add
 .text.list_length
                0x000071de       0x10 contiki-sky.a(list.o)
                0x000071de                list_length
 .text.list_item_next
                0x000071ee        0xc contiki-sky.a(list.o)
                0x000071ee                list_item_next
 .text.memb_init
                0x000071fa       0x36 contiki-sky.a(memb.o)
                0x000071fa                memb_init
 .text.memb_alloc
                0x00007230       0x3e contiki-sky.a(memb.o)
                0x00007230                memb_alloc
 .text.memb_free
                0x0000726e       0x3a contiki-sky.a(memb.o)
                0x0000726e                memb_free
 .text.memb_inmemb
                0x000072a8       0x2a contiki-sky.a(memb.o)
                0x000072a8                memb_inmemb
 .text.memb_numfree
                0x000072d2       0x26 contiki-sky.a(memb.o)
                0x000072d2                memb_numfree
 .text.random_init
                0x000072f8        0x6 contiki-sky.a(random.o)
                0x000072f8                random_init
 .text.random_rand
                0x000072fe        0x6 contiki-sky.a(random.o)
                0x000072fe                random_rand
 .text.set_packet_attrs
                0x00007304       0x46 contiki-sky.a(sicslowpan.o)
 .text.addr_context_lookup_by_number
                0x0000734a       0x32 contiki-sky.a(sicslowpan.o)
 .text.compress_addr_64
                0x0000737c       0xae contiki-sky.a(sicslowpan.o)
 .text.uncompress_addr
                0x0000742a       0xb4 contiki-sky.a(sicslowpan.o)
 .text.input    0x000074de      0x64e contiki-sky.a(sicslowpan.o)
 .text.sicslowpan_init
                0x00007b2c       0x26 contiki-sky.a(sicslowpan.o)
                0x00007b2c                sicslowpan_init
 .text.addr_context_lookup_by_prefix
                0x00007b52       0x4c contiki-sky.a(sicslowpan.o)
 .text.packet_sent
                0x00007b9e       0x22 contiki-sky.a(sicslowpan.o)
 .text.send_packet
                0x00007bc0       0x1a contiki-sky.a(sicslowpan.o)
 .text.output   0x00007bda      0x6c6 contiki-sky.a(sicslowpan.o)
 .text.chksum   0x000082a0       0x32 contiki-sky.a(uip6.o)
 .text.upper_layer_chksum
                0x000082d2       0x56 contiki-sky.a(uip6.o)
 .text.ext_hdr_options_process
                0x00008328       0xd0 contiki-sky.a(uip6.o)
 .text.uip_icmp6chksum
                0x000083f8        0xa contiki-sky.a(uip6.o)
                0x000083f8                uip_icmp6chksum
 .text.uip_udpchksum
                0x00008402        0xa contiki-sky.a(uip6.o)
                0x00008402                uip_udpchksum
 .text.uip_init
                0x0000840c       0x42 contiki-sky.a(uip6.o)
                0x0000840c                uip_init
 .text.remove_ext_hdr
                0x0000844e       0x58 contiki-sky.a(uip6.o)
                0x0000844e                remove_ext_hdr
 .text.uip_udp_new
                0x000084a6       0xe4 contiki-sky.a(uip6.o)
                0x000084a6                uip_udp_new
 .text.uip_process
                0x0000858a      0x49a contiki-sky.a(uip6.o)
                0x0000858a                uip_process
 .text.uip_htonl
                0x00008a24       0x2e contiki-sky.a(uip6.o)
                0x00008a24                uip_htonl
 .text.uip_ds6_list_loop
                0x00008a52       0x86 contiki-sky.a(uip-ds6.o)
                0x00008a52                uip_ds6_list_loop
 .text.uip_ds6_prefix_add
                0x00008ad8       0x80 contiki-sky.a(uip-ds6.o)
                0x00008ad8                uip_ds6_prefix_add
 .text.uip_ds6_is_addr_onlink
                0x00008b58       0x54 contiki-sky.a(uip-ds6.o)
                0x00008b58                uip_ds6_is_addr_onlink
 .text.uip_ds6_addr_lookup
                0x00008bac       0x2a contiki-sky.a(uip-ds6.o)
                0x00008bac                uip_ds6_addr_lookup
 .text.uip_ds6_get_link_local
                0x00008bd6       0x3e contiki-sky.a(uip-ds6.o)
                0x00008bd6                uip_ds6_get_link_local
 .text.uip_ds6_maddr_add
                0x00008c14       0x4c contiki-sky.a(uip-ds6.o)
                0x00008c14                uip_ds6_maddr_add
 .text.uip_ds6_addr_add
                0x00008c60       0xc4 contiki-sky.a(uip-ds6.o)
                0x00008c60                uip_ds6_addr_add
 .text.uip_ds6_maddr_rm
                0x00008d24        0xa contiki-sky.a(uip-ds6.o)
                0x00008d24                uip_ds6_maddr_rm
 .text.uip_ds6_maddr_lookup
                0x00008d2e       0x2a contiki-sky.a(uip-ds6.o)
                0x00008d2e                uip_ds6_maddr_lookup
 .text.uip_ds6_addr_rm
                0x00008d58       0x54 contiki-sky.a(uip-ds6.o)
                0x00008d58                uip_ds6_addr_rm
 .text.uip_ds6_periodic
                0x00008dac       0x4a contiki-sky.a(uip-ds6.o)
                0x00008dac                uip_ds6_periodic
 .text.uip_ds6_set_addr_iid
                0x00008df6       0x14 contiki-sky.a(uip-ds6.o)
                0x00008df6                uip_ds6_set_addr_iid
 .text.get_match_length
                0x00008e0a       0x44 contiki-sky.a(uip-ds6.o)
                0x00008e0a                get_match_length
 .text.uip_ds6_select_src
                0x00008e4e       0xaa contiki-sky.a(uip-ds6.o)
                0x00008e4e                uip_ds6_select_src
 .text.uip_ds6_compute_reachable_time
                0x00008ef8       0x3e contiki-sky.a(uip-ds6.o)
                0x00008ef8                uip_ds6_compute_reachable_time
 .text.uip_ds6_init
                0x00008f36      0x154 contiki-sky.a(uip-ds6.o)
                0x00008f36                uip_ds6_init
 .text.uip_ds6_nbr_rm
                0x0000908a       0x1a contiki-sky.a(uip-ds6-nbr.o)
                0x0000908a                uip_ds6_nbr_rm
 .text.uip_ds6_neighbors_init
                0x000090a4        0xe contiki-sky.a(uip-ds6-nbr.o)
                0x000090a4                uip_ds6_neighbors_init
 .text.uip_ds6_nbr_add
                0x000090b2       0x60 contiki-sky.a(uip-ds6-nbr.o)
                0x000090b2                uip_ds6_nbr_add
 .text.uip_ds6_nbr_get_ll
                0x00009112        0xc contiki-sky.a(uip-ds6-nbr.o)
                0x00009112                uip_ds6_nbr_get_ll
 .text.uip_ds6_nbr_lookup
                0x0000911e       0x42 contiki-sky.a(uip-ds6-nbr.o)
                0x0000911e                uip_ds6_nbr_lookup
 .text.uip_ds6_nbr_ll_lookup
                0x00009160        0xc contiki-sky.a(uip-ds6-nbr.o)
                0x00009160                uip_ds6_nbr_ll_lookup
 .text.uip_ds6_nbr_ipaddr_from_lladdr
                0x0000916c        0x6 contiki-sky.a(uip-ds6-nbr.o)
                0x0000916c                uip_ds6_nbr_ipaddr_from_lladdr
 .text.uip_ds6_nbr_lladdr_from_ipaddr
                0x00009172       0x12 contiki-sky.a(uip-ds6-nbr.o)
                0x00009172                uip_ds6_nbr_lladdr_from_ipaddr
 .text.uip_ds6_link_neighbor_callback
                0x00009184       0x2a contiki-sky.a(uip-ds6-nbr.o)
                0x00009184                uip_ds6_link_neighbor_callback
 .text.uip_ds6_neighbor_periodic
                0x000091ae       0x60 contiki-sky.a(uip-ds6-nbr.o)
                0x000091ae                uip_ds6_neighbor_periodic
 .text.call_route_callback
                0x0000920e       0x4c contiki-sky.a(uip-ds6-route.o)
 .text.uip_ds6_route_init
                0x0000925a       0x36 contiki-sky.a(uip-ds6-route.o)
                0x0000925a                uip_ds6_route_init
 .text.uip_ds6_route_nexthop
                0x00009290       0x1a contiki-sky.a(uip-ds6-route.o)
                0x00009290                uip_ds6_route_nexthop
 .text.uip_ds6_route_head
                0x000092aa        0xa contiki-sky.a(uip-ds6-route.o)
                0x000092aa                uip_ds6_route_head
 .text.uip_ds6_route_next
                0x000092b4        0xe contiki-sky.a(uip-ds6-route.o)
                0x000092b4                uip_ds6_route_next
 .text.uip_ds6_route_lookup
                0x000092c2       0x8c contiki-sky.a(uip-ds6-route.o)
                0x000092c2                uip_ds6_route_lookup
 .text.uip_ds6_route_rm
                0x0000934e       0xa6 contiki-sky.a(uip-ds6-route.o)
                0x0000934e                uip_ds6_route_rm
 .text.rm_routelist
                0x000093f4       0x34 contiki-sky.a(uip-ds6-route.o)
 .text.rm_routelist_callback
                0x00009428        0x6 contiki-sky.a(uip-ds6-route.o)
 .text.uip_ds6_route_add
                0x0000942e      0x10c contiki-sky.a(uip-ds6-route.o)
                0x0000942e                uip_ds6_route_add
 .text.uip_ds6_defrt_rm
                0x0000953a       0x48 contiki-sky.a(uip-ds6-route.o)
                0x0000953a                uip_ds6_defrt_rm
 .text.uip_ds6_defrt_lookup
                0x00009582       0x36 contiki-sky.a(uip-ds6-route.o)
                0x00009582                uip_ds6_defrt_lookup
 .text.uip_ds6_defrt_add
                0x000095b8       0x74 contiki-sky.a(uip-ds6-route.o)
                0x000095b8                uip_ds6_defrt_add
 .text.uip_ds6_defrt_choose
                0x0000962c       0x3a contiki-sky.a(uip-ds6-route.o)
                0x0000962c                uip_ds6_defrt_choose
 .text.uip_ds6_defrt_periodic
                0x00009666       0x38 contiki-sky.a(uip-ds6-route.o)
                0x00009666                uip_ds6_defrt_periodic
 .text.echo_reply_input
                0x0000969e      0x110 contiki-sky.a(uip-icmp6.o)
 .text.echo_request_input
                0x000097ae      0x12c contiki-sky.a(uip-icmp6.o)
 .text.uip_icmp6_input
                0x000098da       0x48 contiki-sky.a(uip-icmp6.o)
                0x000098da                uip_icmp6_input
 .text.uip_icmp6_register_input_handler
                0x00009922        0xc contiki-sky.a(uip-icmp6.o)
                0x00009922                uip_icmp6_register_input_handler
 .text.uip_icmp6_error_output
                0x0000992e      0x17e contiki-sky.a(uip-icmp6.o)
                0x0000992e                uip_icmp6_error_output
 .text.uip_icmp6_send
                0x00009aac       0x94 contiki-sky.a(uip-icmp6.o)
                0x00009aac                uip_icmp6_send
 .text.uip_icmp6_init
                0x00009b40       0x12 contiki-sky.a(uip-icmp6.o)
                0x00009b40                uip_icmp6_init
 .text.uip_nd6_init
                0x00009b52        0x2 contiki-sky.a(uip-nd6.o)
                0x00009b52                uip_nd6_init
 .text.tcpip_output
                0x00009b54       0x10 contiki-sky.a(tcpip.o)
                0x00009b54                tcpip_output
 .text.tcpip_set_outputfunc
                0x00009b64        0x6 contiki-sky.a(tcpip.o)
                0x00009b64                tcpip_set_outputfunc
 .text.udp_new  0x00009b6a       0x1a contiki-sky.a(tcpip.o)
                0x00009b6a                udp_new
 .text.tcpip_input
                0x00009b84       0x16 contiki-sky.a(tcpip.o)
                0x00009b84                tcpip_input
 .text.tcpip_ipv6_output
                0x00009b9a       0xd4 contiki-sky.a(tcpip.o)
                0x00009b9a                tcpip_ipv6_output
 .text.process_thread_tcpip_process
                0x00009c6e       0xd4 contiki-sky.a(tcpip.o)
 .text.tcpip_uipcall
                0x00009d42       0x2a contiki-sky.a(tcpip.o)
                0x00009d42                tcpip_uipcall
 .text.uip_debug_ipaddr_print
                0x00009d6c       0x7e contiki-sky.a(uip-debug.o)
                0x00009d6c                uip_debug_ipaddr_print
 .text.rpl_get_mode
                0x00009dea        0x6 contiki-sky.a(rpl.o)
                0x00009dea                rpl_get_mode
 .text.rpl_purge_routes
                0x00009df0       0x96 contiki-sky.a(rpl.o)
                0x00009df0                rpl_purge_routes
 .text.rpl_remove_routes
                0x00009e86       0x22 contiki-sky.a(rpl.o)
                0x00009e86                rpl_remove_routes
 .text.rpl_remove_routes_by_nexthop
                0x00009ea8       0x46 contiki-sky.a(rpl.o)
                0x00009ea8                rpl_remove_routes_by_nexthop
 .text.rpl_add_route
                0x00009eee       0x48 contiki-sky.a(rpl.o)
                0x00009eee                rpl_add_route
 .text.rpl_link_neighbor_callback
                0x00009f36       0x7c contiki-sky.a(rpl.o)
                0x00009f36                rpl_link_neighbor_callback
 .text.rpl_ipv6_neighbor_callback
                0x00009fb2       0x1e contiki-sky.a(rpl.o)
                0x00009fb2                rpl_ipv6_neighbor_callback
 .text.rpl_init
                0x00009fd0       0x4a contiki-sky.a(rpl.o)
                0x00009fd0                rpl_init
 .text.lollipop_greater_than
                0x0000a01a       0x3c contiki-sky.a(rpl-dag.o)
 .text.find_parent_any_dag_any_instance
                0x0000a056       0x14 contiki-sky.a(rpl-dag.o)
 .text.rpl_set_preferred_parent
                0x0000a06a       0x30 contiki-sky.a(rpl-dag.o)
 .text.set_ip_from_prefix
                0x0000a09a       0x38 contiki-sky.a(rpl-dag.o)
 .text.check_prefix
                0x0000a0d2       0x80 contiki-sky.a(rpl-dag.o)
 .text.rpl_get_nbr
                0x0000a152       0x1e contiki-sky.a(rpl-dag.o)
                0x0000a152                rpl_get_nbr
 .text.rpl_dag_init
                0x0000a170        0xe contiki-sky.a(rpl-dag.o)
                0x0000a170                rpl_dag_init
 .text.rpl_get_parent
                0x0000a17e        0xc contiki-sky.a(rpl-dag.o)
                0x0000a17e                rpl_get_parent
 .text.rpl_get_parent_ipaddr
                0x0000a18a       0x10 contiki-sky.a(rpl-dag.o)
                0x0000a18a                rpl_get_parent_ipaddr
 .text.rpl_set_prefix
                0x0000a19a       0x8e contiki-sky.a(rpl-dag.o)
                0x0000a19a                rpl_set_prefix
 .text.rpl_set_default_route
                0x0000a228       0x64 contiki-sky.a(rpl-dag.o)
                0x0000a228                rpl_set_default_route
 .text.rpl_alloc_instance
                0x0000a28c       0x34 contiki-sky.a(rpl-dag.o)
                0x0000a28c                rpl_alloc_instance
 .text.rpl_add_parent
                0x0000a2c0       0x56 contiki-sky.a(rpl-dag.o)
                0x0000a2c0                rpl_add_parent
 .text.rpl_find_parent
                0x0000a316       0x1c contiki-sky.a(rpl-dag.o)
                0x0000a316                rpl_find_parent
 .text.rpl_find_parent_any_dag
                0x0000a332       0x24 contiki-sky.a(rpl-dag.o)
                0x0000a332                rpl_find_parent_any_dag
 .text.rpl_select_parent
                0x0000a356       0x7e contiki-sky.a(rpl-dag.o)
                0x0000a356                rpl_select_parent
 .text.rpl_select_dag
                0x0000a3d4      0x1ae contiki-sky.a(rpl-dag.o)
                0x0000a3d4                rpl_select_dag
 .text.rpl_nullify_parent
                0x0000a582       0x54 contiki-sky.a(rpl-dag.o)
                0x0000a582                rpl_nullify_parent
 .text.rpl_remove_parent
                0x0000a5d6       0x16 contiki-sky.a(rpl-dag.o)
                0x0000a5d6                rpl_remove_parent
 .text.nbr_callback
                0x0000a5ec        0x6 contiki-sky.a(rpl-dag.o)
 .text.remove_parents.constprop.5
                0x0000a5f2       0x32 contiki-sky.a(rpl-dag.o)
 .text.rpl_move_parent
                0x0000a624       0x5a contiki-sky.a(rpl-dag.o)
                0x0000a624                rpl_move_parent
 .text.rpl_get_any_dag
                0x0000a67e       0x16 contiki-sky.a(rpl-dag.o)
                0x0000a67e                rpl_get_any_dag
 .text.rpl_get_instance
                0x0000a694       0x16 contiki-sky.a(rpl-dag.o)
                0x0000a694                rpl_get_instance
 .text.rpl_alloc_dag
                0x0000a6aa       0x64 contiki-sky.a(rpl-dag.o)
                0x0000a6aa                rpl_alloc_dag
 .text.rpl_repair_root
                0x0000a70e       0x4c contiki-sky.a(rpl-dag.o)
                0x0000a70e                rpl_repair_root
 .text.rpl_find_of
                0x0000a75a       0x10 contiki-sky.a(rpl-dag.o)
                0x0000a75a                rpl_find_of
 .text.rpl_join_instance
                0x0000a76a      0x13c contiki-sky.a(rpl-dag.o)
                0x0000a76a                rpl_join_instance
 .text.rpl_local_repair
                0x0000a8a6       0x80 contiki-sky.a(rpl-dag.o)
                0x0000a8a6                rpl_local_repair
 .text.rpl_process_parent_event
                0x0000a926       0x80 contiki-sky.a(rpl-dag.o)
                0x0000a926                rpl_process_parent_event
 .text.rpl_recalculate_ranks
                0x0000a9a6       0x46 contiki-sky.a(rpl-dag.o)
                0x0000a9a6                rpl_recalculate_ranks
 .text.rpl_add_dag
                0x0000a9ec      0x112 contiki-sky.a(rpl-dag.o)
                0x0000a9ec                rpl_add_dag
 .text.rpl_process_dio
                0x0000aafe      0x2f8 contiki-sky.a(rpl-dag.o)
                0x0000aafe                rpl_process_dio
 .text.rpl_lock_parent
                0x0000adf6        0xc contiki-sky.a(rpl-dag.o)
                0x0000adf6                rpl_lock_parent
 .text.rpl_verify_header
                0x0000ae02       0xb2 contiki-sky.a(rpl-ext-header.)
                0x0000ae02                rpl_verify_header
 .text.rpl_update_header_empty
                0x0000aeb4      0x132 contiki-sky.a(rpl-ext-header.)
                0x0000aeb4                rpl_update_header_empty
 .text.rpl_update_header_final
                0x0000afe6       0x90 contiki-sky.a(rpl-ext-header.)
                0x0000afe6                rpl_update_header_final
 .text.rpl_invert_header
                0x0000b076       0x7c contiki-sky.a(rpl-ext-header.)
                0x0000b076                rpl_invert_header
 .text.rpl_insert_header
                0x0000b0f2       0x12 contiki-sky.a(rpl-ext-header.)
                0x0000b0f2                rpl_insert_header
 .text.get32    0x0000b104       0x46 contiki-sky.a(rpl-icmp6.o)
 .text.set32    0x0000b14a       0x2a contiki-sky.a(rpl-icmp6.o)
 .text.get16    0x0000b174        0xe contiki-sky.a(rpl-icmp6.o)
 .text.set16    0x0000b182       0x10 contiki-sky.a(rpl-icmp6.o)
 .text.dao_ack_input
                0x0000b192        0x6 contiki-sky.a(rpl-icmp6.o)
 .text.dio_input
                0x0000b198      0x2d8 contiki-sky.a(rpl-icmp6.o)
 .text.dis_output
                0x0000b470       0x50 contiki-sky.a(rpl-icmp6.o)
                0x0000b470                dis_output
 .text.dio_output
                0x0000b4c0      0x268 contiki-sky.a(rpl-icmp6.o)
                0x0000b4c0                dio_output
 .text.dis_input
                0x0000b728       0x28 contiki-sky.a(rpl-icmp6.o)
 .text.dao_output_target
                0x0000b750       0xe4 contiki-sky.a(rpl-icmp6.o)
                0x0000b750                dao_output_target
 .text.dao_output
                0x0000b834       0x7e contiki-sky.a(rpl-icmp6.o)
                0x0000b834                dao_output
 .text.dao_ack_output
                0x0000b8b2       0x32 contiki-sky.a(rpl-icmp6.o)
                0x0000b8b2                dao_ack_output
 .text.dao_input
                0x0000b8e4      0x2ac contiki-sky.a(rpl-icmp6.o)
 .text.rpl_icmp6_register_handlers
                0x0000bb90       0x22 contiki-sky.a(rpl-icmp6.o)
                0x0000bb90                rpl_icmp6_register_handlers
 .text.reset    0x0000bbb2        0x2 contiki-sky.a(rpl-mrhof.o)
 .text.update_metric_container
                0x0000bbb4        0x6 contiki-sky.a(rpl-mrhof.o)
 .text.calculate_rank
                0x0000bbba       0x42 contiki-sky.a(rpl-mrhof.o)
 .text.neighbor_link_callback
                0x0000bbfc       0x9c contiki-sky.a(rpl-mrhof.o)
 .text.best_dag
                0x0000bc98       0x2e contiki-sky.a(rpl-mrhof.o)
 .text.best_parent
                0x0000bcc6       0x74 contiki-sky.a(rpl-mrhof.o)
 .text.new_dio_interval
                0x0000bd3a       0x92 contiki-sky.a(rpl-timers.o)
 .text.set_dao_lifetime_timer
                0x0000bdcc       0x66 contiki-sky.a(rpl-timers.o)
 .text.handle_periodic_timer
                0x0000be32       0x2e contiki-sky.a(rpl-timers.o)
 .text.schedule_dao
                0x0000be60       0x82 contiki-sky.a(rpl-timers.o)
 .text.handle_dio_timer
                0x0000bee2       0x88 contiki-sky.a(rpl-timers.o)
 .text.handle_dao_timer
                0x0000bf6a       0x64 contiki-sky.a(rpl-timers.o)
 .text.rpl_reset_periodic_timer
                0x0000bfce       0x54 contiki-sky.a(rpl-timers.o)
                0x0000bfce                rpl_reset_periodic_timer
 .text.rpl_reset_dio_timer
                0x0000c022       0x18 contiki-sky.a(rpl-timers.o)
                0x0000c022                rpl_reset_dio_timer
 .text.rpl_schedule_dao
                0x0000c03a        0xc contiki-sky.a(rpl-timers.o)
                0x0000c03a                rpl_schedule_dao
 .text.rpl_schedule_probing
                0x0000c046       0x3c contiki-sky.a(rpl-timers.o)
                0x0000c046                rpl_schedule_probing
 .text.handle_probing_timer
                0x0000c082      0x12a contiki-sky.a(rpl-timers.o)
 .text.create_frame.isra.0
                0x0000c1ac      0x108 contiki-sky.a(framer-802154.o)
 .text.create   0x0000c2b4        0x8 contiki-sky.a(framer-802154.o)
 .text.hdr_length
                0x0000c2bc        0x8 contiki-sky.a(framer-802154.o)
 .text.parse    0x0000c2c4       0xa2 contiki-sky.a(framer-802154.o)
 .text.framer_canonical_create_and_secure
                0x0000c366       0x20 contiki-sky.a(framer.o)
                0x0000c366                framer_canonical_create_and_secure
 .text.send_packet
                0x0000c386        0x6 contiki-sky.a(nullmac.o)
 .text.packet_input
                0x0000c38c        0x6 contiki-sky.a(nullmac.o)
 .text.on       0x0000c392        0x6 contiki-sky.a(nullmac.o)
 .text.off      0x0000c398        0x6 contiki-sky.a(nullmac.o)
 .text.channel_check_interval
                0x0000c39e        0x4 contiki-sky.a(nullmac.o)
 .text.init     0x0000c3a2        0x2 contiki-sky.a(nullmac.o)
 .text.on       0x0000c3a4        0x6 contiki-sky.a(nullrdc.o)
 .text.channel_check_interval
                0x0000c3aa        0x4 contiki-sky.a(nullrdc.o)
 .text.init     0x0000c3ae        0x6 contiki-sky.a(nullrdc.o)
 .text.off      0x0000c3b4       0x10 contiki-sky.a(nullrdc.o)
 .text.packet_input
                0x0000c3c4       0x28 contiki-sky.a(nullrdc.o)
 .text.send_one_packet
                0x0000c3ec       0x6a contiki-sky.a(nullrdc.o)
 .text.send_list
                0x0000c456       0x30 contiki-sky.a(nullrdc.o)
 .text.send_packet
                0x0000c486        0x6 contiki-sky.a(nullrdc.o)
 .text.linkaddr_copy
                0x0000c48c        0x8 contiki-sky.a(linkaddr.o)
                0x0000c48c                linkaddr_copy
 .text.linkaddr_cmp
                0x0000c494       0x12 contiki-sky.a(linkaddr.o)
                0x0000c494                linkaddr_cmp
 .text.linkaddr_set_node_addr
                0x0000c4a6        0xc contiki-sky.a(linkaddr.o)
                0x0000c4a6                linkaddr_set_node_addr
 .text.item_from_index
                0x0000c4b2       0x2a contiki-sky.a(nbr-table.o)
 .text.index_from_key
                0x0000c4dc       0x26 contiki-sky.a(nbr-table.o)
 .text.index_from_item
                0x0000c502       0x1e contiki-sky.a(nbr-table.o)
 .text.nbr_set_bit
                0x0000c520       0x58 contiki-sky.a(nbr-table.o)
 .text.index_from_lladdr
                0x0000c578       0x42 contiki-sky.a(nbr-table.o)
 .text.nbr_get_bit.constprop.0
                0x0000c5ba       0x2e contiki-sky.a(nbr-table.o)
 .text.nbr_table_register
                0x0000c5e8       0x26 contiki-sky.a(nbr-table.o)
                0x0000c5e8                nbr_table_register
 .text.nbr_table_next
                0x0000c60e       0x54 contiki-sky.a(nbr-table.o)
                0x0000c60e                nbr_table_next
 .text.nbr_table_head
                0x0000c662       0x3a contiki-sky.a(nbr-table.o)
                0x0000c662                nbr_table_head
 .text.nbr_table_add_lladdr
                0x0000c69c      0x128 contiki-sky.a(nbr-table.o)
                0x0000c69c                nbr_table_add_lladdr
 .text.nbr_table_get_from_lladdr
                0x0000c7c4       0x2c contiki-sky.a(nbr-table.o)
                0x0000c7c4                nbr_table_get_from_lladdr
 .text.nbr_table_remove
                0x0000c7f0       0x32 contiki-sky.a(nbr-table.o)
                0x0000c7f0                nbr_table_remove
 .text.nbr_table_lock
                0x0000c822       0x10 contiki-sky.a(nbr-table.o)
                0x0000c822                nbr_table_lock
 .text.nbr_table_unlock
                0x0000c832       0x10 contiki-sky.a(nbr-table.o)
                0x0000c832                nbr_table_unlock
 .text.nbr_table_get_lladdr
                0x0000c842       0x22 contiki-sky.a(nbr-table.o)
                0x0000c842                nbr_table_get_lladdr
 .text.packetbuf_compact
                0x0000c864       0x2e contiki-sky.a(packetbuf.o)
                0x0000c864                packetbuf_compact
 .text.packetbuf_copyto
                0x0000c892       0x52 contiki-sky.a(packetbuf.o)
                0x0000c892                packetbuf_copyto
 .text.packetbuf_hdrreduce
                0x0000c8e4       0x1a contiki-sky.a(packetbuf.o)
                0x0000c8e4                packetbuf_hdrreduce
 .text.packetbuf_set_datalen
                0x0000c8fe        0x6 contiki-sky.a(packetbuf.o)
                0x0000c8fe                packetbuf_set_datalen
 .text.packetbuf_dataptr
                0x0000c904        0xe contiki-sky.a(packetbuf.o)
                0x0000c904                packetbuf_dataptr
 .text.packetbuf_hdrptr
                0x0000c912        0xa contiki-sky.a(packetbuf.o)
                0x0000c912                packetbuf_hdrptr
 .text.packetbuf_datalen
                0x0000c91c        0x6 contiki-sky.a(packetbuf.o)
                0x0000c91c                packetbuf_datalen
 .text.packetbuf_hdrlen
                0x0000c922       0x10 contiki-sky.a(packetbuf.o)
                0x0000c922                packetbuf_hdrlen
 .text.packetbuf_totlen
                0x0000c932        0xc contiki-sky.a(packetbuf.o)
                0x0000c932                packetbuf_totlen
 .text.packetbuf_hdralloc
                0x0000c93e       0x2e contiki-sky.a(packetbuf.o)
                0x0000c93e                packetbuf_hdralloc
 .text.packetbuf_attr_clear
                0x0000c96c       0x28 contiki-sky.a(packetbuf.o)
                0x0000c96c                packetbuf_attr_clear
 .text.packetbuf_clear
                0x0000c994       0x1a contiki-sky.a(packetbuf.o)
                0x0000c994                packetbuf_clear
 .text.packetbuf_copyfrom
                0x0000c9ae       0x2e contiki-sky.a(packetbuf.o)
                0x0000c9ae                packetbuf_copyfrom
 .text.packetbuf_attr_copyto
                0x0000c9dc       0x22 contiki-sky.a(packetbuf.o)
                0x0000c9dc                packetbuf_attr_copyto
 .text.packetbuf_attr_copyfrom
                0x0000c9fe       0x24 contiki-sky.a(packetbuf.o)
                0x0000c9fe                packetbuf_attr_copyfrom
 .text.packetbuf_holds_broadcast
                0x0000ca22        0xe contiki-sky.a(packetbuf.o)
                0x0000ca22                packetbuf_holds_broadcast
 .text.queuebuf_init
                0x0000ca30       0x12 contiki-sky.a(queuebuf.o)
                0x0000ca30                queuebuf_init
 .text.queuebuf_numfree
                0x0000ca42        0xa contiki-sky.a(queuebuf.o)
                0x0000ca42                queuebuf_numfree
 .text.queuebuf_new_from_packetbuf
                0x0000ca4c       0x52 contiki-sky.a(queuebuf.o)
                0x0000ca4c                queuebuf_new_from_packetbuf
 .text.queuebuf_free
                0x0000ca9e       0x2a contiki-sky.a(queuebuf.o)
                0x0000ca9e                queuebuf_free
 .text.queuebuf_to_packetbuf
                0x0000cac8       0x32 contiki-sky.a(queuebuf.o)
                0x0000cac8                queuebuf_to_packetbuf
 .text.bootstrap
                0x0000cafa        0x4 contiki-sky.a(nullsec.o)
 .text.send     0x0000cafe        0xa contiki-sky.a(nullsec.o)
 .text.on_frame_created
                0x0000cb08        0x4 contiki-sky.a(nullsec.o)
 .text.input    0x0000cb0c        0x6 contiki-sky.a(nullsec.o)
 .text.get_overhead
                0x0000cb12        0x4 contiki-sky.a(nullsec.o)
 .text.coap_parse_int_option
                0x0000cb16       0x46 contiki-sky.a(er-coap.o)
 .text.coap_get_variable
                0x0000cb5c       0x8c contiki-sky.a(er-coap.o)
 .text.coap_merge_multi_option
                0x0000cbe8       0x3e contiki-sky.a(er-coap.o)
 .text.coap_set_option_header
                0x0000cc26       0xa6 contiki-sky.a(er-coap.o)
 .text.coap_serialize_int_option
                0x0000cccc       0xda contiki-sky.a(er-coap.o)
 .text.coap_serialize_array_option.part.0
                0x0000cda6       0x34 contiki-sky.a(er-coap.o)
 .text.coap_serialize_array_option
                0x0000cdda       0x9e contiki-sky.a(er-coap.o)
 .text.coap_init_connection
                0x0000ce78       0x22 contiki-sky.a(er-coap.o)
                0x0000ce78                coap_init_connection
 .text.coap_get_mid
                0x0000ce9a        0xc contiki-sky.a(er-coap.o)
                0x0000ce9a                coap_get_mid
 .text.coap_init_message
                0x0000cea6       0x30 contiki-sky.a(er-coap.o)
                0x0000cea6                coap_init_message
 .text.coap_serialize_message
                0x0000ced6      0x404 contiki-sky.a(er-coap.o)
                0x0000ced6                coap_serialize_message
 .text.coap_send_message
                0x0000d2da       0x4a contiki-sky.a(er-coap.o)
                0x0000d2da                coap_send_message
 .text.coap_parse_message
                0x0000d324      0x4dc contiki-sky.a(er-coap.o)
                0x0000d324                coap_parse_message
 .text.coap_get_query_variable
                0x0000d800       0x1c contiki-sky.a(er-coap.o)
                0x0000d800                coap_get_query_variable
 .text.coap_get_post_variable
                0x0000d81c       0x20 contiki-sky.a(er-coap.o)
                0x0000d81c                coap_get_post_variable
 .text.coap_set_status_code
                0x0000d83c       0x12 contiki-sky.a(er-coap.o)
                0x0000d83c                coap_set_status_code
 .text.coap_set_token
                0x0000d84e       0x24 contiki-sky.a(er-coap.o)
                0x0000d84e                coap_set_token
 .text.coap_get_header_content_format
                0x0000d872       0x16 contiki-sky.a(er-coap.o)
                0x0000d872                coap_get_header_content_format
 .text.coap_set_header_content_format
                0x0000d888        0xe contiki-sky.a(er-coap.o)
                0x0000d888                coap_set_header_content_format
 .text.coap_get_header_accept
                0x0000d896       0x14 contiki-sky.a(er-coap.o)
                0x0000d896                coap_get_header_accept
 .text.coap_get_header_max_age
                0x0000d8aa       0x24 contiki-sky.a(er-coap.o)
                0x0000d8aa                coap_get_header_max_age
 .text.coap_set_header_max_age
                0x0000d8ce       0x12 contiki-sky.a(er-coap.o)
                0x0000d8ce                coap_set_header_max_age
 .text.coap_set_header_etag
                0x0000d8e0       0x2a contiki-sky.a(er-coap.o)
                0x0000d8e0                coap_set_header_etag
 .text.coap_get_header_if_match
                0x0000d90a       0x1a contiki-sky.a(er-coap.o)
                0x0000d90a                coap_get_header_if_match
 .text.coap_get_header_if_none_match
                0x0000d924       0x1c contiki-sky.a(er-coap.o)
                0x0000d924                coap_get_header_if_none_match
 .text.coap_get_header_uri_host
                0x0000d940       0x16 contiki-sky.a(er-coap.o)
                0x0000d940                coap_get_header_uri_host
 .text.coap_get_header_uri_path
                0x0000d956       0x16 contiki-sky.a(er-coap.o)
                0x0000d956                coap_get_header_uri_path
 .text.coap_get_header_uri_query
                0x0000d96c       0x16 contiki-sky.a(er-coap.o)
                0x0000d96c                coap_get_header_uri_query
 .text.coap_set_header_location_query
                0x0000d982       0x2c contiki-sky.a(er-coap.o)
                0x0000d982                coap_set_header_location_query
 .text.coap_set_header_location_path
                0x0000d9ae       0x62 contiki-sky.a(er-coap.o)
                0x0000d9ae                coap_set_header_location_path
 .text.coap_set_header_observe
                0x0000da10       0x12 contiki-sky.a(er-coap.o)
                0x0000da10                coap_set_header_observe
 .text.coap_get_header_block2
                0x0000da22       0x4c contiki-sky.a(er-coap.o)
                0x0000da22                coap_get_header_block2
 .text.coap_set_header_block2
                0x0000da6e       0x42 contiki-sky.a(er-coap.o)
                0x0000da6e                coap_set_header_block2
 .text.coap_get_header_size2
                0x0000dab0       0x1c contiki-sky.a(er-coap.o)
                0x0000dab0                coap_get_header_size2
 .text.coap_set_header_size2
                0x0000dacc       0x12 contiki-sky.a(er-coap.o)
                0x0000dacc                coap_set_header_size2
 .text.coap_get_payload
                0x0000dade       0x1a contiki-sky.a(er-coap.o)
                0x0000dade                coap_get_payload
 .text.coap_set_payload
                0x0000daf8       0x16 contiki-sky.a(er-coap.o)
                0x0000daf8                coap_set_payload
 .text.spi_init
                0x0000db0e       0x30 contiki-sky.a(spi.o)
                0x0000db0e                spi_init
 .text.stimer_set
                0x0000db3e       0x1c contiki-sky.a(stimer.o)
                0x0000db3e                stimer_set
 .text.stimer_expired
                0x0000db5a       0x30 contiki-sky.a(stimer.o)
                0x0000db5a                stimer_expired
 .text.uip_udp_packet_send
                0x0000db8a       0x2e contiki-sky.a(uip-udp-packet.)
                0x0000db8a                uip_udp_packet_send
 .text.field_len
                0x0000dbb8       0x90 contiki-sky.a(frame802154.o)
 .text.frame802154_hdrlen
                0x0000dc48       0x2e contiki-sky.a(frame802154.o)
                0x0000dc48                frame802154_hdrlen
 .text.frame802154_create
                0x0000dc76      0x146 contiki-sky.a(frame802154.o)
                0x0000dc76                frame802154_create
 .text.frame802154_parse
                0x0000ddbc      0x1ba contiki-sky.a(frame802154.o)
                0x0000ddbc                frame802154_parse
 .text.mac_call_sent_callback
                0x0000df76       0x14 contiki-sky.a(mac.o)
                0x0000df76                mac_call_sent_callback
 .text.libgcc   0x0000df8a       0x2c /usr/local/msp430/bin/../lib/gcc/msp430/4.7.0/mmpy-16/libgcc.a(_mulsi3.o)
                0x0000df8a                __mulsi3
 .text.libgcc   0x0000dfb6       0x22 /usr/local/msp430/bin/../lib/gcc/msp430/4.7.0/mmpy-16/libgcc.a(_udivmod16.o)
                0x0000dfb6                __udivhi3
                0x0000dfb6                __ext_udivmod16
                0x0000dfd0                __umodhi3
 .text.libgcc   0x0000dfd8       0x3a /usr/local/msp430/bin/../lib/gcc/msp430/4.7.0/mmpy-16/libgcc.a(_divmod16.o)
                0x0000dfd8                __ext_divmod16
                0x0000dfd8                __divhi3
                0x0000e00a                __modhi3
 .text.libgcc   0x0000e012       0x40 /usr/local/msp430/bin/../lib/gcc/msp430/4.7.0/mmpy-16/libgcc.a(_udivmod32.o)
                0x0000e012                __udivsi3
                0x0000e012                __ext_udivmod32
                0x0000e048                __umodsi3
 .text.libgcc   0x0000e052       0x4c /usr/local/msp430/bin/../lib/gcc/msp430/4.7.0/mmpy-16/libgcc.a(_divmod32.o)
                0x0000e052                __ext_divmod32
                0x0000e052                __divsi3
                0x0000e094                __modsi3
 .text.atoi     0x0000e09e       0x8a /usr/local/msp430/bin/../lib/gcc/msp430/4.7.0/../../../../msp430/lib/mmpy-16/libc.a(atoi.o)
                0x0000e09e                atoi
 .text.printf   0x0000e128       0x10 /usr/local/msp430/bin/../lib/gcc/msp430/4.7.0/../../../../msp430/lib/mmpy-16/libc.a(printf.o)
                0x0000e128                printf
 .text.append   0x0000e138       0x22 /usr/local/msp430/bin/../lib/gcc/msp430/4.7.0/../../../../msp430/lib/mmpy-16/libc.a(sprintf.o)
 .text.call_vuprintf
                0x0000e15a       0x3a /usr/local/msp430/bin/../lib/gcc/msp430/4.7.0/../../../../msp430/lib/mmpy-16/libc.a(sprintf.o)
 .text.sprintf  0x0000e194       0x1c /usr/local/msp430/bin/../lib/gcc/msp430/4.7.0/../../../../msp430/lib/mmpy-16/libc.a(sprintf.o)
                0x0000e194                sprintf
 .text.snprintf
                0x0000e1b0       0x1a /usr/local/msp430/bin/../lib/gcc/msp430/4.7.0/../../../../msp430/lib/mmpy-16/libc.a(sprintf.o)
                0x0000e1b0                snprintf
 .text.print_field
                0x0000e1ca      0x194 /usr/local/msp430/bin/../lib/gcc/msp430/4.7.0/../../../../msp430/lib/mmpy-16/libc.a(vuprintf.o)
 .text.vuprintf
                0x0000e35e      0x63c /usr/local/msp430/bin/../lib/gcc/msp430/4.7.0/../../../../msp430/lib/mmpy-16/libc.a(vuprintf.o)
                0x0000e35e                vuprintf
 .text.puts     0x0000e99a       0x2c /usr/local/msp430/bin/../lib/gcc/msp430/4.7.0/../../../../msp430/lib/mmpy-16/libc.a(puts.o)
                0x0000e99a                puts
 .text.rand     0x0000e9c6       0x26 /usr/local/msp430/bin/../lib/gcc/msp430/4.7.0/../../../../msp430/lib/mmpy-16/libc.a(rand.o)
                0x0000e9c6                rand
 .text.srand    0x0000e9ec        0xa /usr/local/msp430/bin/../lib/gcc/msp430/4.7.0/../../../../msp430/lib/mmpy-16/libc.a(rand.o)
                0x0000e9ec                srand
 .text.strchr   0x0000e9f6       0x16 /usr/local/msp430/bin/../lib/gcc/msp430/4.7.0/../../../../msp430/lib/mmpy-16/libc.a(strchr.o)
                0x0000e9f6                strchr
 .text.memchr   0x0000ea0c       0x1e /usr/local/msp430/bin/../lib/gcc/msp430/4.7.0/../../../../msp430/lib/mmpy-16/libc.a(memchr.o)
                0x0000ea0c                memchr
 .text.strncmp  0x0000ea2a       0x2a /usr/local/msp430/bin/../lib/gcc/msp430/4.7.0/../../../../msp430/lib/mmpy-16/libc.a(strncmp.o)
                0x0000ea2a                strncmp
 .text.memcmp   0x0000ea54       0x30 /usr/local/msp430/bin/../lib/gcc/msp430/4.7.0/../../../../msp430/lib/mmpy-16/libc.a(memcmp.o)
                0x0000ea54                memcmp
 .text.memcpy   0x0000ea84       0xfa /usr/local/msp430/bin/../lib/gcc/msp430/4.7.0/../../../../msp430/lib/mmpy-16/libc.a(memcpy.o)
                0x0000ea84                memcpy
 .text.memmove  0x0000eb7e       0xfa /usr/local/msp430/bin/../lib/gcc/msp430/4.7.0/../../../../msp430/lib/mmpy-16/libc.a(memmove.o)
                0x0000eb7e                memmove
 .text.memset   0x0000ec78       0x6a /usr/local/msp430/bin/../lib/gcc/msp430/4.7.0/../../../../msp430/lib/mmpy-16/libc.a(memset.o)
                0x0000ec78                memset
 .text.libgcc   0x0000ece2       0xf0 /usr/local/msp430/bin/../lib/gcc/msp430/4.7.0/mmpy-16/libgcc.a(_udivmod64.o)
                0x0000ece2                __xabi_udivmod64
                0x0000ed40                __udivdi3
                0x0000ed66                __umoddi3
                0x0000ed94                __udivmoddi4
 .text.crt0     0x0000edd2        0x2 /usr/local/msp430/bin/../lib/gcc/msp430/4.7.0/mmpy-16/libcrt0.a(_unexpected_.o)
                0x0000edd2                _unexpected_
 *(.near.text .near.text.*)

.rodata         0x0000edd4      0x4b5
                0x0000edd4                . = ALIGN (0x2)
 *(.rodata .rodata.* .gnu.linkonce.r.*)
 .rodata        0x0000edd4       0xa4 food_vending_machine.co
                0x0000ee1c                autostart_processes
 .rodata        0x0000ee78      0x120 obj_sky/contiki-sky-main.o
 .rodata        0x0000ef98       0xec contiki-sky.a(er-coap-engine.)
                0x0000eff2                coap_rest_implementation
 .rodata        0x0000f084       0x11 contiki-sky.a(er-coap-observe)
 .rodata        0x0000f095       0x19 contiki-sky.a(er-coap-res-wel)
 .rodata        0x0000f0ae        0xc contiki-sky.a(rest-engine.o)
 .rodata        0x0000f0ba       0x10 contiki-sky.a(button-sensor.o)
                0x0000f0c2                button_sensor
 .rodata        0x0000f0ca        0x8 contiki-sky.a(sensors.o)
 *fill*         0x0000f0d2        0x2 00
 .rodata.get_value
                0x0000f0d4       0x1c contiki-sky.a(cc2420.o)
 .rodata        0x0000f0f0       0x3e contiki-sky.a(cc2420.o)
                0x0000f0f0                cc2420_aes_128_driver
                0x0000f0f4                cc2420_driver
 .rodata        0x0000f12e        0xf contiki-sky.a(ctimer.o)
 .rodata        0x0000f13d        0xc contiki-sky.a(etimer.o)
 *fill*         0x0000f149        0x1 00
 .rodata        0x0000f14a       0x24 contiki-sky.a(sicslowpan.o)
                0x0000f156                sicslowpan_driver
                0x0000f15c                llprefix
                0x0000f15e                unc_mxconf
                0x0000f162                unc_ctxconf
                0x0000f166                unc_llconf
 .rodata        0x0000f16e        0xd contiki-sky.a(tcpip.o)
 .rodata        0x0000f17b       0x29 contiki-sky.a(uip-debug.o)
 .rodata        0x0000f1a4        0x8 contiki-sky.a(framer-802154.o)
                0x0000f1a4                framer_802154
 .rodata        0x0000f1ac       0x16 contiki-sky.a(nullmac.o)
                0x0000f1b4                nullmac_driver
 .rodata        0x0000f1c2       0x18 contiki-sky.a(nullrdc.o)
                0x0000f1ca                nullrdc_driver
 .rodata        0x0000f1da        0x8 contiki-sky.a(linkaddr.o)
                0x0000f1da                linkaddr_null
 .rodata        0x0000f1e2       0x14 contiki-sky.a(nullsec.o)
                0x0000f1ea                nullsec_driver
 .rodata        0x0000f1f6       0x8a contiki-sky.a(er-coap.o)
 .rodata        0x0000f280        0x2 contiki-sky.a(frame802154.o)
 .rodata.vuprintf
                0x0000f282        0x7 /usr/local/msp430/bin/../lib/gcc/msp430/4.7.0/../../../../msp430/lib/mmpy-16/libc.a(vuprintf.o)
 *(.near.rodata .near.rodata.*)
                0x0000f28a                . = ALIGN (0x2)
                0x0000f28a                _etext = .

.data           0x00001100      0x122 load address 0x0000f28a
                0x00001100                . = ALIGN (0x2)
                0x00001100                __data_start = .
 *(.data .data.* .gnu.linkonce.d.*)
 .data          0x00001100       0x2e food_vending_machine.co
                0x00001100                server
                0x0000110a                id
                0x0000111c                resource_example
 .data          0x0000112e        0xa contiki-sky.a(er-coap-engine.)
                0x0000112e                coap_engine
 .data          0x00001138        0x8 contiki-sky.a(er-coap-transac)
 .data          0x00001140        0x8 contiki-sky.a(er-coap-observe)
 .data          0x00001148       0x12 contiki-sky.a(er-coap-res-wel)
                0x00001148                res_well_known_core
 .data          0x0000115a        0xa contiki-sky.a(rest-engine.o)
                0x0000115a                rest_engine_process
 .data          0x00001164        0x4 contiki-sky.a(contiki-sky-pla)
                0x00001164                sensors
 .data          0x00001168        0xa contiki-sky.a(sensors.o)
                0x00001168                sensors_process
 .data          0x00001172        0xa contiki-sky.a(cc2420.o)
                0x00001172                cc2420_process
 .data          0x0000117c        0x2 contiki-sky.a(msp430.o)
 .data          0x0000117e        0xa contiki-sky.a(ctimer.o)
                0x0000117e                ctimer_process
 .data          0x00001188        0xa contiki-sky.a(etimer.o)
                0x00001188                etimer_process
 .data          0x00001192        0xa contiki-sky.a(uip-ds6-nbr.o)
                0x00001192                ds6_neighbors
 .data          0x0000119c       0x20 contiki-sky.a(uip-ds6-route.o)
 .data          0x000011bc        0xc contiki-sky.a(uip-icmp6.o)
 .data          0x000011c8        0xa contiki-sky.a(tcpip.o)
                0x000011c8                tcpip_process
 .data          0x000011d2        0xa contiki-sky.a(rpl-dag.o)
                0x000011d2                rpl_parents
 .data          0x000011dc       0x1a contiki-sky.a(rpl-icmp6.o)
 .data          0x000011f6        0xe contiki-sky.a(rpl-mrhof.o)
                0x000011f6                rpl_mrhof
 .data          0x00001204        0x8 contiki-sky.a(nbr-table.o)
 .data          0x0000120c       0x10 contiki-sky.a(queuebuf.o)
 .data          0x0000121c        0x2 contiki-sky.a(er-coap.o)
                0x0000121c                coap_error_message
 .data.next     0x0000121e        0x4 /usr/local/msp430/bin/../lib/gcc/msp430/4.7.0/../../../../msp430/lib/mmpy-16/libc.a(rand.o)
 *(.near.data .near.data.*)
                0x00001222                . = ALIGN (0x2)
                0x00001222                _edata = .
                0x0000f28a                __data_load_start = LOADADDR (.data)
                0x00000122                __data_size = SIZEOF (.data)

.bss            0x00001222     0x1af4 load address 0x0000f3ac
                0x00001222                __bss_start = .
 *(.bss .bss.*)
 .bss           0x00001222        0x2 food_vending_machine.co
 .bss           0x00001224        0xc obj_sky/contiki-sky-main.o
 .bss           0x00001230      0x10c contiki-sky.a(er-coap-engine.)
 .bss           0x0000133c      0x2b0 contiki-sky.a(er-coap-transac)
 .bss           0x000015ec       0xa2 contiki-sky.a(er-coap-observe)
 .bss           0x0000168e        0x4 contiki-sky.a(rest-engine.o)
 .bss           0x00001692        0x8 contiki-sky.a(button-sensor.o)
 .bss           0x0000169a        0x2 contiki-sky.a(node-id.o)
                0x0000169a                node_id
 .bss           0x0000169c        0x6 contiki-sky.a(sensors.o)
 .bss           0x000016a2        0x8 contiki-sky.a(cc2420.o)
 .bss           0x000016aa       0x9a contiki-sky.a(uart1.o)
 .bss           0x00001744        0xa contiki-sky.a(clock.o)
 .bss           0x0000174e        0x1 contiki-sky.a(leds.o)
 *fill*         0x0000174f        0x1 00
 .bss           0x00001750        0x2 contiki-sky.a(watchdog.o)
 .bss           0x00001752        0x4 contiki-sky.a(ctimer.o)
 .bss           0x00001756        0x6 contiki-sky.a(etimer.o)
 .bss           0x0000175c       0x42 contiki-sky.a(process.o)
                0x0000175c                process_current
                0x0000175e                process_list
 .bss           0x0000179e        0x2 contiki-sky.a(rtimer.o)
 .bss           0x000017a0      0x124 contiki-sky.a(sicslowpan.o)
 .bss           0x000018c4        0x8 contiki-sky.a(uip6.o)
                0x000018c4                uip_ext_opt_offset
                0x000018c5                uip_ext_len
                0x000018c6                uip_ext_bitmap
 .bss           0x000018cc       0x18 contiki-sky.a(uip-ds6.o)
 .bss           0x000018e4      0x2f8 contiki-sky.a(uip-ds6-nbr.o)
 .bss           0x00001bdc      0x362 contiki-sky.a(uip-ds6-route.o)
 .bss           0x00001f3e       0x14 contiki-sky.a(uip-icmp6.o)
 .bss           0x00001f52        0xe contiki-sky.a(tcpip.o)
 .bss           0x00001f60        0x2 contiki-sky.a(rpl.o)
 .bss           0x00001f62       0xf0 contiki-sky.a(rpl-dag.o)
 .bss           0x00002052       0x18 contiki-sky.a(rpl-timers.o)
 .bss           0x0000206a        0x2 contiki-sky.a(framer-802154.o)
 .bss           0x0000206c      0x118 contiki-sky.a(nbr-table.o)
 .bss           0x00002184       0xb8 contiki-sky.a(packetbuf.o)
 .bss           0x0000223c      0x5a0 contiki-sky.a(queuebuf.o)
 .bss           0x000027dc        0x6 contiki-sky.a(er-coap.o)
                0x000027dc                erbium_status_code
 .bss.destination_
                0x000027e2        0x2 /usr/local/msp430/bin/../lib/gcc/msp430/4.7.0/../../../../msp430/lib/mmpy-16/libc.a(sprintf.o)
 .bss.available_
                0x000027e4        0x2 /usr/local/msp430/bin/../lib/gcc/msp430/4.7.0/../../../../msp430/lib/mmpy-16/libc.a(sprintf.o)
 *(.near.bss .near.bss.*)
 *(COMMON)
 COMMON         0x000027e6        0x2 contiki-sky.a(contiki-sky-pla)
                0x000027e6                sensors_flags
 COMMON         0x000027e8        0x8 contiki-sky.a(ds2411.o)
                0x000027e8                ds2411_id
 COMMON         0x000027f0        0x1 contiki-sky.a(sensors.o)
                0x000027f0                sensors_event
 *fill*         0x000027f1        0x1 00
 COMMON         0x000027f2       0x10 contiki-sky.a(cc2420.o)
                0x000027f2                cc2420_last_rssi
                0x000027f4                cc2420_sfd_start_time
                0x000027f6                cc2420_time_of_departure
                0x000027f8                cc2420_time_of_arrival
                0x000027fa                cc2420_last_correlation
                0x000027fc                cc2420_authority_level_of_sender
                0x000027fe                cc2420_sfd_counter
                0x00002800                cc2420_sfd_end_time
 COMMON         0x00002802        0x2 contiki-sky.a(msp430.o)
                0x00002802                msp430_dco_required
 COMMON         0x00002804       0x56 contiki-sky.a(energest.o)
                0x00002804                energest_total_time
                0x00002834                energest_total_count
                0x00002836                energest_current_mode
                0x00002842                energest_current_time
 COMMON         0x0000285a        0x1 contiki-sky.a(process.o)
                0x0000285a                process_maxevents
 *fill*         0x0000285b        0x1 00
 COMMON         0x0000285c        0x8 contiki-sky.a(sicslowpan.o)
                0x0000285c                frag_sender
 COMMON         0x00002864      0x240 contiki-sky.a(uip6.o)
                0x00002864                uip_len
                0x00002866                uip_sappdata
                0x00002868                uip_lladdr
                0x00002870                uip_aligned_buf
                0x00002960                uip_flags
                0x00002962                uip_next_hdr
                0x00002964                uip_udp_conn
                0x00002966                uip_appdata
                0x00002968                uip_conn
                0x0000296a                uip_slen
                0x0000296c                uip_udp_conns
 COMMON         0x00002aa4      0x15c contiki-sky.a(uip-ds6.o)
                0x00002aa4                uip_ds6_timer_ra
                0x00002aac                uip_ds6_if
                0x00002b98                uip_ds6_netif_addr_list_offset
                0x00002b99                uip_ds6_addr_size
                0x00002b9a                uip_ds6_prefix_list
                0x00002bf4                uip_ds6_timer_periodic
 COMMON         0x00002c00        0x1 contiki-sky.a(tcpip.o)
                0x00002c00                tcpip_event
 *fill*         0x00002c01        0x1 00
 COMMON         0x00002c02       0xde contiki-sky.a(rpl-dag.o)
                0x00002c02                default_instance
                0x00002c04                instance_table
 COMMON         0x00002ce0        0x8 contiki-sky.a(linkaddr.o)
                0x00002ce0                linkaddr_node_addr
 COMMON         0x00002ce8       0x2e contiki-sky.a(packetbuf.o)
                0x00002ce8                packetbuf_addrs
                0x00002cf8                packetbuf_attrs
                0x00002d16                . = ALIGN (0x2)
                0x00002d16                __bss_end = .
                0x00001af4                __bss_size = SIZEOF (.bss)

.noinit         0x00002d16        0x2 load address 0x0000f3ac
                0x00002d16                . = ALIGN (0x2)
                0x00002d16                __noinit_start = .
 *(.noinit .noinit.*)
 .noinit.crt0   0x00002d16        0x2 /usr/local/msp430/bin/../lib/gcc/msp430/4.7.0/mmpy-16/libcrt0.a(__watchdog_support.o)
                0x00002d16                __wdt_clear_value
                0x00002d18                . = ALIGN (0x2)
                0x00002d18                __noinit_end = .
                0x00002d18                . = ALIGN (0x2)
                0x00002d18                _end = .

.infomem        0x00001000        0x0
                0x00001000                . = ALIGN (0x2)
 *(.infomem .infomem.*)

.infomemnobits  0x00001000        0x0
                0x00001000                . = ALIGN (0x2)
 *(.infomemnobits .infomemnobits.*)

.infoa          0x00001080        0x0
                0x00001080                . = ALIGN (0x2)
 *(.infoa .infoa.*)

.infob          0x00001000        0x0
                0x00001000                . = ALIGN (0x2)
 *(.infob .infob.*)

.infoc          0x00000000        0x0
                0x00000000                . = ALIGN (0x2)
 *(.infoc .infoc.*)

.infod          0x00000000        0x0
                0x00000000                . = ALIGN (0x2)
 *(.infod .infod.*)

.vectors        0x0000ffe0       0x20
                0x0000ffe0                __vectors_start = .
 *(.vectors*)
 .vectors       0x0000ffe0       0x20 /usr/local/msp430/bin/../lib/gcc/msp430/4.7.0/mmpy-16/crt0ivtbl16.o
                0x0000ffe0                __ivtbl_16
                0x00010000                _vectors_end = .

.fartext        0x00000000        0x0
                0x00000000                . = ALIGN (0x2)
 *(.fartext .fartext.*)

.far.text       0x00000000        0x0
                0x00000000                . = ALIGN (0x2)
 *(.far.text .far.text.*)

.far.rodata     0x00000000        0x0
                0x00000000                . = ALIGN (0x2)
 *(.far.rodata .far.rodata.*)
                0x00000000                . = ALIGN (0x2)
                0x00000000                _efartext = .

.far.data       0x00000000        0x0
                0x00000000                . = ALIGN (0x2)
                0x00000000                __far_data_start = .
 *(.far.data .far.data.*)
                0x00000000                . = ALIGN (0x2)
                0x00000000                _efardata = .
                0x00000000                __far_data_load_start = LOADADDR (.far.data)
                0x00000000                __far_data_size = SIZEOF (.far.data)

.far.bss        0x00000000        0x0
                0x00000000                . = ALIGN (0x2)
                0x00000000                __far_bss_start = .
 *(.far.bss .far.bss.*)
                0x00000000                . = ALIGN (0x2)
                0x00000000                __far_bss_end = .
                0x00000000                __far_bss_size = SIZEOF (.far.bss)
                0x00000000                . = ALIGN (0x2)
                0x00000000                _far_end = .

.profiler
 *(.profiler)

.stab           0x00000000    0x2a660
 *(.stab)
 .stab          0x00000000     0x1b24 food_vending_machine.co
 .stab          0x00001b24     0x10d4 obj_sky/contiki-sky-main.o
                               0x1b0c (size before relaxing)
 .stab          0x00002bf8     0x1038 contiki-sky.a(er-coap-engine.)
                               0x2244 (size before relaxing)
 .stab          0x00003c30      0xc60 contiki-sky.a(er-coap-transac)
                               0x1cc8 (size before relaxing)
 .stab          0x00004890      0xda4 contiki-sky.a(er-coap-observe)
                               0x20c4 (size before relaxing)
 .stab          0x00005634      0x840 contiki-sky.a(er-coap-res-wel)
                               0x1c14 (size before relaxing)
 .stab          0x00005e74      0x810 contiki-sky.a(rest-engine.o)
                                0xdec (size before relaxing)
 .stab          0x00006684      0x258 contiki-sky.a(contiki-sky-pla)
                                0x5ac (size before relaxing)
 .stab          0x000068dc      0x468 contiki-sky.a(button-sensor.o)
                                0x7d4 (size before relaxing)
 .stab          0x00006d44      0x618 contiki-sky.a(ds2411.o)
                                0xb34 (size before relaxing)
 .stab          0x0000735c      0x9d8 contiki-sky.a(xmem.o)
                                0xf00 (size before relaxing)
 .stab          0x00007d34      0x2b8 contiki-sky.a(node-id.o)
                                0x4e0 (size before relaxing)
 .stab          0x00007fec      0x69c contiki-sky.a(sensors.o)
                                0xbb8 (size before relaxing)
 .stab          0x00008688     0x255c contiki-sky.a(cc2420.o)
                               0x2c28 (size before relaxing)
 .stab          0x0000abe4      0x5a0 contiki-sky.a(cc2420-arch.o)
                               0x171c (size before relaxing)
 .stab          0x0000b184      0x600 contiki-sky.a(uart1.o)
                                0x954 (size before relaxing)
 .stab          0x0000b784      0x27c contiki-sky.a(uart1-putchar.o)
                                0x7bc (size before relaxing)
 .stab          0x0000ba00      0x72c contiki-sky.a(msp430.o)
                                0xa80 (size before relaxing)
 .stab          0x0000c12c      0x930 contiki-sky.a(clock.o)
                                0xc84 (size before relaxing)
 .stab          0x0000ca5c      0x5a0 contiki-sky.a(leds.o)
                                0x7ec (size before relaxing)
 .stab          0x0000cffc      0x378 contiki-sky.a(leds-arch.o)
                                0x6cc (size before relaxing)
 .stab          0x0000d374      0x3cc contiki-sky.a(watchdog.o)
                                0x720 (size before relaxing)
 .stab          0x0000d740      0x3b4 contiki-sky.a(rtimer-arch.o)
                                0x708 (size before relaxing)
 .stab          0x0000daf4      0x288 contiki-sky.a(autostart.o)
                                0x534 (size before relaxing)
 .stab          0x0000dd7c      0x78c contiki-sky.a(ctimer.o)
                                0xaf8 (size before relaxing)
 .stab          0x0000e508      0x474 contiki-sky.a(energest.o)
                                0x6fc (size before relaxing)
 .stab          0x0000e97c      0x9fc contiki-sky.a(etimer.o)
                                0xccc (size before relaxing)
 .stab          0x0000f378      0xb70 contiki-sky.a(process.o)
                               0x1008 (size before relaxing)
 .stab          0x0000fee8      0x3cc contiki-sky.a(rtimer.o)
                                0x6b4 (size before relaxing)
 .stab          0x000102b4      0x348 contiki-sky.a(timer.o)
                                0x588 (size before relaxing)
 .stab          0x000105fc      0x7bc contiki-sky.a(list.o)