Archive member included because of file (symbol)

contiki-sky.a(er-coap-engine.)
                              food_vending_machine.co (coap_rest_implementation)
contiki-sky.a(er-coap-transac)
                              contiki-sky.a(er-coap-engine.) (coap_register_as_transaction_handler)
contiki-sky.a(er-coap-observe)
                              contiki-sky.a(er-coap-transac) (coap_remove_observer_by_client)
contiki-sky.a(er-coap-res-wel)
                              contiki-sky.a(er-coap-engine.) (res_well_known_core)
contiki-sky.a(rest-engine.o)  food_vending_machine.co (rest_init_engine)
contiki-sky.a(contiki-sky-pla)
                              obj_sky/contiki-sky-main.o (init_platform)
contiki-sky.a(button-sensor.o)
                              contiki-sky.a(contiki-sky-pla) (button_sensor)
contiki-sky.a(ds2411.o)       obj_sky/contiki-sky-main.o (ds2411_init)
contiki-sky.a(xmem.o)         obj_sky/contiki-sky-main.o (xmem_init)
contiki-sky.a(node-id.o)      obj_sky/contiki-sky-main.o (node_id_restore)
contiki-sky.a(sensors.o)      contiki-sky.a(button-sensor.o) (sensors_changed)
contiki-sky.a(cc2420.o)       obj_sky/contiki-sky-main.o (cc2420_set_pan_addr)
contiki-sky.a(cc2420-arch.o)  contiki-sky.a(cc2420.o) (cc2420_arch_init)
contiki-sky.a(uart1.o)        obj_sky/contiki-sky-main.o (uart1_active)
contiki-sky.a(uart1-putchar.o)
                              obj_sky/contiki-sky-main.o (putchar)
contiki-sky.a(msp430.o)       contiki-sky.a(uart1.o) (msp430_add_lpm_req)
contiki-sky.a(clock.o)        obj_sky/contiki-sky-main.o (clock_init)
contiki-sky.a(leds.o)         obj_sky/contiki-sky-main.o (leds_init)
contiki-sky.a(leds-arch.o)    contiki-sky.a(leds.o) (leds_arch_init)
contiki-sky.a(watchdog.o)     obj_sky/contiki-sky-main.o (watchdog_start)
contiki-sky.a(rtimer-arch.o)  obj_sky/contiki-sky-main.o (rtimer_arch_now)
contiki-sky.a(autostart.o)    obj_sky/contiki-sky-main.o (autostart_start)
contiki-sky.a(ctimer.o)       obj_sky/contiki-sky-main.o (ctimer_init)
contiki-sky.a(energest.o)     obj_sky/contiki-sky-main.o (energest_init)
contiki-sky.a(etimer.o)       contiki-sky.a(clock.o) (etimer_request_poll)
contiki-sky.a(process.o)      food_vending_machine.co (process_current)
contiki-sky.a(rtimer.o)       obj_sky/contiki-sky-main.o (rtimer_init)
contiki-sky.a(timer.o)        obj_sky/contiki-sky-main.o (timer_set)
contiki-sky.a(list.o)         contiki-sky.a(rest-engine.o) (list_init)
contiki-sky.a(memb.o)         contiki-sky.a(er-coap-transac) (memb_alloc)
contiki-sky.a(random.o)       obj_sky/contiki-sky-main.o (random_init)
contiki-sky.a(sicslowpan.o)   obj_sky/contiki-sky-main.o (sicslowpan_driver)
contiki-sky.a(uip6.o)         contiki-sky.a(er-coap-engine.) (uip_aligned_buf)
contiki-sky.a(uip-ds6.o)      contiki-sky.a(uip6.o) (uip_ds6_is_addr_onlink)
contiki-sky.a(uip-ds6-nbr.o)  contiki-sky.a(uip-ds6.o) (uip_ds6_neighbors_init)
contiki-sky.a(uip-ds6-route.o)
                              contiki-sky.a(uip-ds6.o) (uip_ds6_route_init)
contiki-sky.a(uip-icmp6.o)    contiki-sky.a(uip6.o) (uip_icmp6_input)
contiki-sky.a(uip-nd6.o)      contiki-sky.a(uip6.o) (uip_nd6_init)
contiki-sky.a(tcpip.o)        contiki-sky.a(sicslowpan.o) (tcpip_set_outputfunc)
contiki-sky.a(uip-debug.o)    contiki-sky.a(uip-ds6-route.o) (uip_debug_ipaddr_print)
contiki-sky.a(rpl.o)          contiki-sky.a(uip-ds6-nbr.o) (rpl_link_neighbor_callback)
contiki-sky.a(rpl-dag.o)      contiki-sky.a(rpl.o) (default_instance)
contiki-sky.a(rpl-ext-header.)
                              contiki-sky.a(uip6.o) (rpl_verify_header)
contiki-sky.a(rpl-icmp6.o)    contiki-sky.a(rpl.o) (dao_output_target)
contiki-sky.a(rpl-mrhof.o)    contiki-sky.a(rpl.o) (rpl_mrhof)
contiki-sky.a(rpl-timers.o)   contiki-sky.a(rpl.o) (rpl_reset_periodic_timer)
contiki-sky.a(framer-802154.o)
                              contiki-sky.a(sicslowpan.o) (framer_802154)
contiki-sky.a(framer.o)       contiki-sky.a(framer-802154.o) (framer_canonical_create_and_secure)
contiki-sky.a(nullmac.o)      obj_sky/contiki-sky-main.o (nullmac_driver)
contiki-sky.a(nullrdc.o)      obj_sky/contiki-sky-main.o (nullrdc_driver)
contiki-sky.a(linkaddr.o)     obj_sky/contiki-sky-main.o (linkaddr_copy)
contiki-sky.a(nbr-table.o)    contiki-sky.a(uip-ds6-nbr.o) (nbr_table_register)
contiki-sky.a(packetbuf.o)    contiki-sky.a(framer.o) (packetbuf_compact)
contiki-sky.a(queuebuf.o)     obj_sky/contiki-sky-main.o (queuebuf_init)
contiki-sky.a(nullsec.o)      obj_sky/contiki-sky-main.o (nullsec_driver)
contiki-sky.a(er-coap.o)      contiki-sky.a(er-coap-engine.) (coap_init_connection)
contiki-sky.a(spi.o)          contiki-sky.a(xmem.o) (spi_init)
contiki-sky.a(stimer.o)       contiki-sky.a(uip-ds6.o) (stimer_set)
contiki-sky.a(uip-udp-packet.)
                              contiki-sky.a(er-coap.o) (uip_udp_packet_send)
contiki-sky.a(frame802154.o)  contiki-sky.a(framer-802154.o) (frame802154_hdrlen)
contiki-sky.a(mac.o)          contiki-sky.a(nullrdc.o) (mac_call_sent_callback)
[...]
Memory Configuration

Name             Origin             Length             Attributes
sfr              0x00000000         0x00000010
peripheral_8bit  0x00000010         0x000000f0
peripheral_16bit 0x00000100         0x00000100
ram_mirror       0x00000200         0x00000800         xw
infomem          0x00001000         0x00000100
infob            0x00001000         0x00000080
infoa            0x00001080         0x00000080
ram              0x00001100         0x00002800         xw
rom              0x00004000         0x0000bfe0         xr
vectors          0x0000ffe0         0x00000020
bsl              0x00000000         0x00000000
infoc            0x00000000         0x00000000
infod            0x00000000         0x00000000
ram2             0x00000000         0x00000000         xw
usbram           0x00000000         0x00000000         xw
far_rom          0x00000000         0x00000000
*default*        0x00000000         0xffffffff

Linker script and memory map

LOAD /usr/local/msp430/bin/../lib/gcc/msp430/4.7.0/mmpy-16/crt0ivtbl16.o
LOAD food_vending_machine.co
LOAD obj_sky/contiki-sky-main.o
LOAD contiki-sky.a
LOAD /usr/local/msp430/bin/../lib/gcc/msp430/4.7.0/mmpy-16/libgcc.a
LOAD /usr/local/msp430/bin/../lib/gcc/msp430/4.7.0/../../../../msp430/lib/mmpy-16/libc.a
LOAD /usr/local/msp430/bin/../lib/gcc/msp430/4.7.0/mmpy-16/libgcc.a
LOAD /usr/local/msp430/bin/../lib/gcc/msp430/4.7.0/mmpy-16/libcrt0.a
                0x00000080                PROVIDE (__info_segment_size, 0x80)
                0x00001000                PROVIDE (__infob, 0x1000)
                0x00001080                PROVIDE (__infoa, 0x1080)
                0x00000000                __IE1 = 0x0
                0x00000002                __IFG1 = 0x2
                0x00000004                __ME1 = 0x4
                0x00000001                __IE2 = 0x1
                0x00000003                __IFG2 = 0x3
                0x00000005                __ME2 = 0x5
                0x00000120                __WDTCTL = 0x120
                0x00000130                __MPY = 0x130
                0x00000132                __MPYS = 0x132
                0x00000134                __MAC = 0x134
                0x00000136                __MACS = 0x136
                0x00000138                __OP2 = 0x138
                0x0000013a                __RESLO = 0x13a
                0x0000013c                __RESHI = 0x13c
                0x0000013e                __SUMEXT = 0x13e
                0x00000020                __P1IN = 0x20
                0x00000021                __P1OUT = 0x21
                0x00000022                __P1DIR = 0x22
                0x00000023                __P1IFG = 0x23
                0x00000024                __P1IES = 0x24
                0x00000025                __P1IE = 0x25
                0x00000026                __P1SEL = 0x26
                0x00000028                __P2IN = 0x28
                0x00000029                __P2OUT = 0x29
                0x0000002a                __P2DIR = 0x2a
                0x0000002b                __P2IFG = 0x2b
                0x0000002c                __P2IES = 0x2c
                0x0000002d                __P2IE = 0x2d
                0x0000002e                __P2SEL = 0x2e
                0x00000018                __P3IN = 0x18
                0x00000019                __P3OUT = 0x19
                0x0000001a                __P3DIR = 0x1a
                0x0000001b                __P3SEL = 0x1b
                0x0000001c                __P4IN = 0x1c
                0x0000001d                __P4OUT = 0x1d
                0x0000001e                __P4DIR = 0x1e
                0x0000001f                __P4SEL = 0x1f
                0x00000030                __P5IN = 0x30
                0x00000031                __P5OUT = 0x31
                0x00000032                __P5DIR = 0x32
                0x00000033                __P5SEL = 0x33
                0x00000034                __P6IN = 0x34
                0x00000035                __P6OUT = 0x35
                0x00000036                __P6DIR = 0x36
                0x00000037                __P6SEL = 0x37
                0x00000070                __U0CTL = 0x70
                0x00000071                __U0TCTL = 0x71
                0x00000072                __U0RCTL = 0x72
                0x00000073                __U0MCTL = 0x73
                0x00000074                __U0BR0 = 0x74
                0x00000075                __U0BR1 = 0x75
                0x00000076                __U0RXBUF = 0x76
                0x00000077                __U0TXBUF = 0x77
                0x00000078                __U1CTL = 0x78
                0x00000079                __U1TCTL = 0x79
                0x0000007a                __U1RCTL = 0x7a
                0x0000007b                __U1MCTL = 0x7b
                0x0000007c                __U1BR0 = 0x7c
                0x0000007d                __U1BR1 = 0x7d
                0x0000007e                __U1RXBUF = 0x7e
                0x0000007f                __U1TXBUF = 0x7f
                0x00000050                __I2CIE = 0x50
                0x00000051                __I2CIFG = 0x51
                0x00000052                __I2CNDAT = 0x52
                0x00000071                __I2CTCTL = 0x71
                0x00000072                __I2CDCTL = 0x72
                0x00000073                __I2CPSC = 0x73
                0x00000074                __I2CSCLH = 0x74
                0x00000075                __I2CSCLL = 0x75
                0x00000076                __I2CDRB = 0x76
                0x00000076                __I2CDRW = 0x76
                0x00000118                __I2COA = 0x118
                0x0000011a                __I2CSA = 0x11a
                0x0000011c                __I2CIV = 0x11c
                0x0000012e                __TAIV = 0x12e
                0x00000160                __TACTL = 0x160
                0x00000162                __TACCTL0 = 0x162
                0x00000164                __TACCTL1 = 0x164
                0x00000166                __TACCTL2 = 0x166
                0x00000170                __TAR = 0x170
                0x00000172                __TACCR0 = 0x172
                0x00000174                __TACCR1 = 0x174
                0x00000176                __TACCR2 = 0x176
                0x0000011e                __TBIV = 0x11e
                0x00000180                __TBCTL = 0x180
                0x00000182                __TBCCTL0 = 0x182
                0x00000184                __TBCCTL1 = 0x184
                0x00000186                __TBCCTL2 = 0x186
                0x00000188                __TBCCTL3 = 0x188
                0x0000018a                __TBCCTL4 = 0x18a
                0x0000018c                __TBCCTL5 = 0x18c
                0x0000018e                __TBCCTL6 = 0x18e
                0x00000190                __TBR = 0x190
                0x00000192                __TBCCR0 = 0x192
                0x00000194                __TBCCR1 = 0x194
                0x00000196                __TBCCR2 = 0x196
                0x00000198                __TBCCR3 = 0x198
                0x0000019a                __TBCCR4 = 0x19a
                0x0000019c                __TBCCR5 = 0x19c
                0x0000019e                __TBCCR6 = 0x19e
                0x00000056                __DCOCTL = 0x56
                0x00000057                __BCSCTL1 = 0x57
                0x00000058                __BCSCTL2 = 0x58
                0x00000055                __SVSCTL = 0x55
                0x00000128                __FCTL1 = 0x128
                0x0000012a                __FCTL2 = 0x12a
                0x0000012c                __FCTL3 = 0x12c
                0x00000059                __CACTL1 = 0x59
                0x0000005a                __CACTL2 = 0x5a
                0x0000005b                __CAPD = 0x5b
                0x000001a0                __ADC12CTL0 = 0x1a0
                0x000001a2                __ADC12CTL1 = 0x1a2
                0x000001a4                __ADC12IFG = 0x1a4
                0x000001a6                __ADC12IE = 0x1a6
                0x000001a8                __ADC12IV = 0x1a8
                0x00000140                __ADC12MEM0 = 0x140
                0x00000142                __ADC12MEM1 = 0x142
                0x00000144                __ADC12MEM2 = 0x144
                0x00000146                __ADC12MEM3 = 0x146
                0x00000148                __ADC12MEM4 = 0x148
                0x0000014a                __ADC12MEM5 = 0x14a
                0x0000014c                __ADC12MEM6 = 0x14c
                0x0000014e                __ADC12MEM7 = 0x14e
                0x00000150                __ADC12MEM8 = 0x150
                0x00000152                __ADC12MEM9 = 0x152
                0x00000154                __ADC12MEM10 = 0x154
                0x00000156                __ADC12MEM11 = 0x156
                0x00000158                __ADC12MEM12 = 0x158
                0x0000015a                __ADC12MEM13 = 0x15a
                0x0000015c                __ADC12MEM14 = 0x15c
                0x0000015e                __ADC12MEM15 = 0x15e
                0x00000080                __ADC12MCTL0 = 0x80
                0x00000081                __ADC12MCTL1 = 0x81
                0x00000082                __ADC12MCTL2 = 0x82
                0x00000083                __ADC12MCTL3 = 0x83
                0x00000084                __ADC12MCTL4 = 0x84
                0x00000085                __ADC12MCTL5 = 0x85
                0x00000086                __ADC12MCTL6 = 0x86
                0x00000087                __ADC12MCTL7 = 0x87
                0x00000088                __ADC12MCTL8 = 0x88
                0x00000089                __ADC12MCTL9 = 0x89
                0x0000008a                __ADC12MCTL10 = 0x8a
                0x0000008b                __ADC12MCTL11 = 0x8b
                0x0000008c                __ADC12MCTL12 = 0x8c
                0x0000008d                __ADC12MCTL13 = 0x8d
                0x0000008e                __ADC12MCTL14 = 0x8e
                0x0000008f                __ADC12MCTL15 = 0x8f
                0x000001c0                __DAC12_0CTL = 0x1c0
                0x000001c2                __DAC12_1CTL = 0x1c2
                0x000001c8                __DAC12_0DAT = 0x1c8
                0x000001ca                __DAC12_1DAT = 0x1ca
                0x00000122                __DMACTL0 = 0x122
                0x00000124                __DMACTL1 = 0x124
                0x000001e0                __DMA0CTL = 0x1e0
                0x000001e8                __DMA1CTL = 0x1e8
                0x000001f0                __DMA2CTL = 0x1f0
                0x000001e2                __DMA0SA = 0x1e2
                0x000001e4                __DMA0DA = 0x1e4
                0x000001e6                __DMA0SZ = 0x1e6
                0x000001ea                __DMA1SA = 0x1ea
                0x000001ec                __DMA1DA = 0x1ec
                0x000001ee                __DMA1SZ = 0x1ee
                0x000001f2                __DMA2SA = 0x1f2
                0x000001f4                __DMA2DA = 0x1f4
                0x000001f6                __DMA2SZ = 0x1f6

.hash
 *(.hash)

.dynsym
 *(.dynsym)

.dynstr
 *(.dynstr)

.gnu.version
 *(.gnu.version)

.gnu.version_d
 *(.gnu.version_d)

.gnu.version_r
 *(.gnu.version_r)

.rel.init
 *(.rel.init)

.rela.init
 *(.rela.init)

.rel.fini
 *(.rel.fini)

.rela.fini
 *(.rela.fini)

.rel.text
 *(.rel.text .rel.text.* .rel.gnu.linkonce.t.*)

.rela.text
 *(.rela.text .rela.text.* .rela.gnu.linkonce.t.*)

.rel.rodata
 *(.rel.rodata .rel.rodata.* .rel.gnu.linkonce.r.*)

.rela.rodata
 *(.rela.rodata .rela.rodata.* .rela.gnu.linkonce.r.*)

.rel.data
 *(.rel.data .rel.data.* .rel.gnu.linkonce.d.*)

.rela.data
 *(.rela.data .rela.data.* .rela.gnu.linkonce.d.*)

.rel.bss
 *(.rel.bss .rel.bss.* .rel.gnu.linkonce.b.*)

.rela.bss
 *(.rela.bss .rela.bss.* .rela.gnu.linkonce.b.*)

.rel.ctors
 *(.rel.ctors)

.rela.ctors
 *(.rela.ctors)

.rel.dtors
 *(.rel.dtors)

.rela.dtors
 *(.rela.dtors)

.rel.got
 *(.rel.got)

.rela.got
 *(.rela.got)

.rel.plt
 *(.rel.plt)

.rela.plt
 *(.rela.plt)

.text           0x00004000     0xac2e
                0x00004000                . = ALIGN (0x2)
 *(.init .init.*)
 *(.init0)
 .init0         0x00004000        0x0 /usr/local/msp430/bin/../lib/gcc/msp430/4.7.0/mmpy-16/libcrt0.a(_reset_vector__.o)
                0x00004000                _reset_vector__
 *(.init1)
 .init1         0x00004000        0xc /usr/local/msp430/bin/../lib/gcc/msp430/4.7.0/mmpy-16/libcrt0.a(__watchdog_support.o)
                0x00004000                __watchdog_support
 *(.init2)
 .init2         0x0000400c        0x4 /usr/local/msp430/bin/../lib/gcc/msp430/4.7.0/mmpy-16/libcrt0.a(__init_stack.o)
                0x0000400c                __init_stack
 *(.init3)
 .init3         0x00004010        0x0 /usr/local/msp430/bin/../lib/gcc/msp430/4.7.0/mmpy-16/libcrt0.a(__low_level_init.o)
                0x00004010                __low_level_init
 *(.init4)
 .init4         0x00004010       0x18 /usr/local/msp430/bin/../lib/gcc/msp430/4.7.0/mmpy-16/libcrt0.a(_copy_data.o)
                0x00004010                __do_copy_data
 .init4         0x00004028       0x16 /usr/local/msp430/bin/../lib/gcc/msp430/4.7.0/mmpy-16/libcrt0.a(_clear_bss.o)
                0x00004028                __do_clear_bss
 *(.init5)
 *(.init6)
 *(.init7)
 *(.init8)
 *(.init9)
 .init9         0x0000403e      0x2d6 obj_sky/contiki-sky-main.o
                0x0000403e                main
 *(.fini9)
 .fini9         0x00004314        0x0 /usr/local/msp430/bin/../lib/gcc/msp430/4.7.0/mmpy-16/libcrt0.a(__stop_progExec__.o)
                0x00004314                __stop_progExec__
 *(.fini8)
 *(.fini7)
 *(.fini6)
 *(.fini5)
 *(.fini4)
 *(.fini3)
 *(.fini2)
 *(.fini1)
 *(.fini0)
 .fini0         0x00004314        0x6 /usr/local/msp430/bin/../lib/gcc/msp430/4.7.0/mmpy-16/libcrt0.a(_endless_loop__.o)
                0x00004314                _endless_loop__
 *(.fini .fini.*)
                0x0000431a                . = ALIGN (0x2)
                0x0000431a                __ctors_start = .
 *(.ctors)
                0x0000431a                __ctors_end = .
                0x0000431a                __dtors_start = .
 *(.dtors)
                0x0000431a                __dtors_end = .
                0x0000431a                . = ALIGN (0x2)
 *(.text .text.* .gnu.linkonce.t.*)
 .text          0x0000431a        0x4 /usr/local/msp430/bin/../lib/gcc/msp430/4.7.0/mmpy-16/crt0ivtbl16.o
                0x0000431a                __isr_14
                0x0000431a                __isr_11
                0x0000431a                __isr_2
                0x0000431a                __isr_7
                0x0000431a                __isr_0
                0x0000431a                __isr_8
                0x0000431a                __isr_3
                0x0000431a                __isr_12
                0x0000431a                __isr_13
                0x0000431a                __isr_9
 .text.process_thread_server
                0x0000431e       0x5e food_vending_machine.co
 .text.res_get_handler
                0x0000437c       0x4a food_vending_machine.co
 .text.start_network_layer
                0x000043c6       0xa2 obj_sky/contiki-sky-main.o
 .text.coap_set_service_callback
                0x00004468        0x6 contiki-sky.a(er-coap-engine.)
                0x00004468                coap_set_service_callback
 .text.coap_get_rest_method
                0x0000446e       0x18 contiki-sky.a(er-coap-engine.)
                0x0000446e                coap_get_rest_method
 .text.process_thread_coap_engine
                0x00004486      0x428 contiki-sky.a(er-coap-engine.)
 .text.coap_init_engine
                0x000048ae        0xc contiki-sky.a(er-coap-engine.)
                0x000048ae                coap_init_engine
 .text.coap_register_as_transaction_handler
                0x000048ba        0x8 contiki-sky.a(er-coap-transac)
                0x000048ba                coap_register_as_transaction_handler
 .text.coap_new_transaction
                0x000048c2       0x4e contiki-sky.a(er-coap-transac)
                0x000048c2                coap_new_transaction
 .text.coap_clear_transaction
                0x00004910       0x26 contiki-sky.a(er-coap-transac)
                0x00004910                coap_clear_transaction
 .text.coap_send_transaction
                0x00004936       0xc4 contiki-sky.a(er-coap-transac)
                0x00004936                coap_send_transaction
 .text.coap_get_transaction_by_mid
                0x000049fa       0x1e contiki-sky.a(er-coap-transac)
                0x000049fa                coap_get_transaction_by_mid
 .text.coap_check_transactions
                0x00004a18       0x2e contiki-sky.a(er-coap-transac)
                0x00004a18                coap_check_transactions
 .text.coap_remove_observer
                0x00004a46       0x1c contiki-sky.a(er-coap-observe)
                0x00004a46                coap_remove_observer
 .text.coap_remove_observer_by_client
                0x00004a62       0x4c contiki-sky.a(er-coap-observe)
                0x00004a62                coap_remove_observer_by_client
 .text.coap_remove_observer_by_token
                0x00004aae       0x72 contiki-sky.a(er-coap-observe)
                0x00004aae                coap_remove_observer_by_token
 .text.coap_remove_observer_by_uri
                0x00004b20       0x76 contiki-sky.a(er-coap-observe)
                0x00004b20                coap_remove_observer_by_uri
 .text.coap_add_observer
                0x00004b96       0x6c contiki-sky.a(er-coap-observe)
                0x00004b96                coap_add_observer
 .text.coap_remove_observer_by_mid
                0x00004c02       0x58 contiki-sky.a(er-coap-observe)
                0x00004c02                coap_remove_observer_by_mid
 .text.coap_notify_observers
                0x00004c5a       0xec contiki-sky.a(er-coap-observe)
                0x00004c5a                coap_notify_observers
 .text.coap_observe_handler
                0x00004d46       0xbe contiki-sky.a(er-coap-observe)
                0x00004d46                coap_observe_handler
 .text.well_known_core_get_handler
                0x00004e04      0x276 contiki-sky.a(er-coap-res-wel)
                0x00004e04                well_known_core_get_handler
 .text.process_thread_rest_engine_process
                0x0000507a       0xc6 contiki-sky.a(rest-engine.o)
 .text.rest_invoke_restful_service
                0x00005140      0x134 contiki-sky.a(rest-engine.o)
                0x00005140                rest_invoke_restful_service
 .text.rest_init_engine
                0x00005274       0x26 contiki-sky.a(rest-engine.o)
                0x00005274                rest_init_engine
 .text.rest_activate_resource
                0x0000529a       0x3c contiki-sky.a(rest-engine.o)
                0x0000529a                rest_activate_resource
 .text.rest_get_resources
                0x000052d6        0x6 contiki-sky.a(rest-engine.o)
                0x000052d6                rest_get_resources
 .text.init_platform
                0x000052dc        0xc contiki-sky.a(contiki-sky-pla)
                0x000052dc                init_platform
 .text.status   0x000052e8       0x18 contiki-sky.a(button-sensor.o)
 .text.value    0x00005300       0x20 contiki-sky.a(button-sensor.o)
 .text.configure
                0x00005320       0x4c contiki-sky.a(button-sensor.o)
 .text.irq_p2   0x0000536c       0x88 contiki-sky.a(button-sensor.o)
                0x0000536c                irq_p2
                0x0000536c                __isr_1
 .text.owreadb  0x000053f4       0x50 contiki-sky.a(ds2411.o)
 .text.ds2411_init
                0x00005444      0x120 contiki-sky.a(ds2411.o)
                0x00005444                ds2411_init
 .text.wait_ready
                0x00005564       0x4a contiki-sky.a(xmem.o)
 .text.xmem_init
                0x000055ae       0x3c contiki-sky.a(xmem.o)
                0x000055ae                xmem_init
 .text.xmem_pread
                0x000055ea       0xe0 contiki-sky.a(xmem.o)
                0x000055ea                xmem_pread
 .text.node_id_restore
                0x000056ca       0x38 contiki-sky.a(node-id.o)
                0x000056ca                node_id_restore
 .text.process_thread_sensors_process
                0x00005702       0xc2 contiki-sky.a(sensors.o)
 .text.sensors_changed
                0x000057c4       0x2a contiki-sky.a(sensors.o)
                0x000057c4                sensors_changed
 .text.get_object
                0x000057ee        0x4 contiki-sky.a(cc2420.o)
 .text.set_object
                0x000057f2        0x4 contiki-sky.a(cc2420.o)
 .text.strobe   0x000057f6       0x1c contiki-sky.a(cc2420.o)
 .text.getreg   0x00005812       0x4c contiki-sky.a(cc2420.o)
 .text.setreg   0x0000585e       0x4c contiki-sky.a(cc2420.o)
 .text.write_ram
                0x000058aa       0x7c contiki-sky.a(cc2420.o)
 .text.write_fifo_buf
                0x00005926       0x3c contiki-sky.a(cc2420.o)
 .text.get_status
                0x00005962       0x20 contiki-sky.a(cc2420.o)
 .text.set_txpower
                0x00005982       0x24 contiki-sky.a(cc2420.o)
 .text.cc2420_receiving_packet
                0x000059a6        0xc contiki-sky.a(cc2420.o)
 .text.pending_packet
                0x000059b2        0x8 contiki-sky.a(cc2420.o)
 .text.on       0x000059ba       0x1e contiki-sky.a(cc2420.o)
 .text.wait_for_transmission
                0x000059d8       0x22 contiki-sky.a(cc2420.o)
 .text.wait_for_status
                0x000059fa       0x28 contiki-sky.a(cc2420.o)
 .text.getrxdata
                0x00005a22       0x50 contiki-sky.a(cc2420.o)
 .text.flushrx  0x00005a72       0x1a contiki-sky.a(cc2420.o)
 .text.off      0x00005a8c       0x56 contiki-sky.a(cc2420.o)
 .text.RELEASE_LOCK
                0x00005ae2       0x28 contiki-sky.a(cc2420.o)
 .text.set_key  0x00005b0a       0x18 contiki-sky.a(cc2420.o)
 .text.cc2420_prepare
                0x00005b22       0x3c contiki-sky.a(cc2420.o)
 .text.cc2420_on
                0x00005b5e       0x22 contiki-sky.a(cc2420.o)
                0x00005b5e                cc2420_on
 .text.cc2420_off
                0x00005b80       0x30 contiki-sky.a(cc2420.o)
                0x00005b80                cc2420_off
 .text.cc2420_cca
                0x00005bb0       0x68 contiki-sky.a(cc2420.o)
 .text.cc2420_read
                0x00005c18       0xac contiki-sky.a(cc2420.o)
 .text.process_thread_cc2420_process
                0x00005cc4       0x54 contiki-sky.a(cc2420.o)
 .text.encrypt  0x00005d18       0x88 contiki-sky.a(cc2420.o)
 .text.cc2420_set_channel
                0x00005da0       0x3c contiki-sky.a(cc2420.o)
                0x00005da0                cc2420_set_channel
 .text.cc2420_set_pan_addr
                0x00005ddc       0x4c contiki-sky.a(cc2420.o)
                0x00005ddc                cc2420_set_pan_addr
 .text.cc2420_interrupt
                0x00005e28       0x16 contiki-sky.a(cc2420.o)
                0x00005e28                cc2420_interrupt
 .text.cc2420_set_txpower
                0x00005e3e        0xe contiki-sky.a(cc2420.o)
                0x00005e3e                cc2420_set_txpower
 .text.cc2420_get_txpower
                0x00005e4c       0x1e contiki-sky.a(cc2420.o)
                0x00005e4c                cc2420_get_txpower
 .text.cc2420_transmit
                0x00005e6a      0x110 contiki-sky.a(cc2420.o)
 .text.cc2420_send
                0x00005f7a       0x12 contiki-sky.a(cc2420.o)
 .text.cc2420_rssi
                0x00005f8c       0x4c contiki-sky.a(cc2420.o)
                0x00005f8c                cc2420_rssi
 .text.get_value
                0x00005fd8       0xa8 contiki-sky.a(cc2420.o)
 .text.cc2420_set_cca_threshold
                0x00006080       0x16 contiki-sky.a(cc2420.o)
                0x00006080                cc2420_set_cca_threshold
 .text.set_value
                0x00006096       0x86 contiki-sky.a(cc2420.o)
 .text.cc2420_init
                0x0000611c       0xd8 contiki-sky.a(cc2420.o)
                0x0000611c                cc2420_init
 .text.cc2420_port1_interrupt
                0x000061f4       0x62 contiki-sky.a(cc2420-arch.o)
                0x000061f4                __isr_4
                0x000061f4                cc2420_port1_interrupt
 .text.cc2420_arch_init
                0x00006256       0x1a contiki-sky.a(cc2420-arch.o)
                0x00006256                cc2420_arch_init
 .text.uart1_active
                0x00006270       0x18 contiki-sky.a(uart1.o)
                0x00006270                uart1_active
 .text.uart1_writeb
                0x00006288       0x18 contiki-sky.a(uart1.o)
                0x00006288                uart1_writeb
 .text.uart1_init
                0x000062a0       0xf4 contiki-sky.a(uart1.o)
                0x000062a0                uart1_init
 .text.putchar  0x00006394       0x10 contiki-sky.a(uart1-putchar.o)
                0x00006394                putchar
 .text.msp430_init_dco
                0x000063a4       0x82 contiki-sky.a(msp430.o)
                0x000063a4                msp430_init_dco
 .text.msp430_add_lpm_req
                0x00006426        0xc contiki-sky.a(msp430.o)
                0x00006426                msp430_add_lpm_req
 .text.msp430_cpu_init
                0x00006432       0x2a contiki-sky.a(msp430.o)
                0x00006432                msp430_cpu_init
 .text.splhigh_
                0x0000645c        0x8 contiki-sky.a(msp430.o)
                0x0000645c                splhigh_
 .text.msp430_sync_dco
                0x00006464       0x6c contiki-sky.a(msp430.o)
                0x00006464                msp430_sync_dco
 .text.timera1  0x000064d0      0x11e contiki-sky.a(clock.o)
                0x000064d0                __isr_5
                0x000064d0                timera1
 .text.clock_time
                0x000065ee       0x1a contiki-sky.a(clock.o)
                0x000065ee                clock_time
 .text.clock_init
                0x00006608       0x28 contiki-sky.a(clock.o)
                0x00006608                clock_init
 .text.clock_delay
                0x00006630        0xc contiki-sky.a(clock.o)
                0x00006630                clock_delay
 .text.clock_seconds
                0x0000663c       0x1a contiki-sky.a(clock.o)
                0x0000663c                clock_seconds
 .text.show_leds
                0x00006656       0xf0 contiki-sky.a(leds.o)
 .text.leds_init
                0x00006746        0xa contiki-sky.a(leds.o)
                0x00006746                leds_init
 .text.leds_on  0x00006750        0xa contiki-sky.a(leds.o)
                0x00006750                leds_on
 .text.leds_off
                0x0000675a        0xe contiki-sky.a(leds.o)
                0x0000675a                leds_off
 .text.leds_arch_init
                0x00006768        0xe contiki-sky.a(leds-arch.o)
                0x00006768                leds_arch_init
 .text.leds_arch_set
                0x00006776       0x38 contiki-sky.a(leds-arch.o)
                0x00006776                leds_arch_set
 .text.watchdog_interrupt
                0x000067ae        0x6 contiki-sky.a(watchdog.o)
                0x000067ae                __isr_10
                0x000067ae                watchdog_interrupt
 .text.watchdog_start
                0x000067b4       0x14 contiki-sky.a(watchdog.o)
                0x000067b4                watchdog_start
 .text.watchdog_periodic
                0x000067c8       0x12 contiki-sky.a(watchdog.o)
                0x000067c8                watchdog_periodic
 .text.watchdog_stop
                0x000067da       0x16 contiki-sky.a(watchdog.o)
                0x000067da                watchdog_stop
 .text.watchdog_init
                0x000067f0       0x12 contiki-sky.a(watchdog.o)
                0x000067f0                watchdog_init
 .text.rtimer_arch_init
                0x00006802        0xe contiki-sky.a(rtimer-arch.o)
                0x00006802                rtimer_arch_init
 .text.rtimer_arch_now
                0x00006810        0xe contiki-sky.a(rtimer-arch.o)
                0x00006810                rtimer_arch_now
 .text.timera0  0x0000681e       0x70 contiki-sky.a(rtimer-arch.o)
                0x0000681e                __isr_6
                0x0000681e                timera0
 .text.rtimer_arch_schedule
                0x0000688e        0x6 contiki-sky.a(rtimer-arch.o)
                0x0000688e                rtimer_arch_schedule
 .text.autostart_start
                0x00006894       0x16 contiki-sky.a(autostart.o)
                0x00006894                autostart_start
 .text.process_thread_ctimer_process
                0x000068aa       0xa8 contiki-sky.a(ctimer.o)
 .text.ctimer_init
                0x00006952       0x18 contiki-sky.a(ctimer.o)
                0x00006952                ctimer_init
 .text.ctimer_set
                0x0000696a       0x50 contiki-sky.a(ctimer.o)
                0x0000696a                ctimer_set
 .text.ctimer_reset
                0x000069ba       0x30 contiki-sky.a(ctimer.o)
                0x000069ba                ctimer_reset
 .text.ctimer_stop
                0x000069ea       0x28 contiki-sky.a(ctimer.o)
                0x000069ea                ctimer_stop
 .text.energest_init
                0x00006a12       0x26 contiki-sky.a(energest.o)
                0x00006a12                energest_init
 .text.energest_type_time
                0x00006a38       0x48 contiki-sky.a(energest.o)
                0x00006a38                energest_type_time
 .text.energest_type_set
                0x00006a80        0xe contiki-sky.a(energest.o)
                0x00006a80                energest_type_set
 .text.energest_flush
                0x00006a8e       0x48 contiki-sky.a(energest.o)
                0x00006a8e                energest_flush
 .text.update_time
                0x00006ad6       0x78 contiki-sky.a(etimer.o)
 .text.etimer_request_poll
                0x00006b4e        0xa contiki-sky.a(etimer.o)
                0x00006b4e                etimer_request_poll
 .text.process_thread_etimer_process
                0x00006b58       0xcc contiki-sky.a(etimer.o)
 .text.add_timer
                0x00006c24       0x40 contiki-sky.a(etimer.o)
 .text.etimer_set
                0x00006c64       0x12 contiki-sky.a(etimer.o)
                0x00006c64                etimer_set
 .text.etimer_reset
                0x00006c76       0x12 contiki-sky.a(etimer.o)
                0x00006c76                etimer_reset
 .text.etimer_restart
                0x00006c88       0x12 contiki-sky.a(etimer.o)
                0x00006c88                etimer_restart
 .text.etimer_expired
                0x00006c9a        0xe contiki-sky.a(etimer.o)
                0x00006c9a                etimer_expired
 .text.etimer_expiration_time
                0x00006ca8       0x14 contiki-sky.a(etimer.o)
                0x00006ca8                etimer_expiration_time
 .text.etimer_pending
                0x00006cbc        0xc contiki-sky.a(etimer.o)
                0x00006cbc                etimer_pending
 .text.etimer_next_expiration_time
                0x00006cc8       0x16 contiki-sky.a(etimer.o)
                0x00006cc8                etimer_next_expiration_time
 .text.etimer_stop
                0x00006cde       0x3e contiki-sky.a(etimer.o)
                0x00006cde                etimer_stop
 .text.call_process
                0x00006d1c       0x46 contiki-sky.a(process.o)
 .text.exit_process
                0x00006d62       0x96 contiki-sky.a(process.o)
 .text.do_poll  0x00006df8       0x30 contiki-sky.a(process.o)
 .text.process_alloc_event
                0x00006e28        0xe contiki-sky.a(process.o)
                0x00006e28                process_alloc_event
 .text.process_init
                0x00006e36       0x1c contiki-sky.a(process.o)
                0x00006e36                process_init
 .text.process_run
                0x00006e52       0xa2 contiki-sky.a(process.o)
                0x00006e52                process_run
 .text.process_nevents
                0x00006ef4        0xe contiki-sky.a(process.o)
                0x00006ef4                process_nevents
 .text.process_post
                0x00006f02       0x54 contiki-sky.a(process.o)
                0x00006f02                process_post
 .text.process_post_synch
                0x00006f56       0x12 contiki-sky.a(process.o)
                0x00006f56                process_post_synch
 .text.process_start
                0x00006f68       0x36 contiki-sky.a(process.o)
                0x00006f68                process_start
 .text.process_poll
                0x00006f9e       0x18 contiki-sky.a(process.o)
                0x00006f9e                process_poll
 .text.rtimer_init
                0x00006fb6        0x6 contiki-sky.a(rtimer.o)
                0x00006fb6                rtimer_init
 .text.rtimer_run_next
                0x00006fbc       0x26 contiki-sky.a(rtimer.o)
                0x00006fbc                rtimer_run_next
 .text.timer_set
                0x00006fe2       0x1c contiki-sky.a(timer.o)
                0x00006fe2                timer_set
 .text.timer_reset
                0x00006ffe        0xe contiki-sky.a(timer.o)
                0x00006ffe                timer_reset
 .text.timer_restart
                0x0000700c       0x14 contiki-sky.a(timer.o)
                0x0000700c                timer_restart
 .text.timer_expired
                0x00007020       0x2a contiki-sky.a(timer.o)
                0x00007020                timer_expired
 .text.list_init
                0x0000704a        0x6 contiki-sky.a(list.o)
                0x0000704a                list_init
 .text.list_head
                0x00007050        0x4 contiki-sky.a(list.o)
                0x00007050                list_head
 .text.list_tail
                0x00007054       0x12 contiki-sky.a(list.o)
                0x00007054                list_tail
 .text.list_remove
                0x00007066       0x34 contiki-sky.a(list.o)
                0x00007066                list_remove
 .text.list_push
                0x0000709a       0x1a contiki-sky.a(list.o)
                0x0000709a                list_push
 .text.list_add
                0x000070b4       0x2a contiki-sky.a(list.o)
                0x000070b4                list_add
 .text.list_length
                0x000070de       0x10 contiki-sky.a(list.o)
                0x000070de                list_length
 .text.list_item_next
                0x000070ee        0xc contiki-sky.a(list.o)
                0x000070ee                list_item_next
 .text.memb_init
                0x000070fa       0x36 contiki-sky.a(memb.o)
                0x000070fa                memb_init
 .text.memb_alloc
                0x00007130       0x3e contiki-sky.a(memb.o)
                0x00007130                memb_alloc
 .text.memb_free
                0x0000716e       0x3a contiki-sky.a(memb.o)
                0x0000716e                memb_free
 .text.memb_inmemb
                0x000071a8       0x2a contiki-sky.a(memb.o)
                0x000071a8                memb_inmemb
 .text.memb_numfree
                0x000071d2       0x26 contiki-sky.a(memb.o)
                0x000071d2                memb_numfree
 .text.random_init
                0x000071f8        0x6 contiki-sky.a(random.o)
                0x000071f8                random_init
 .text.random_rand
                0x000071fe        0x6 contiki-sky.a(random.o)
                0x000071fe                random_rand
 .text.set_packet_attrs
                0x00007204       0x46 contiki-sky.a(sicslowpan.o)
 .text.addr_context_lookup_by_number
                0x0000724a       0x32 contiki-sky.a(sicslowpan.o)
 .text.compress_addr_64
                0x0000727c       0xae contiki-sky.a(sicslowpan.o)
 .text.uncompress_addr
                0x0000732a       0xb4 contiki-sky.a(sicslowpan.o)
 .text.input    0x000073de      0x64e contiki-sky.a(sicslowpan.o)
 .text.sicslowpan_init
                0x00007a2c       0x26 contiki-sky.a(sicslowpan.o)
                0x00007a2c                sicslowpan_init
 .text.addr_context_lookup_by_prefix
                0x00007a52       0x4c contiki-sky.a(sicslowpan.o)
 .text.packet_sent
                0x00007a9e       0x22 contiki-sky.a(sicslowpan.o)
 .text.send_packet
                0x00007ac0       0x1a contiki-sky.a(sicslowpan.o)
 .text.output   0x00007ada      0x6c6 contiki-sky.a(sicslowpan.o)
 .text.chksum   0x000081a0       0x32 contiki-sky.a(uip6.o)
 .text.upper_layer_chksum
                0x000081d2       0x56 contiki-sky.a(uip6.o)
 .text.ext_hdr_options_process
                0x00008228       0xd0 contiki-sky.a(uip6.o)
 .text.uip_icmp6chksum
                0x000082f8        0xa contiki-sky.a(uip6.o)
                0x000082f8                uip_icmp6chksum
 .text.uip_udpchksum
                0x00008302        0xa contiki-sky.a(uip6.o)
                0x00008302                uip_udpchksum
 .text.uip_init
                0x0000830c       0x42 contiki-sky.a(uip6.o)
                0x0000830c                uip_init
 .text.remove_ext_hdr
                0x0000834e       0x58 contiki-sky.a(uip6.o)
                0x0000834e                remove_ext_hdr
 .text.uip_udp_new
                0x000083a6       0xe4 contiki-sky.a(uip6.o)
                0x000083a6                uip_udp_new
 .text.uip_process
                0x0000848a      0x49a contiki-sky.a(uip6.o)
                0x0000848a                uip_process
 .text.uip_htonl
                0x00008924       0x2e contiki-sky.a(uip6.o)
                0x00008924                uip_htonl
 .text.uip_ds6_list_loop
                0x00008952       0x86 contiki-sky.a(uip-ds6.o)
                0x00008952                uip_ds6_list_loop
 .text.uip_ds6_prefix_add
                0x000089d8       0x80 contiki-sky.a(uip-ds6.o)
                0x000089d8                uip_ds6_prefix_add
 .text.uip_ds6_is_addr_onlink
                0x00008a58       0x54 contiki-sky.a(uip-ds6.o)
                0x00008a58                uip_ds6_is_addr_onlink
 .text.uip_ds6_addr_lookup
                0x00008aac       0x2a contiki-sky.a(uip-ds6.o)
                0x00008aac                uip_ds6_addr_lookup
 .text.uip_ds6_get_link_local
                0x00008ad6       0x3e contiki-sky.a(uip-ds6.o)
                0x00008ad6                uip_ds6_get_link_local
 .text.uip_ds6_maddr_add
                0x00008b14       0x4c contiki-sky.a(uip-ds6.o)
                0x00008b14                uip_ds6_maddr_add
 .text.uip_ds6_addr_add
                0x00008b60       0xc4 contiki-sky.a(uip-ds6.o)
                0x00008b60                uip_ds6_addr_add
 .text.uip_ds6_maddr_rm
                0x00008c24        0xa contiki-sky.a(uip-ds6.o)
                0x00008c24                uip_ds6_maddr_rm
 .text.uip_ds6_maddr_lookup
                0x00008c2e       0x2a contiki-sky.a(uip-ds6.o)
                0x00008c2e                uip_ds6_maddr_lookup
 .text.uip_ds6_addr_rm
                0x00008c58       0x54 contiki-sky.a(uip-ds6.o)
                0x00008c58                uip_ds6_addr_rm
 .text.uip_ds6_periodic
                0x00008cac       0x4a contiki-sky.a(uip-ds6.o)
                0x00008cac                uip_ds6_periodic
 .text.uip_ds6_set_addr_iid
                0x00008cf6       0x14 contiki-sky.a(uip-ds6.o)
                0x00008cf6                uip_ds6_set_addr_iid
 .text.get_match_length
                0x00008d0a       0x44 contiki-sky.a(uip-ds6.o)
                0x00008d0a                get_match_length
 .text.uip_ds6_select_src
                0x00008d4e       0xaa contiki-sky.a(uip-ds6.o)
                0x00008d4e                uip_ds6_select_src
 .text.uip_ds6_compute_reachable_time
                0x00008df8       0x3e contiki-sky.a(uip-ds6.o)
                0x00008df8                uip_ds6_compute_reachable_time
 .text.uip_ds6_init
                0x00008e36      0x154 contiki-sky.a(uip-ds6.o)
                0x00008e36                uip_ds6_init
 .text.uip_ds6_nbr_rm
                0x00008f8a       0x1a contiki-sky.a(uip-ds6-nbr.o)
                0x00008f8a                uip_ds6_nbr_rm
 .text.uip_ds6_neighbors_init
                0x00008fa4        0xe contiki-sky.a(uip-ds6-nbr.o)
                0x00008fa4                uip_ds6_neighbors_init
 .text.uip_ds6_nbr_add
                0x00008fb2       0x60 contiki-sky.a(uip-ds6-nbr.o)
                0x00008fb2                uip_ds6_nbr_add
 .text.uip_ds6_nbr_get_ll
                0x00009012        0xc contiki-sky.a(uip-ds6-nbr.o)
                0x00009012                uip_ds6_nbr_get_ll
 .text.uip_ds6_nbr_lookup
                0x0000901e       0x42 contiki-sky.a(uip-ds6-nbr.o)
                0x0000901e                uip_ds6_nbr_lookup
 .text.uip_ds6_nbr_ll_lookup
                0x00009060        0xc contiki-sky.a(uip-ds6-nbr.o)
                0x00009060                uip_ds6_nbr_ll_lookup
 .text.uip_ds6_nbr_ipaddr_from_lladdr
                0x0000906c        0x6 contiki-sky.a(uip-ds6-nbr.o)
                0x0000906c                uip_ds6_nbr_ipaddr_from_lladdr
 .text.uip_ds6_nbr_lladdr_from_ipaddr
                0x00009072       0x12 contiki-sky.a(uip-ds6-nbr.o)
                0x00009072                uip_ds6_nbr_lladdr_from_ipaddr
 .text.uip_ds6_link_neighbor_callback
                0x00009084       0x2a contiki-sky.a(uip-ds6-nbr.o)
                0x00009084                uip_ds6_link_neighbor_callback
 .text.uip_ds6_neighbor_periodic
                0x000090ae       0x60 contiki-sky.a(uip-ds6-nbr.o)
                0x000090ae                uip_ds6_neighbor_periodic
 .text.call_route_callback
                0x0000910e       0x4c contiki-sky.a(uip-ds6-route.o)
 .text.uip_ds6_route_init
                0x0000915a       0x36 contiki-sky.a(uip-ds6-route.o)
                0x0000915a                uip_ds6_route_init
 .text.uip_ds6_route_nexthop
                0x00009190       0x1a contiki-sky.a(uip-ds6-route.o)
                0x00009190                uip_ds6_route_nexthop
 .text.uip_ds6_route_head
                0x000091aa        0xa contiki-sky.a(uip-ds6-route.o)
                0x000091aa                uip_ds6_route_head
 .text.uip_ds6_route_next
                0x000091b4        0xe contiki-sky.a(uip-ds6-route.o)
                0x000091b4                uip_ds6_route_next
 .text.uip_ds6_route_lookup
                0x000091c2       0x8c contiki-sky.a(uip-ds6-route.o)
                0x000091c2                uip_ds6_route_lookup
 .text.uip_ds6_route_rm
                0x0000924e       0xa6 contiki-sky.a(uip-ds6-route.o)
                0x0000924e                uip_ds6_route_rm
 .text.rm_routelist
                0x000092f4       0x34 contiki-sky.a(uip-ds6-route.o)
 .text.rm_routelist_callback
                0x00009328        0x6 contiki-sky.a(uip-ds6-route.o)
 .text.uip_ds6_route_add
                0x0000932e      0x10c contiki-sky.a(uip-ds6-route.o)
                0x0000932e                uip_ds6_route_add
 .text.uip_ds6_defrt_rm
                0x0000943a       0x48 contiki-sky.a(uip-ds6-route.o)
                0x0000943a                uip_ds6_defrt_rm
 .text.uip_ds6_defrt_lookup
                0x00009482       0x36 contiki-sky.a(uip-ds6-route.o)
                0x00009482                uip_ds6_defrt_lookup
 .text.uip_ds6_defrt_add
                0x000094b8       0x74 contiki-sky.a(uip-ds6-route.o)
                0x000094b8                uip_ds6_defrt_add
 .text.uip_ds6_defrt_choose
                0x0000952c       0x3a contiki-sky.a(uip-ds6-route.o)
                0x0000952c                uip_ds6_defrt_choose
 .text.uip_ds6_defrt_periodic
                0x00009566       0x38 contiki-sky.a(uip-ds6-route.o)
                0x00009566                uip_ds6_defrt_periodic
 .text.echo_reply_input
                0x0000959e      0x110 contiki-sky.a(uip-icmp6.o)
 .text.echo_request_input
                0x000096ae      0x12c contiki-sky.a(uip-icmp6.o)
 .text.uip_icmp6_input
                0x000097da       0x48 contiki-sky.a(uip-icmp6.o)
                0x000097da                uip_icmp6_input
 .text.uip_icmp6_register_input_handler
                0x00009822        0xc contiki-sky.a(uip-icmp6.o)
                0x00009822                uip_icmp6_register_input_handler
 .text.uip_icmp6_error_output
                0x0000982e      0x17e contiki-sky.a(uip-icmp6.o)
                0x0000982e                uip_icmp6_error_output
 .text.uip_icmp6_send
                0x000099ac       0x94 contiki-sky.a(uip-icmp6.o)
                0x000099ac                uip_icmp6_send
 .text.uip_icmp6_init
                0x00009a40       0x12 contiki-sky.a(uip-icmp6.o)
                0x00009a40                uip_icmp6_init
 .text.uip_nd6_init
                0x00009a52        0x2 contiki-sky.a(uip-nd6.o)
                0x00009a52                uip_nd6_init
 .text.tcpip_output
                0x00009a54       0x10 contiki-sky.a(tcpip.o)
                0x00009a54                tcpip_output
 .text.tcpip_set_outputfunc
                0x00009a64        0x6 contiki-sky.a(tcpip.o)
                0x00009a64                tcpip_set_outputfunc
 .text.udp_new  0x00009a6a       0x1a contiki-sky.a(tcpip.o)
                0x00009a6a                udp_new
 .text.tcpip_input
                0x00009a84       0x16 contiki-sky.a(tcpip.o)
                0x00009a84                tcpip_input
 .text.tcpip_ipv6_output
                0x00009a9a       0xd4 contiki-sky.a(tcpip.o)
                0x00009a9a                tcpip_ipv6_output
 .text.process_thread_tcpip_process
                0x00009b6e       0xd4 contiki-sky.a(tcpip.o)
 .text.tcpip_uipcall
                0x00009c42       0x2a contiki-sky.a(tcpip.o)
                0x00009c42                tcpip_uipcall
 .text.uip_debug_ipaddr_print
                0x00009c6c       0x7e contiki-sky.a(uip-debug.o)
                0x00009c6c                uip_debug_ipaddr_print
 .text.rpl_get_mode
                0x00009cea        0x6 contiki-sky.a(rpl.o)
                0x00009cea                rpl_get_mode
 .text.rpl_purge_routes
                0x00009cf0       0x96 contiki-sky.a(rpl.o)
                0x00009cf0                rpl_purge_routes
 .text.rpl_remove_routes
                0x00009d86       0x22 contiki-sky.a(rpl.o)
                0x00009d86                rpl_remove_routes
 .text.rpl_remove_routes_by_nexthop
                0x00009da8       0x46 contiki-sky.a(rpl.o)
                0x00009da8                rpl_remove_routes_by_nexthop
 .text.rpl_add_route
                0x00009dee       0x48 contiki-sky.a(rpl.o)
                0x00009dee                rpl_add_route
 .text.rpl_link_neighbor_callback
                0x00009e36       0x7c contiki-sky.a(rpl.o)
                0x00009e36                rpl_link_neighbor_callback
 .text.rpl_ipv6_neighbor_callback
                0x00009eb2       0x1e contiki-sky.a(rpl.o)
                0x00009eb2                rpl_ipv6_neighbor_callback
 .text.rpl_init
                0x00009ed0       0x4a contiki-sky.a(rpl.o)
                0x00009ed0                rpl_init
 .text.lollipop_greater_than
                0x00009f1a       0x3c contiki-sky.a(rpl-dag.o)
 .text.find_parent_any_dag_any_instance
                0x00009f56       0x14 contiki-sky.a(rpl-dag.o)
 .text.rpl_set_preferred_parent
                0x00009f6a       0x30 contiki-sky.a(rpl-dag.o)
 .text.set_ip_from_prefix
                0x00009f9a       0x38 contiki-sky.a(rpl-dag.o)
 .text.check_prefix
                0x00009fd2       0x80 contiki-sky.a(rpl-dag.o)
 .text.rpl_get_nbr
                0x0000a052       0x1e contiki-sky.a(rpl-dag.o)
                0x0000a052                rpl_get_nbr
 .text.rpl_dag_init
                0x0000a070        0xe contiki-sky.a(rpl-dag.o)
                0x0000a070                rpl_dag_init
 .text.rpl_get_parent
                0x0000a07e        0xc contiki-sky.a(rpl-dag.o)
                0x0000a07e                rpl_get_parent
 .text.rpl_get_parent_ipaddr
                0x0000a08a       0x10 contiki-sky.a(rpl-dag.o)
                0x0000a08a                rpl_get_parent_ipaddr
 .text.rpl_set_prefix
                0x0000a09a       0x8e contiki-sky.a(rpl-dag.o)
                0x0000a09a                rpl_set_prefix
 .text.rpl_set_default_route
                0x0000a128       0x64 contiki-sky.a(rpl-dag.o)
                0x0000a128                rpl_set_default_route
 .text.rpl_alloc_instance
                0x0000a18c       0x34 contiki-sky.a(rpl-dag.o)
                0x0000a18c                rpl_alloc_instance
 .text.rpl_add_parent
                0x0000a1c0       0x56 contiki-sky.a(rpl-dag.o)
                0x0000a1c0                rpl_add_parent
 .text.rpl_find_parent
                0x0000a216       0x1c contiki-sky.a(rpl-dag.o)
                0x0000a216                rpl_find_parent
 .text.rpl_find_parent_any_dag
                0x0000a232       0x24 contiki-sky.a(rpl-dag.o)
                0x0000a232                rpl_find_parent_any_dag
 .text.rpl_select_parent
                0x0000a256       0x7e contiki-sky.a(rpl-dag.o)
                0x0000a256                rpl_select_parent
 .text.rpl_select_dag
                0x0000a2d4      0x1ae contiki-sky.a(rpl-dag.o)
                0x0000a2d4                rpl_select_dag
 .text.rpl_nullify_parent
                0x0000a482       0x54 contiki-sky.a(rpl-dag.o)
                0x0000a482                rpl_nullify_parent
 .text.rpl_remove_parent
                0x0000a4d6       0x16 contiki-sky.a(rpl-dag.o)
                0x0000a4d6                rpl_remove_parent
 .text.nbr_callback
                0x0000a4ec        0x6 contiki-sky.a(rpl-dag.o)
 .text.remove_parents.constprop.5
                0x0000a4f2       0x32 contiki-sky.a(rpl-dag.o)
 .text.rpl_move_parent
                0x0000a524       0x5a contiki-sky.a(rpl-dag.o)
                0x0000a524                rpl_move_parent
 .text.rpl_get_any_dag
                0x0000a57e       0x16 contiki-sky.a(rpl-dag.o)
                0x0000a57e                rpl_get_any_dag
 .text.rpl_get_instance
                0x0000a594       0x16 contiki-sky.a(rpl-dag.o)
                0x0000a594                rpl_get_instance
 .text.rpl_alloc_dag
                0x0000a5aa       0x64 contiki-sky.a(rpl-dag.o)
                0x0000a5aa                rpl_alloc_dag
 .text.rpl_repair_root
                0x0000a60e       0x4c contiki-sky.a(rpl-dag.o)
                0x0000a60e                rpl_repair_root
 .text.rpl_find_of
                0x0000a65a       0x10 contiki-sky.a(rpl-dag.o)
                0x0000a65a                rpl_find_of
 .text.rpl_join_instance
                0x0000a66a      0x13c contiki-sky.a(rpl-dag.o)
                0x0000a66a                rpl_join_instance
 .text.rpl_local_repair
                0x0000a7a6       0x80 contiki-sky.a(rpl-dag.o)
                0x0000a7a6                rpl_local_repair
 .text.rpl_process_parent_event
                0x0000a826       0x80 contiki-sky.a(rpl-dag.o)
                0x0000a826                rpl_process_parent_event
 .text.rpl_recalculate_ranks
                0x0000a8a6       0x46 contiki-sky.a(rpl-dag.o)
                0x0000a8a6                rpl_recalculate_ranks
 .text.rpl_add_dag
                0x0000a8ec      0x112 contiki-sky.a(rpl-dag.o)
                0x0000a8ec                rpl_add_dag
 .text.rpl_process_dio
                0x0000a9fe      0x2f8 contiki-sky.a(rpl-dag.o)
                0x0000a9fe                rpl_process_dio
 .text.rpl_lock_parent
                0x0000acf6        0xc contiki-sky.a(rpl-dag.o)
                0x0000acf6                rpl_lock_parent
 .text.rpl_verify_header
                0x0000ad02       0xb2 contiki-sky.a(rpl-ext-header.)
                0x0000ad02                rpl_verify_header
 .text.rpl_update_header_empty
                0x0000adb4      0x132 contiki-sky.a(rpl-ext-header.)
                0x0000adb4                rpl_update_header_empty
 .text.rpl_update_header_final
                0x0000aee6       0x90 contiki-sky.a(rpl-ext-header.)
                0x0000aee6                rpl_update_header_final
 .text.rpl_invert_header
                0x0000af76       0x7c contiki-sky.a(rpl-ext-header.)
                0x0000af76                rpl_invert_header
 .text.rpl_insert_header
                0x0000aff2       0x12 contiki-sky.a(rpl-ext-header.)
                0x0000aff2                rpl_insert_header
 .text.get32    0x0000b004       0x46 contiki-sky.a(rpl-icmp6.o)
 .text.set32    0x0000b04a       0x2a contiki-sky.a(rpl-icmp6.o)
 .text.get16    0x0000b074        0xe contiki-sky.a(rpl-icmp6.o)
 .text.set16    0x0000b082       0x10 contiki-sky.a(rpl-icmp6.o)
 .text.dao_ack_input
                0x0000b092        0x6 contiki-sky.a(rpl-icmp6.o)
 .text.dio_input
                0x0000b098      0x2d8 contiki-sky.a(rpl-icmp6.o)
 .text.dis_output
                0x0000b370       0x50 contiki-sky.a(rpl-icmp6.o)
                0x0000b370                dis_output
 .text.dio_output
                0x0000b3c0      0x268 contiki-sky.a(rpl-icmp6.o)
                0x0000b3c0                dio_output
 .text.dis_input
                0x0000b628       0x28 contiki-sky.a(rpl-icmp6.o)
 .text.dao_output_target
                0x0000b650       0xe4 contiki-sky.a(rpl-icmp6.o)
                0x0000b650                dao_output_target
 .text.dao_output
                0x0000b734       0x7e contiki-sky.a(rpl-icmp6.o)
                0x0000b734                dao_output
 .text.dao_ack_output
                0x0000b7b2       0x32 contiki-sky.a(rpl-icmp6.o)
                0x0000b7b2                dao_ack_output
 .text.dao_input
                0x0000b7e4      0x2ac contiki-sky.a(rpl-icmp6.o)
 .text.rpl_icmp6_register_handlers
                0x0000ba90       0x22 contiki-sky.a(rpl-icmp6.o)
                0x0000ba90                rpl_icmp6_register_handlers
 .text.reset    0x0000bab2        0x2 contiki-sky.a(rpl-mrhof.o)
 .text.update_metric_container
                0x0000bab4        0x6 contiki-sky.a(rpl-mrhof.o)
 .text.calculate_rank
                0x0000baba       0x42 contiki-sky.a(rpl-mrhof.o)
 .text.neighbor_link_callback
                0x0000bafc       0x9c contiki-sky.a(rpl-mrhof.o)
 .text.best_dag
                0x0000bb98       0x2e contiki-sky.a(rpl-mrhof.o)
 .text.best_parent
                0x0000bbc6       0x74 contiki-sky.a(rpl-mrhof.o)
 .text.new_dio_interval
                0x0000bc3a       0x92 contiki-sky.a(rpl-timers.o)
 .text.set_dao_lifetime_timer
                0x0000bccc       0x66 contiki-sky.a(rpl-timers.o)
 .text.handle_periodic_timer
                0x0000bd32       0x2e contiki-sky.a(rpl-timers.o)
 .text.schedule_dao
                0x0000bd60       0x82 contiki-sky.a(rpl-timers.o)
 .text.handle_dio_timer
                0x0000bde2       0x88 contiki-sky.a(rpl-timers.o)
 .text.handle_dao_timer
                0x0000be6a       0x64 contiki-sky.a(rpl-timers.o)
 .text.rpl_reset_periodic_timer
                0x0000bece       0x54 contiki-sky.a(rpl-timers.o)
                0x0000bece                rpl_reset_periodic_timer
 .text.rpl_reset_dio_timer
                0x0000bf22       0x18 contiki-sky.a(rpl-timers.o)
                0x0000bf22                rpl_reset_dio_timer
 .text.rpl_schedule_dao
                0x0000bf3a        0xc contiki-sky.a(rpl-timers.o)
                0x0000bf3a                rpl_schedule_dao
 .text.rpl_schedule_probing
                0x0000bf46       0x3c contiki-sky.a(rpl-timers.o)
                0x0000bf46                rpl_schedule_probing
 .text.handle_probing_timer
                0x0000bf82      0x12a contiki-sky.a(rpl-timers.o)
 .text.create_frame.isra.0
                0x0000c0ac      0x108 contiki-sky.a(framer-802154.o)
 .text.create   0x0000c1b4        0x8 contiki-sky.a(framer-802154.o)
 .text.hdr_length
                0x0000c1bc        0x8 contiki-sky.a(framer-802154.o)
 .text.parse    0x0000c1c4       0xa2 contiki-sky.a(framer-802154.o)
 .text.framer_canonical_create_and_secure
                0x0000c266       0x20 contiki-sky.a(framer.o)
                0x0000c266                framer_canonical_create_and_secure
 .text.send_packet
                0x0000c286        0x6 contiki-sky.a(nullmac.o)
 .text.packet_input
                0x0000c28c        0x6 contiki-sky.a(nullmac.o)
 .text.on       0x0000c292        0x6 contiki-sky.a(nullmac.o)
 .text.off      0x0000c298        0x6 contiki-sky.a(nullmac.o)
 .text.channel_check_interval
                0x0000c29e        0x4 contiki-sky.a(nullmac.o)
 .text.init     0x0000c2a2        0x2 contiki-sky.a(nullmac.o)
 .text.on       0x0000c2a4        0x6 contiki-sky.a(nullrdc.o)
 .text.channel_check_interval
                0x0000c2aa        0x4 contiki-sky.a(nullrdc.o)
 .text.init     0x0000c2ae        0x6 contiki-sky.a(nullrdc.o)
 .text.off      0x0000c2b4       0x10 contiki-sky.a(nullrdc.o)
 .text.packet_input
                0x0000c2c4       0x28 contiki-sky.a(nullrdc.o)
 .text.send_one_packet
                0x0000c2ec       0x6a contiki-sky.a(nullrdc.o)
 .text.send_list
                0x0000c356       0x30 contiki-sky.a(nullrdc.o)
 .text.send_packet
                0x0000c386        0x6 contiki-sky.a(nullrdc.o)
 .text.linkaddr_copy
                0x0000c38c        0x8 contiki-sky.a(linkaddr.o)
                0x0000c38c                linkaddr_copy
 .text.linkaddr_cmp
                0x0000c394       0x12 contiki-sky.a(linkaddr.o)
                0x0000c394                linkaddr_cmp
 .text.linkaddr_set_node_addr
                0x0000c3a6        0xc contiki-sky.a(linkaddr.o)
                0x0000c3a6                linkaddr_set_node_addr
 .text.item_from_index
                0x0000c3b2       0x2a contiki-sky.a(nbr-table.o)
 .text.index_from_key
                0x0000c3dc       0x26 contiki-sky.a(nbr-table.o)
 .text.index_from_item
                0x0000c402       0x1e contiki-sky.a(nbr-table.o)
 .text.nbr_set_bit
                0x0000c420       0x58 contiki-sky.a(nbr-table.o)
 .text.index_from_lladdr
                0x0000c478       0x42 contiki-sky.a(nbr-table.o)
 .text.nbr_get_bit.constprop.0
                0x0000c4ba       0x2e contiki-sky.a(nbr-table.o)
 .text.nbr_table_register
                0x0000c4e8       0x26 contiki-sky.a(nbr-table.o)
                0x0000c4e8                nbr_table_register
 .text.nbr_table_next
                0x0000c50e       0x54 contiki-sky.a(nbr-table.o)
                0x0000c50e                nbr_table_next
 .text.nbr_table_head
                0x0000c562       0x3a contiki-sky.a(nbr-table.o)
                0x0000c562                nbr_table_head
 .text.nbr_table_add_lladdr
                0x0000c59c      0x128 contiki-sky.a(nbr-table.o)
                0x0000c59c                nbr_table_add_lladdr
 .text.nbr_table_get_from_lladdr
                0x0000c6c4       0x2c contiki-sky.a(nbr-table.o)
                0x0000c6c4                nbr_table_get_from_lladdr
 .text.nbr_table_remove
                0x0000c6f0       0x32 contiki-sky.a(nbr-table.o)
                0x0000c6f0                nbr_table_remove
 .text.nbr_table_lock
                0x0000c722       0x10 contiki-sky.a(nbr-table.o)
                0x0000c722                nbr_table_lock
 .text.nbr_table_unlock
                0x0000c732       0x10 contiki-sky.a(nbr-table.o)
                0x0000c732                nbr_table_unlock
 .text.nbr_table_get_lladdr
                0x0000c742       0x22 contiki-sky.a(nbr-table.o)
                0x0000c742                nbr_table_get_lladdr
 .text.packetbuf_compact
                0x0000c764       0x2e contiki-sky.a(packetbuf.o)
                0x0000c764                packetbuf_compact
 .text.packetbuf_copyto
                0x0000c792       0x52 contiki-sky.a(packetbuf.o)
                0x0000c792                packetbuf_copyto
 .text.packetbuf_hdrreduce
                0x0000c7e4       0x1a contiki-sky.a(packetbuf.o)
                0x0000c7e4                packetbuf_hdrreduce
 .text.packetbuf_set_datalen
                0x0000c7fe        0x6 contiki-sky.a(packetbuf.o)
                0x0000c7fe                packetbuf_set_datalen
 .text.packetbuf_dataptr
                0x0000c804        0xe contiki-sky.a(packetbuf.o)
                0x0000c804                packetbuf_dataptr
 .text.packetbuf_hdrptr
                0x0000c812        0xa contiki-sky.a(packetbuf.o)
                0x0000c812                packetbuf_hdrptr
 .text.packetbuf_datalen
                0x0000c81c        0x6 contiki-sky.a(packetbuf.o)
                0x0000c81c                packetbuf_datalen
 .text.packetbuf_hdrlen
                0x0000c822       0x10 contiki-sky.a(packetbuf.o)
                0x0000c822                packetbuf_hdrlen
 .text.packetbuf_totlen
                0x0000c832        0xc contiki-sky.a(packetbuf.o)
                0x0000c832                packetbuf_totlen
 .text.packetbuf_hdralloc
                0x0000c83e       0x2e contiki-sky.a(packetbuf.o)
                0x0000c83e                packetbuf_hdralloc
 .text.packetbuf_attr_clear
                0x0000c86c       0x28 contiki-sky.a(packetbuf.o)
                0x0000c86c                packetbuf_attr_clear
 .text.packetbuf_clear
                0x0000c894       0x1a contiki-sky.a(packetbuf.o)
                0x0000c894                packetbuf_clear
 .text.packetbuf_copyfrom
                0x0000c8ae       0x2e contiki-sky.a(packetbuf.o)
                0x0000c8ae                packetbuf_copyfrom
 .text.packetbuf_attr_copyto
                0x0000c8dc       0x22 contiki-sky.a(packetbuf.o)
                0x0000c8dc                packetbuf_attr_copyto
 .text.packetbuf_attr_copyfrom
                0x0000c8fe       0x24 contiki-sky.a(packetbuf.o)
                0x0000c8fe                packetbuf_attr_copyfrom
 .text.packetbuf_holds_broadcast
                0x0000c922        0xe contiki-sky.a(packetbuf.o)
                0x0000c922                packetbuf_holds_broadcast
 .text.queuebuf_init
                0x0000c930       0x12 contiki-sky.a(queuebuf.o)
                0x0000c930                queuebuf_init
 .text.queuebuf_numfree
                0x0000c942        0xa contiki-sky.a(queuebuf.o)
                0x0000c942                queuebuf_numfree
 .text.queuebuf_new_from_packetbuf
                0x0000c94c       0x52 contiki-sky.a(queuebuf.o)
                0x0000c94c                queuebuf_new_from_packetbuf
 .text.queuebuf_free
                0x0000c99e       0x2a contiki-sky.a(queuebuf.o)
                0x0000c99e                queuebuf_free
 .text.queuebuf_to_packetbuf
                0x0000c9c8       0x32 contiki-sky.a(queuebuf.o)
                0x0000c9c8                queuebuf_to_packetbuf
 .text.bootstrap
                0x0000c9fa        0x4 contiki-sky.a(nullsec.o)
 .text.send     0x0000c9fe        0xa contiki-sky.a(nullsec.o)
 .text.on_frame_created
                0x0000ca08        0x4 contiki-sky.a(nullsec.o)
 .text.input    0x0000ca0c        0x6 contiki-sky.a(nullsec.o)
 .text.get_overhead
                0x0000ca12        0x4 contiki-sky.a(nullsec.o)
 .text.coap_parse_int_option
                0x0000ca16       0x46 contiki-sky.a(er-coap.o)
 .text.coap_get_variable
                0x0000ca5c       0x8c contiki-sky.a(er-coap.o)
 .text.coap_merge_multi_option
                0x0000cae8       0x3e contiki-sky.a(er-coap.o)
 .text.coap_set_option_header
                0x0000cb26       0xa6 contiki-sky.a(er-coap.o)
 .text.coap_serialize_int_option
                0x0000cbcc       0xda contiki-sky.a(er-coap.o)
 .text.coap_serialize_array_option.part.0
                0x0000cca6       0x34 contiki-sky.a(er-coap.o)
 .text.coap_serialize_array_option
                0x0000ccda       0x9e contiki-sky.a(er-coap.o)
 .text.coap_init_connection
                0x0000cd78       0x22 contiki-sky.a(er-coap.o)
                0x0000cd78                coap_init_connection
 .text.coap_get_mid
                0x0000cd9a        0xc contiki-sky.a(er-coap.o)
                0x0000cd9a                coap_get_mid
 .text.coap_init_message
                0x0000cda6       0x30 contiki-sky.a(er-coap.o)
                0x0000cda6                coap_init_message
 .text.coap_serialize_message
                0x0000cdd6      0x404 contiki-sky.a(er-coap.o)
                0x0000cdd6                coap_serialize_message
 .text.coap_send_message
                0x0000d1da       0x4a contiki-sky.a(er-coap.o)
                0x0000d1da                coap_send_message
 .text.coap_parse_message
                0x0000d224      0x4dc contiki-sky.a(er-coap.o)
                0x0000d224                coap_parse_message
 .text.coap_get_query_variable
                0x0000d700       0x1c contiki-sky.a(er-coap.o)
                0x0000d700                coap_get_query_variable
 .text.coap_get_post_variable
                0x0000d71c       0x20 contiki-sky.a(er-coap.o)
                0x0000d71c                coap_get_post_variable
 .text.coap_set_status_code
                0x0000d73c       0x12 contiki-sky.a(er-coap.o)
                0x0000d73c                coap_set_status_code
 .text.coap_set_token
                0x0000d74e       0x24 contiki-sky.a(er-coap.o)
                0x0000d74e                coap_set_token
 .text.coap_get_header_content_format
                0x0000d772       0x16 contiki-sky.a(er-coap.o)
                0x0000d772                coap_get_header_content_format
 .text.coap_set_header_content_format
                0x0000d788        0xe contiki-sky.a(er-coap.o)
                0x0000d788                coap_set_header_content_format
 .text.coap_get_header_accept
                0x0000d796       0x14 contiki-sky.a(er-coap.o)
                0x0000d796                coap_get_header_accept
 .text.coap_get_header_max_age
                0x0000d7aa       0x24 contiki-sky.a(er-coap.o)
                0x0000d7aa                coap_get_header_max_age
 .text.coap_set_header_max_age
                0x0000d7ce       0x12 contiki-sky.a(er-coap.o)
                0x0000d7ce                coap_set_header_max_age
 .text.coap_set_header_etag
                0x0000d7e0       0x2a contiki-sky.a(er-coap.o)
                0x0000d7e0                coap_set_header_etag
 .text.coap_get_header_if_match
                0x0000d80a       0x1a contiki-sky.a(er-coap.o)
                0x0000d80a                coap_get_header_if_match
 .text.coap_get_header_if_none_match
                0x0000d824       0x1c contiki-sky.a(er-coap.o)
                0x0000d824                coap_get_header_if_none_match
 .text.coap_get_header_uri_host
                0x0000d840       0x16 contiki-sky.a(er-coap.o)
                0x0000d840                coap_get_header_uri_host
 .text.coap_get_header_uri_path
                0x0000d856       0x16 contiki-sky.a(er-coap.o)
                0x0000d856                coap_get_header_uri_path
 .text.coap_get_header_uri_query
                0x0000d86c       0x16 contiki-sky.a(er-coap.o)
                0x0000d86c                coap_get_header_uri_query
 .text.coap_set_header_location_query
                0x0000d882       0x2c contiki-sky.a(er-coap.o)
                0x0000d882                coap_set_header_location_query
 .text.coap_set_header_location_path
                0x0000d8ae       0x62 contiki-sky.a(er-coap.o)
                0x0000d8ae                coap_set_header_location_path
 .text.coap_set_header_observe
                0x0000d910       0x12 contiki-sky.a(er-coap.o)
                0x0000d910                coap_set_header_observe
 .text.coap_get_header_block2
                0x0000d922       0x4c contiki-sky.a(er-coap.o)
                0x0000d922                coap_get_header_block2
 .text.coap_set_header_block2
                0x0000d96e       0x42 contiki-sky.a(er-coap.o)
                0x0000d96e                coap_set_header_block2
 .text.coap_get_header_size2
                0x0000d9b0       0x1c contiki-sky.a(er-coap.o)
                0x0000d9b0                coap_get_header_size2
 .text.coap_set_header_size2
                0x0000d9cc       0x12 contiki-sky.a(er-coap.o)
                0x0000d9cc                coap_set_header_size2
 .text.coap_get_payload
                0x0000d9de       0x1a contiki-sky.a(er-coap.o)
                0x0000d9de                coap_get_payload
 .text.coap_set_payload
                0x0000d9f8       0x16 contiki-sky.a(er-coap.o)
                0x0000d9f8                coap_set_payload
 .text.spi_init
                0x0000da0e       0x30 contiki-sky.a(spi.o)
                0x0000da0e                spi_init
 .text.stimer_set
                0x0000da3e       0x1c contiki-sky.a(stimer.o)
                0x0000da3e                stimer_set
 .text.stimer_expired
                0x0000da5a       0x30 contiki-sky.a(stimer.o)
                0x0000da5a                stimer_expired
 .text.uip_udp_packet_send
                0x0000da8a       0x2e contiki-sky.a(uip-udp-packet.)
                0x0000da8a                uip_udp_packet_send
 .text.field_len
                0x0000dab8       0x90 contiki-sky.a(frame802154.o)
 .text.frame802154_hdrlen
                0x0000db48       0x2e contiki-sky.a(frame802154.o)
                0x0000db48                frame802154_hdrlen
 .text.frame802154_create
                0x0000db76      0x146 contiki-sky.a(frame802154.o)
                0x0000db76                frame802154_create
 .text.frame802154_parse
                0x0000dcbc      0x1ba contiki-sky.a(frame802154.o)
                0x0000dcbc                frame802154_parse
 .text.mac_call_sent_callback
                0x0000de76       0x14 contiki-sky.a(mac.o)
                0x0000de76                mac_call_sent_callback
 .text.libgcc   0x0000de8a       0x2c /usr/local/msp430/bin/../lib/gcc/msp430/4.7.0/mmpy-16/libgcc.a(_mulsi3.o)
                0x0000de8a                __mulsi3
 .text.libgcc   0x0000deb6       0x22 /usr/local/msp430/bin/../lib/gcc/msp430/4.7.0/mmpy-16/libgcc.a(_udivmod16.o)
                0x0000deb6                __udivhi3
                0x0000deb6                __ext_udivmod16
                0x0000ded0                __umodhi3
 .text.libgcc   0x0000ded8       0x3a /usr/local/msp430/bin/../lib/gcc/msp430/4.7.0/mmpy-16/libgcc.a(_divmod16.o)
                0x0000ded8                __ext_divmod16
                0x0000ded8                __divhi3
                0x0000df0a                __modhi3
 .text.libgcc   0x0000df12       0x40 /usr/local/msp430/bin/../lib/gcc/msp430/4.7.0/mmpy-16/libgcc.a(_udivmod32.o)
                0x0000df12                __udivsi3
                0x0000df12                __ext_udivmod32
                0x0000df48                __umodsi3
 .text.libgcc   0x0000df52       0x4c /usr/local/msp430/bin/../lib/gcc/msp430/4.7.0/mmpy-16/libgcc.a(_divmod32.o)
                0x0000df52                __ext_divmod32
                0x0000df52                __divsi3
                0x0000df94                __modsi3
 .text.printf   0x0000df9e       0x10 /usr/local/msp430/bin/../lib/gcc/msp430/4.7.0/../../../../msp430/lib/mmpy-16/libc.a(printf.o)
                0x0000df9e                printf
 .text.append   0x0000dfae       0x22 /usr/local/msp430/bin/../lib/gcc/msp430/4.7.0/../../../../msp430/lib/mmpy-16/libc.a(sprintf.o)
 .text.call_vuprintf
                0x0000dfd0       0x3a /usr/local/msp430/bin/../lib/gcc/msp430/4.7.0/../../../../msp430/lib/mmpy-16/libc.a(sprintf.o)
 .text.snprintf
                0x0000e00a       0x1a /usr/local/msp430/bin/../lib/gcc/msp430/4.7.0/../../../../msp430/lib/mmpy-16/libc.a(sprintf.o)
                0x0000e00a                snprintf
 .text.print_field
                0x0000e024      0x194 /usr/local/msp430/bin/../lib/gcc/msp430/4.7.0/../../../../msp430/lib/mmpy-16/libc.a(vuprintf.o)
 .text.vuprintf
                0x0000e1b8      0x63c /usr/local/msp430/bin/../lib/gcc/msp430/4.7.0/../../../../msp430/lib/mmpy-16/libc.a(vuprintf.o)
                0x0000e1b8                vuprintf
 .text.puts     0x0000e7f4       0x2c /usr/local/msp430/bin/../lib/gcc/msp430/4.7.0/../../../../msp430/lib/mmpy-16/libc.a(puts.o)
                0x0000e7f4                puts
 .text.rand     0x0000e820       0x26 /usr/local/msp430/bin/../lib/gcc/msp430/4.7.0/../../../../msp430/lib/mmpy-16/libc.a(rand.o)
                0x0000e820                rand
 .text.srand    0x0000e846        0xa /usr/local/msp430/bin/../lib/gcc/msp430/4.7.0/../../../../msp430/lib/mmpy-16/libc.a(rand.o)
                0x0000e846                srand
 .text.strchr   0x0000e850       0x16 /usr/local/msp430/bin/../lib/gcc/msp430/4.7.0/../../../../msp430/lib/mmpy-16/libc.a(strchr.o)
                0x0000e850                strchr
 .text.memchr   0x0000e866       0x1e /usr/local/msp430/bin/../lib/gcc/msp430/4.7.0/../../../../msp430/lib/mmpy-16/libc.a(memchr.o)
                0x0000e866                memchr
 .text.strncmp  0x0000e884       0x2a /usr/local/msp430/bin/../lib/gcc/msp430/4.7.0/../../../../msp430/lib/mmpy-16/libc.a(strncmp.o)
                0x0000e884                strncmp
 .text.memcmp   0x0000e8ae       0x30 /usr/local/msp430/bin/../lib/gcc/msp430/4.7.0/../../../../msp430/lib/mmpy-16/libc.a(memcmp.o)
                0x0000e8ae                memcmp
 .text.memcpy   0x0000e8de       0xfa /usr/local/msp430/bin/../lib/gcc/msp430/4.7.0/../../../../msp430/lib/mmpy-16/libc.a(memcpy.o)
                0x0000e8de                memcpy
 .text.memmove  0x0000e9d8       0xfa /usr/local/msp430/bin/../lib/gcc/msp430/4.7.0/../../../../msp430/lib/mmpy-16/libc.a(memmove.o)
                0x0000e9d8                memmove
 .text.memset   0x0000ead2       0x6a /usr/local/msp430/bin/../lib/gcc/msp430/4.7.0/../../../../msp430/lib/mmpy-16/libc.a(memset.o)
                0x0000ead2                memset
 .text.libgcc   0x0000eb3c       0xf0 /usr/local/msp430/bin/../lib/gcc/msp430/4.7.0/mmpy-16/libgcc.a(_udivmod64.o)
                0x0000eb3c                __xabi_udivmod64
                0x0000eb9a                __udivdi3
                0x0000ebc0                __umoddi3
                0x0000ebee                __udivmoddi4
 .text.crt0     0x0000ec2c        0x2 /usr/local/msp430/bin/../lib/gcc/msp430/4.7.0/mmpy-16/libcrt0.a(_unexpected_.o)
                0x0000ec2c                _unexpected_
 *(.near.text .near.text.*)

.rodata         0x0000ec30      0x45d
                0x0000ec30                . = ALIGN (0x2)
 *(.rodata .rodata.* .gnu.linkonce.r.*)
 .rodata        0x0000ec30       0x4e food_vending_machine.co
                0x0000ec46                autostart_processes
 .rodata        0x0000ec7e      0x120 obj_sky/contiki-sky-main.o
 .rodata        0x0000ed9e       0xec contiki-sky.a(er-coap-engine.)
                0x0000edf8                coap_rest_implementation
 .rodata        0x0000ee8a       0x11 contiki-sky.a(er-coap-observe)
 .rodata        0x0000ee9b       0x19 contiki-sky.a(er-coap-res-wel)
 .rodata        0x0000eeb4        0xc contiki-sky.a(rest-engine.o)
 .rodata        0x0000eec0       0x10 contiki-sky.a(button-sensor.o)
                0x0000eec8                button_sensor
 .rodata        0x0000eed0        0x8 contiki-sky.a(sensors.o)
 .rodata.get_value
                0x0000eed8       0x1c contiki-sky.a(cc2420.o)
 .rodata        0x0000eef4       0x3e contiki-sky.a(cc2420.o)
                0x0000eef4                cc2420_aes_128_driver
                0x0000eef8                cc2420_driver
 .rodata        0x0000ef32        0xf contiki-sky.a(ctimer.o)
 .rodata        0x0000ef41        0xc contiki-sky.a(etimer.o)
 *fill*         0x0000ef4d        0x1 00
 .rodata        0x0000ef4e       0x24 contiki-sky.a(sicslowpan.o)
                0x0000ef5a                sicslowpan_driver
                0x0000ef60                llprefix
                0x0000ef62                unc_mxconf
                0x0000ef66                unc_ctxconf
                0x0000ef6a                unc_llconf
 .rodata        0x0000ef72        0xd contiki-sky.a(tcpip.o)
 .rodata        0x0000ef7f       0x29 contiki-sky.a(uip-debug.o)
 .rodata        0x0000efa8        0x8 contiki-sky.a(framer-802154.o)
                0x0000efa8                framer_802154
 .rodata        0x0000efb0       0x16 contiki-sky.a(nullmac.o)
                0x0000efb8                nullmac_driver
 .rodata        0x0000efc6       0x18 contiki-sky.a(nullrdc.o)
                0x0000efce                nullrdc_driver
 .rodata        0x0000efde        0x8 contiki-sky.a(linkaddr.o)
                0x0000efde                linkaddr_null
 .rodata        0x0000efe6       0x14 contiki-sky.a(nullsec.o)
                0x0000efee                nullsec_driver
 .rodata        0x0000effa       0x8a contiki-sky.a(er-coap.o)
 .rodata        0x0000f084        0x2 contiki-sky.a(frame802154.o)
 .rodata.vuprintf
                0x0000f086        0x7 /usr/local/msp430/bin/../lib/gcc/msp430/4.7.0/../../../../msp430/lib/mmpy-16/libc.a(vuprintf.o)
 *(.near.rodata .near.rodata.*)
                0x0000f08e                . = ALIGN (0x2)
                0x0000f08e                _etext = .

.data           0x00001100      0x110 load address 0x0000f08e
                0x00001100                . = ALIGN (0x2)
                0x00001100                __data_start = .
 *(.data .data.* .gnu.linkonce.d.*)
 .data          0x00001100       0x1c food_vending_machine.co
                0x00001100                server
                0x0000110a                resource_example
 .data          0x0000111c        0xa contiki-sky.a(er-coap-engine.)
                0x0000111c                coap_engine
 .data          0x00001126        0x8 contiki-sky.a(er-coap-transac)
 .data          0x0000112e        0x8 contiki-sky.a(er-coap-observe)
 .data          0x00001136       0x12 contiki-sky.a(er-coap-res-wel)
                0x00001136                res_well_known_core
 .data          0x00001148        0xa contiki-sky.a(rest-engine.o)
                0x00001148                rest_engine_process
 .data          0x00001152        0x4 contiki-sky.a(contiki-sky-pla)
                0x00001152                sensors
 .data          0x00001156        0xa contiki-sky.a(sensors.o)
                0x00001156                sensors_process
 .data          0x00001160        0xa contiki-sky.a(cc2420.o)
                0x00001160                cc2420_process
 .data          0x0000116a        0x2 contiki-sky.a(msp430.o)
 .data          0x0000116c        0xa contiki-sky.a(ctimer.o)
                0x0000116c                ctimer_process
 .data          0x00001176        0xa contiki-sky.a(etimer.o)
                0x00001176                etimer_process
 .data          0x00001180        0xa contiki-sky.a(uip-ds6-nbr.o)
                0x00001180                ds6_neighbors
 .data          0x0000118a       0x20 contiki-sky.a(uip-ds6-route.o)
 .data          0x000011aa        0xc contiki-sky.a(uip-icmp6.o)
 .data          0x000011b6        0xa contiki-sky.a(tcpip.o)
                0x000011b6                tcpip_process
 .data          0x000011c0        0xa contiki-sky.a(rpl-dag.o)
                0x000011c0                rpl_parents
 .data          0x000011ca       0x1a contiki-sky.a(rpl-icmp6.o)
 .data          0x000011e4        0xe contiki-sky.a(rpl-mrhof.o)
                0x000011e4                rpl_mrhof
 .data          0x000011f2        0x8 contiki-sky.a(nbr-table.o)
 .data          0x000011fa       0x10 contiki-sky.a(queuebuf.o)
 .data          0x0000120a        0x2 contiki-sky.a(er-coap.o)
                0x0000120a                coap_error_message
 .data.next     0x0000120c        0x4 /usr/local/msp430/bin/../lib/gcc/msp430/4.7.0/../../../../msp430/lib/mmpy-16/libc.a(rand.o)
 *(.near.data .near.data.*)
                0x00001210                . = ALIGN (0x2)
                0x00001210                _edata = .
                0x0000f08e                __data_load_start = LOADADDR (.data)
                0x00000110                __data_size = SIZEOF (.data)

.bss            0x00001210     0x1af2 load address 0x0000f19e
                0x00001210                __bss_start = .
 *(.bss .bss.*)
 .bss           0x00001210        0xc obj_sky/contiki-sky-main.o
 .bss           0x0000121c      0x10c contiki-sky.a(er-coap-engine.)
 .bss           0x00001328      0x2b0 contiki-sky.a(er-coap-transac)
 .bss           0x000015d8       0xa2 contiki-sky.a(er-coap-observe)
 .bss           0x0000167a        0x4 contiki-sky.a(rest-engine.o)
 .bss           0x0000167e        0x8 contiki-sky.a(button-sensor.o)
 .bss           0x00001686        0x2 contiki-sky.a(node-id.o)
                0x00001686                node_id
 .bss           0x00001688        0x6 contiki-sky.a(sensors.o)
 .bss           0x0000168e        0x8 contiki-sky.a(cc2420.o)
 .bss           0x00001696       0x9a contiki-sky.a(uart1.o)
 .bss           0x00001730        0xa contiki-sky.a(clock.o)
 .bss           0x0000173a        0x1 contiki-sky.a(leds.o)
 *fill*         0x0000173b        0x1 00
 .bss           0x0000173c        0x2 contiki-sky.a(watchdog.o)
 .bss           0x0000173e        0x4 contiki-sky.a(ctimer.o)
 .bss           0x00001742        0x6 contiki-sky.a(etimer.o)
 .bss           0x00001748       0x42 contiki-sky.a(process.o)
                0x00001748                process_current
                0x0000174a                process_list
 .bss           0x0000178a        0x2 contiki-sky.a(rtimer.o)
 .bss           0x0000178c      0x124 contiki-sky.a(sicslowpan.o)
 .bss           0x000018b0        0x8 contiki-sky.a(uip6.o)
                0x000018b0                uip_ext_opt_offset
                0x000018b1                uip_ext_len
                0x000018b2                uip_ext_bitmap
 .bss           0x000018b8       0x18 contiki-sky.a(uip-ds6.o)
 .bss           0x000018d0      0x2f8 contiki-sky.a(uip-ds6-nbr.o)
 .bss           0x00001bc8      0x362 contiki-sky.a(uip-ds6-route.o)
 .bss           0x00001f2a       0x14 contiki-sky.a(uip-icmp6.o)
 .bss           0x00001f3e        0xe contiki-sky.a(tcpip.o)
 .bss           0x00001f4c        0x2 contiki-sky.a(rpl.o)
 .bss           0x00001f4e       0xf0 contiki-sky.a(rpl-dag.o)
 .bss           0x0000203e       0x18 contiki-sky.a(rpl-timers.o)
 .bss           0x00002056        0x2 contiki-sky.a(framer-802154.o)
 .bss           0x00002058      0x118 contiki-sky.a(nbr-table.o)
 .bss           0x00002170       0xb8 contiki-sky.a(packetbuf.o)
 .bss           0x00002228      0x5a0 contiki-sky.a(queuebuf.o)
 .bss           0x000027c8        0x6 contiki-sky.a(er-coap.o)
                0x000027c8                erbium_status_code
 .bss.destination_
                0x000027ce        0x2 /usr/local/msp430/bin/../lib/gcc/msp430/4.7.0/../../../../msp430/lib/mmpy-16/libc.a(sprintf.o)
 .bss.available_
                0x000027d0        0x2 /usr/local/msp430/bin/../lib/gcc/msp430/4.7.0/../../../../msp430/lib/mmpy-16/libc.a(sprintf.o)
 *(.near.bss .near.bss.*)
 *(COMMON)
 COMMON         0x000027d2        0x2 contiki-sky.a(contiki-sky-pla)
                0x000027d2                sensors_flags
 COMMON         0x000027d4        0x8 contiki-sky.a(ds2411.o)
                0x000027d4                ds2411_id
 COMMON         0x000027dc        0x1 contiki-sky.a(sensors.o)
                0x000027dc                sensors_event
 *fill*         0x000027dd        0x1 00
 COMMON         0x000027de       0x10 contiki-sky.a(cc2420.o)
                0x000027de                cc2420_last_rssi
                0x000027e0                cc2420_sfd_start_time
                0x000027e2                cc2420_time_of_departure
                0x000027e4                cc2420_time_of_arrival
                0x000027e6                cc2420_last_correlation
                0x000027e8                cc2420_authority_level_of_sender
                0x000027ea                cc2420_sfd_counter
                0x000027ec                cc2420_sfd_end_time
 COMMON         0x000027ee        0x2 contiki-sky.a(msp430.o)
                0x000027ee                msp430_dco_required
 COMMON         0x000027f0       0x56 contiki-sky.a(energest.o)
                0x000027f0                energest_total_time
                0x00002820                energest_total_count
                0x00002822                energest_current_mode
                0x0000282e                energest_current_time
 COMMON         0x00002846        0x1 contiki-sky.a(process.o)
                0x00002846                process_maxevents
 *fill*         0x00002847        0x1 00
 COMMON         0x00002848        0x8 contiki-sky.a(sicslowpan.o)
                0x00002848                frag_sender
 COMMON         0x00002850      0x240 contiki-sky.a(uip6.o)
                0x00002850                uip_len
                0x00002852                uip_sappdata
                0x00002854                uip_lladdr
                0x0000285c                uip_aligned_buf
                0x0000294c                uip_flags
                0x0000294e                uip_next_hdr
                0x00002950                uip_udp_conn
                0x00002952                uip_appdata
                0x00002954                uip_conn
                0x00002956                uip_slen
                0x00002958                uip_udp_conns
 COMMON         0x00002a90      0x15c contiki-sky.a(uip-ds6.o)
                0x00002a90                uip_ds6_timer_ra
                0x00002a98                uip_ds6_if
                0x00002b84                uip_ds6_netif_addr_list_offset
                0x00002b85                uip_ds6_addr_size
                0x00002b86                uip_ds6_prefix_list
                0x00002be0                uip_ds6_timer_periodic
 COMMON         0x00002bec        0x1 contiki-sky.a(tcpip.o)
                0x00002bec                tcpip_event
 *fill*         0x00002bed        0x1 00
 COMMON         0x00002bee       0xde contiki-sky.a(rpl-dag.o)
                0x00002bee                default_instance
                0x00002bf0                instance_table
 COMMON         0x00002ccc        0x8 contiki-sky.a(linkaddr.o)
                0x00002ccc                linkaddr_node_addr
 COMMON         0x00002cd4       0x2e contiki-sky.a(packetbuf.o)
                0x00002cd4                packetbuf_addrs
                0x00002ce4                packetbuf_attrs
                0x00002d02                . = ALIGN (0x2)
                0x00002d02                __bss_end = .
                0x00001af2                __bss_size = SIZEOF (.bss)

.noinit         0x00002d02        0x2 load address 0x0000f19e
                0x00002d02                . = ALIGN (0x2)
                0x00002d02                __noinit_start = .
 *(.noinit .noinit.*)
 .noinit.crt0   0x00002d02        0x2 /usr/local/msp430/bin/../lib/gcc/msp430/4.7.0/mmpy-16/libcrt0.a(__watchdog_support.o)
                0x00002d02                __wdt_clear_value
                0x00002d04                . = ALIGN (0x2)
                0x00002d04                __noinit_end = .
                0x00002d04                . = ALIGN (0x2)
                0x00002d04                _end = .

.infomem        0x00001000        0x0
                0x00001000                . = ALIGN (0x2)
 *(.infomem .infomem.*)

.infomemnobits  0x00001000        0x0
                0x00001000                . = ALIGN (0x2)
 *(.infomemnobits .infomemnobits.*)

.infoa          0x00001080        0x0
                0x00001080                . = ALIGN (0x2)
 *(.infoa .infoa.*)

.infob          0x00001000        0x0
                0x00001000                . = ALIGN (0x2)
 *(.infob .infob.*)

.infoc          0x00000000        0x0
                0x00000000                . = ALIGN (0x2)
 *(.infoc .infoc.*)

.infod          0x00000000        0x0
                0x00000000                . = ALIGN (0x2)
 *(.infod .infod.*)

.vectors        0x0000ffe0       0x20
                0x0000ffe0                __vectors_start = .
 *(.vectors*)
 .vectors       0x0000ffe0       0x20 /usr/local/msp430/bin/../lib/gcc/msp430/4.7.0/mmpy-16/crt0ivtbl16.o
                0x0000ffe0                __ivtbl_16
                0x00010000                _vectors_end = .

.fartext        0x00000000        0x0
                0x00000000                . = ALIGN (0x2)
 *(.fartext .fartext.*)

.far.text       0x00000000        0x0
                0x00000000                . = ALIGN (0x2)
 *(.far.text .far.text.*)

.far.rodata     0x00000000        0x0
                0x00000000                . = ALIGN (0x2)
 *(.far.rodata .far.rodata.*)
                0x00000000                . = ALIGN (0x2)
                0x00000000                _efartext = .

.far.data       0x00000000        0x0
                0x00000000                . = ALIGN (0x2)
                0x00000000                __far_data_start = .
 *(.far.data .far.data.*)
                0x00000000                . = ALIGN (0x2)
                0x00000000                _efardata = .
                0x00000000                __far_data_load_start = LOADADDR (.far.data)
                0x00000000                __far_data_size = SIZEOF (.far.data)

.far.bss        0x00000000        0x0
                0x00000000                . = ALIGN (0x2)
                0x00000000                __far_bss_start = .
 *(.far.bss .far.bss.*)
                0x00000000                . = ALIGN (0x2)
                0x00000000                __far_bss_end = .
                0x00000000                __far_bss_size = SIZEOF (.far.bss)
                0x00000000                . = ALIGN (0x2)
                0x00000000                _far_end = .

.profiler
 *(.profiler)

.stab           0x00000000    0x2a3f0
 *(.stab)
 .stab          0x00000000     0x1884 food_vending_machine.co
 .stab          0x00001884     0x129c obj_sky/contiki-sky-main.o
                               0x1b0c (size before relaxing)
 .stab          0x00002b20     0x10ec contiki-sky.a(er-coap-engine.)
                               0x2244 (size before relaxing)
 .stab          0x00003c0c      0xa14 contiki-sky.a(er-coap-transac)
                               0x1cc8 (size before relaxing)
 .stab          0x00004620      0xda4 contiki-sky.a(er-coap-observe)
                               0x20c4 (size before relaxing)
 .stab          0x000053c4      0x840 contiki-sky.a(er-coap-res-wel)
                               0x1c14 (size before relaxing)
 .stab          0x00005c04      0x810 contiki-sky.a(rest-engine.o)
                                0xdec (size before relaxing)
 .stab          0x00006414      0x258 contiki-sky.a(contiki-sky-pla)
                                0x5ac (size before relaxing)
 .stab          0x0000666c      0x468 contiki-sky.a(button-sensor.o)
                                0x7d4 (size before relaxing)
 .stab          0x00006ad4      0x618 contiki-sky.a(ds2411.o)
                                0xb34 (size before relaxing)
 .stab          0x000070ec      0x9d8 contiki-sky.a(xmem.o)
                                0xf00 (size before relaxing)
 .stab          0x00007ac4      0x2b8 contiki-sky.a(node-id.o)
                                0x4e0 (size before relaxing)
 .stab          0x00007d7c      0x69c contiki-sky.a(sensors.o)
                                0xbb8 (size before relaxing)
 .stab          0x00008418     0x255c contiki-sky.a(cc2420.o)
                               0x2c28 (size before relaxing)
 .stab          0x0000a974      0x5a0 contiki-sky.a(cc2420-arch.o)
                               0x171c (size before relaxing)
 .stab          0x0000af14      0x600 contiki-sky.a(uart1.o)
                                0x954 (size before relaxing)
 .stab          0x0000b514      0x27c contiki-sky.a(uart1-putchar.o)
                                0x7bc (size before relaxing)
 .stab          0x0000b790      0x72c contiki-sky.a(msp430.o)
                                0xa80 (size before relaxing)
 .stab          0x0000bebc      0x930 contiki-sky.a(clock.o)
                                0xc84 (size before relaxing)
 .stab          0x0000c7ec      0x5a0 contiki-sky.a(leds.o)
                                0x7ec (size before relaxing)
 .stab          0x0000cd8c      0x378 contiki-sky.a(leds-arch.o)
                                0x6cc (size before relaxing)
 .stab          0x0000d104      0x3cc contiki-sky.a(watchdog.o)
                                0x720 (size before relaxing)
 .stab          0x0000d4d0      0x3b4 contiki-sky.a(rtimer-arch.o)
                                0x708 (size before relaxing)
 .stab          0x0000d884      0x288 contiki-sky.a(autostart.o)
                                0x534 (size before relaxing)
 .stab          0x0000db0c      0x78c contiki-sky.a(ctimer.o)
                                0xaf8 (size before relaxing)
 .stab          0x0000e298      0x474 contiki-sky.a(energest.o)
                                0x6fc (size before relaxing)
 .stab          0x0000e70c      0x9fc contiki-sky.a(etimer.o)
                                0xccc (size before relaxing)
 .stab          0x0000f108      0xb70 contiki-sky.a(process.o)
                               0x1008 (size before relaxing)
 .stab          0x0000fc78      0x3cc contiki-sky.a(rtimer.o)
                                0x6b4 (size before relaxing)
 .stab          0x00010044      0x348 contiki-sky.a(timer.o)
                                0x588 (size before relaxing)
 .stab          0x0001038c      0x7bc contiki-sky.a(list.o)
                                0x7c8 (size before relaxing)
 .stab          0x00010b48      0x5c4 contiki-sky.a(memb.o)
                                0xaf8 (size before relaxing)
 .stab          0x0001110c      0x21c contiki-sky.a(random.o)
                                0x618 (size before relaxing)
 .stab          0x00011328     0x2190 contiki-sky.a(sicslowpan.o)
                               0x30d8 (size before relaxing)
 .stab          0x000134b8     0x14e8 contiki-sky.a(uip6.o)
                               0x20a0 (size before relaxing)
 .stab          0x000149a0     0x13bc contiki-sky.a(uip-ds6.o)
                               0x1f5c (size before relaxing)
 .stab          0x00015d5c      0xccc contiki-sky.a(uip-ds6-nbr.o)
                               0x1704 (size before relaxing)